******************************************************************************
                  TI ARM Linker PC v20.2.2                     
******************************************************************************
>> Linked Sun May 16 18:50:33 2021

OUTPUT FILE NAME:   <empty_EK_TM4C1294XL_TI.out>
ENTRY POINT SYMBOL: "_c_int00"  address: 000084ad


MEMORY CONFIGURATION

         name            origin    length      used     unused   attr    fill
----------------------  --------  ---------  --------  --------  ----  --------
  FLASH                 00000000   00100000  00011960  000ee6a0  R  X
  SRAM                  20000000   00040000  00001ebc  0003e144  RW X


SEGMENT ALLOCATION MAP

run origin  load origin   length   init length attrs members
----------  ----------- ---------- ----------- ----- -------
00000000    00000000    00011968   00011968    r-x
  00000000    00000000    0000003c   0000003c    r-- .resetVecs
  00000040    00000040    0000a84a   0000a84a    r-x .text
  0000a88c    0000a88c    00006e12   00006e12    r-- .const
  000116a0    000116a0    000002c8   000002c8    r-- .cinit
20000000    20000000    00001ec0   00000000    rw-
  20000000    20000000    00000360   00000000    rw- .vecs
  20000360    20000360    000012a8   00000000    rw- .bss
  20001608    20001608    000005b4   00000000    rw- .data
  20001bc0    20001bc0    00000300   00000000    rw- .stack


SECTION ALLOCATION MAP

 output                                  attributes/
section   page    origin      length       input sections
--------  ----  ----------  ----------   ----------------
.text      0    00000040    0000a84a     
                  00000040    00000a4e     rtsv7M4_T_le_v4SPD16_eabi.lib : _printfi.c.obj (.text:__TI_printfi)
                  00000a8e    00000002                                   : _lock.c.obj (.text:_nop)
                  00000a90    00000430     sysbios.aem4f : BIOS.obj (.text:ti_sysbios_family_arm_m3_Hwi_excDumpRegs__I)
                  00000ec0    00000374     grlib.lib : image.obj (.text:InternalImageDraw)
                  00001234    0000034c     ti.targets.arm.rtsarm.aem4f : System.oem4f (.text:xdc_runtime_System_doPrint__I)
                  00001580    000002f8     grlib.lib : image.obj (.text:PixelTransparentDraw)
                  00001878    000002d0     sysbios.aem4f : BIOS.obj (.text:ti_sysbios_knl_Semaphore_pend__E)
                  00001b48    000002c6     grlib.lib : slider.obj (.text:SliderPaint)
                  00001e0e    00000002     rtsv7M4_T_le_v4SPD16_eabi.lib : div0.asm.obj (.text)
                  00001e10    00000278     frame.obj (.text:FrameDraw)
                  00002088    00000270     rtsv7M4_T_le_v4SPD16_eabi.lib : _printfi.c.obj (.text:_pconv_a)
                  000022f8    0000026c     sysbios.aem4f : BIOS.obj (.text:ti_sysbios_heaps_HeapMem_free__E)
                  00002564    00000268     touch.obj (.text:TouchScreenDebouncer)
                  000027cc    00000254     grlib.lib : string.obj (.text:GrFontGlyphRender)
                  00002a20    00000250     sysbios.aem4f : BIOS.obj (.text:ti_sysbios_heaps_HeapMem_alloc__E)
                  00002c70    00000234                   : BIOS.obj (.text:ti_sysbios_knl_Task_Instance_finalize__E)
                  00002ea4    00000208     grlib.lib : circle.obj (.text:GrCircleDraw)
                  000030ac    00000204     Boot.aem4f : Boot_sysctl.oem4f (.text:ti_catalog_arm_cortexm4_tiva_ce_Boot_sysCtlClockFreqSetI__I)
                  000032b0    000001f4     sysbios.aem4f : BIOS.obj (.text:ti_sysbios_family_arm_m3_Hwi_excHandlerMax__I)
                  000034a4    000001e4     Kentec320x240x16_ssd2119_spi.obj (.text:Kentec320x240x16_SSD2119Init)
                  00003688    000001dc     Kentec320x240x16_ssd2119_spi.obj (.text:Kentec320x240x16_SSD2119PixelDrawMultiple)
                  00003864    000001d0     rtsv7M4_T_le_v4SPD16_eabi.lib : _printfi.c.obj (.text:_pconv_g)
                  00003a34    00000004     driverlib.lib : i2c.obj (.text:I2CMasterControl)
                  00003a38    000001c0     sysbios.aem4f : BIOS.obj (.text:ti_sysbios_knl_Task_Instance_init__E)
                  00003bf8    000001b6     rtsv7M4_T_le_v4SPD16_eabi.lib : fd_add_t2.asm.obj (.text)
                  00003dae    00000002     empty_pem4f.oem4f (.text:ti_sysbios_BIOS_nullFunc__I)
                  00003db0    000001a4     pinout.obj (.text:PinoutSet)
                  00003f54    00000190     grlib.lib : canvas.obj (.text:CanvasPaint)
                  000040e4    00000178     touch.obj (.text:TouchScreenIntHandler)
                  0000425c    00000004     driverlib.lib : i2c.obj (.text:I2CMasterDataGet)
                  00004260    00000174     sysbios.aem4f : BIOS.obj (.text:ti_sysbios_family_arm_m3_Hwi_excBusFault__I)
                  000043d4    0000016e     grlib.lib : pushbutton.obj (.text:CircularButtonPaint)
                  00004542    00000006     driverlib.lib : gpio.obj (.text:GPIOIntClear)
                  00004548    00000164     sysbios.aem4f : BIOS.obj (.text:ti_sysbios_family_arm_m3_Hwi_excUsageFault__I)
                  000046ac    00000150     drivers_tivaware.aem4f : GPIOTiva.oem4f (.text:GPIO_setConfig)
                  000047fc    00000004     driverlib.lib : i2c.obj (.text:I2CMasterDataPut)
                  00004800    00000148     sysbios.aem4f : BIOS.obj (.text:ti_sysbios_family_arm_m3_Hwi_excMemFault__I)
                  00004948    00000144     grlib.lib : circle.obj (.text:GrCircleFill)
                  00004a8c    0000013c     rtsv7M4_T_le_v4SPD16_eabi.lib : _printfi.c.obj (.text:_pconv_e)
                  00004bc8    0000013c     sysbios.aem4f : BIOS.obj (.text:ti_sysbios_heaps_HeapMem_Instance_init__E)
                  00004d04    00000136     rtsv7M4_T_le_v4SPD16_eabi.lib : fd_div_t2.asm.obj (.text)
                  00004e3a    00000006     driverlib.lib : gpio.obj (.text:GPIOPinRead)
                  00004e40    00000134     sysbios.aem4f : BIOS.obj (.text:ti_sysbios_family_arm_lm4_Timer_start__E)
                  00004f74    00000130     driverlib.lib : gpio.obj (.text:GPIOPadConfigSet)
                  000050a4    00000130     empty.obj (.text:main)
                  000051d4    00000124     rtsv7M4_T_le_v4SPD16_eabi.lib : _printfi.c.obj (.text:fcvt)
                  000052f8    00000118     ti.targets.arm.rtsarm.aem4f : Error.oem4f (.text:xdc_runtime_Error_policyDefault__E)
                  00005410    00000110     rtsv7M4_T_le_v4SPD16_eabi.lib : s_scalbn.c.obj (.text:scalbn)
                  00005520    0000010c     Kentec320x240x16_ssd2119_spi.obj (.text:Kentec320x240x16_SSD2119RectFill)
                  0000562c    0000010c     touch.obj (.text:TouchScreenInit)
                  00005738    00000100     ti.targets.arm.rtsarm.aem4f : Core-mem.oem4f (.text:xdc_runtime_Core_createObject__I)
                  00005838    000000fc     rtsv7M4_T_le_v4SPD16_eabi.lib : fd_mul_t2.asm.obj (.text)
                  00005934    000000f8     ti.targets.arm.rtsarm.aem4f : Startup.oem4f (.text:xdc_runtime_Startup_startMods__I)
                  00005a2c    000000f8     empty_pem4f.oem4f (.text:xdc_runtime_System_printfExtend__I)
                  00005b24    000000f4     sysbios.aem4f : m3_Hwi_asm.obj (.text:ti_sysbios_family_arm_m3_Hwi_dispatch__I)
                  00005c18    000000ec                   : BIOS.obj (.text:ti_sysbios_knl_Semaphore_post__E)
                  00005d04    000000e8     grlib.lib : widget.obj (.text:WidgetMessageQueueAdd)
                  00005dec    000000e0     drivers_tivaware.aem4f : I2CTiva.oem4f (.text:I2CTiva_open)
                  00005ecc    000000d6                            : I2CTiva.oem4f (.text:I2CTiva_hwiFxn)
                  00005fa2    000000d6     grlib.lib : slider.obj (.text:SliderClick)
                  00006078    000000d4               : pushbutton.obj (.text:CircularButtonClick)
                  0000614c    000000cc     ti.targets.arm.rtsarm.aem4f : Core-smem.oem4f (.text:xdc_runtime_Core_constructObject__I)
                  00006218    000000c0     grlib.lib : string.obj (.text:GrDefaultStringRenderer)
                  000062d8    000000bc     sysbios.aem4f : BIOS.obj (.text:ti_sysbios_family_arm_m3_Hwi_excDebugMon__I)
                  00006394    00000004     grlib.lib : widget.obj (.text:WidgetDefaultMsgProc)
                  00006398    000000bc     sysbios.aem4f : BIOS.obj (.text:ti_sysbios_family_arm_m3_Hwi_excHardFault__I)
                  00006454    000000b8     EK_TM4C1294XL.obj (.text:EK_TM4C1294XL_initGeneral)
                  0000650c    000000b8     Kentec320x240x16_ssd2119_spi.obj (.text:InitSPILCDInterface)
                  000065c4    000000b4     grlib.lib : widget.obj (.text:WidgetMessageSendPostOrder)
                  00006678    000000b4     sysbios.aem4f : BIOS.obj (.text:ti_sysbios_gates_GateMutex_enter__E)
                  0000672c    00000004     rtsv7M4_T_le_v4SPD16_eabi.lib : exit.c.obj (.text:abort:abort)
                  00006730    000000b4     sysbios.aem4f : BIOS.obj (.text:ti_sysbios_knl_Task_checkStacks__E)
                  000067e4    000000b1     rtsv7M4_T_le_v4SPD16_eabi.lib : _printfi.c.obj (.text:_ltostr)
                  00006895    00000001     --HOLE-- [fill = 0]
                  00006896    000000b0     grlib.lib : slider.obj (.text:SliderValueToPosition)
                  00006946    00000002     empty_pem4f.oem4f (.text:xdc_runtime_Startup_reset__I)
                  00006948    000000ac     sysbios.aem4f : BIOS.obj (.text:ti_sysbios_family_arm_lm4_Timer_enableTiva__I)
                  000069f4    00000004     empty_pem4f.oem4f (.text:ti_sysbios_BIOS_RtsGateProxy_enter__E)
                  000069f8    000000a8     sysbios.aem4f : BIOS.obj (.text:ti_sysbios_family_arm_lm4_Timer_enableTimers__I)
                  00006aa0    000000a8                   : BIOS.obj (.text:ti_sysbios_knl_Task_postInit__I)
                  00006b48    000000a0     auto_init.aem4f : auto_init.oem4f (.text)
                  00006be8    000000a0     ti.targets.arm.rtsarm.aem4f : Text.oem4f (.text:xdc_runtime_Text_putMod__E)
                  00006c88    0000009c     rtsv7M4_T_le_v4SPD16_eabi.lib : memcpy_t2.asm.obj (.text)
                  00006d24    00000004     empty_pem4f.oem4f (.text:ti_sysbios_BIOS_RtsGateProxy_leave__E)
                  00006d28    0000009c     sysbios.aem4f : BIOS.obj (.text:ti_sysbios_knl_Semaphore_Instance_init__E)
                  00006dc4    0000009a     ti.targets.arm.rtsarm.aem4f : Text.oem4f (.text:xdc_runtime_Text_putSite__E)
                  00006e5e    00000002     --HOLE-- [fill = 0]
                  00006e60    00000098     Boot.aem4f : Boot.oem4f (.text:ti_catalog_arm_cortexm4_tiva_ce_Boot_sysCtlClockFreqSet__E)
                  00006ef8    00000096     rtsv7M4_T_le_v4SPD16_eabi.lib : ull_div_t2.asm.obj (.text)
                  00006f8e    00000002     --HOLE-- [fill = 0]
                  00006f90    00000094     sysbios.aem4f : BIOS.obj (.text:ti_sysbios_family_arm_m3_Hwi_Instance_init__E)
                  00007024    00000004                   : BIOS.obj (.text:ti_sysbios_family_arm_lm4_Timer_masterEnable__I)
                  00007028    00000094                   : BIOS.obj (.text:ti_sysbios_family_arm_m3_Hwi_initNVIC__E)
                  000070bc    0000008c     drivers_tivaware.aem4f : GPIOTiva.oem4f (.text:GPIO_init)
                  00007148    0000008c     sysbios.aem4f : m3_TaskSupport_asm.obj (.text:ti_sysbios_family_arm_m3_TaskSupport_buildTaskStack)
                  000071d4    00000086     grlib.lib : rectangle.obj (.text:GrRectFill)
                  0000725a    00000086     rtsv7M4_T_le_v4SPD16_eabi.lib : fd_cmp_t2.asm.obj (.text:__aeabi_cdcmple)
                  000072e0    00000086                                   : fd_cmp_t2.asm.obj (.text:__aeabi_cdrcmple)
                  00007366    00000002     --HOLE-- [fill = 0]
                  00007368    00000084     empty.obj (.text:StartStopBttnPress)
                  000073ec    00000004     empty_pem4f.oem4f (.text:ti_sysbios_family_arm_m3_Hwi_destruct)
                  000073f0    00000084     sysbios.aem4f : BIOS.obj (.text:ti_sysbios_family_arm_m3_Hwi_postInit__I)
                  00007474    00000080     grlib.lib : rectangle.obj (.text:GrRectIntersectGet)
                  000074f4    0000007e     drivers_tivaware.aem4f : I2CTiva.oem4f (.text:I2CTiva_transfer)
                  00007572    0000007a     driverlib.lib : adc.obj (.text:ADCSequenceStepConfigure)
                  000075ec    0000007a     rtsv7M4_T_le_v4SPD16_eabi.lib : memset_t2.asm.obj (.text)
                  00007666    00000002     --HOLE-- [fill = 0]
                  00007668    00000070     sysbios.aem4f : BIOS.obj (.text:ti_sysbios_knl_Clock_workFunc__E)
                  000076d8    00000070                   : BIOS.obj (.text:ti_sysbios_knl_Task_exit__E)
                  00007748    0000006e     rtsv7M4_T_le_v4SPD16_eabi.lib : _printfi.c.obj (.text:_mcpy)
                  000077b6    00000002     --HOLE-- [fill = 0]
                  000077b8    0000006d     ti.targets.arm.rtsarm.aem4f : System.oem4f (.text:xdc_runtime_System_formatNum__I)
                  00007825    00000003     --HOLE-- [fill = 0]
                  00007828    0000006c     sysbios.aem4f : BIOS.obj (.text:ti_sysbios_knl_Swi_restoreHwi__E)
                  00007894    0000006c     ti.targets.arm.rtsarm.aem4f : Error.oem4f (.text:xdc_runtime_Error_print__E)
                  00007900    0000006c                                 : Memory.oem4f (.text:xdc_runtime_Memory_alloc__E)
                  0000796c    00000068     EK_TM4C1294XL.obj (.text:EK_TM4C1294XL_initI2C)
                  000079d4    00000068     grlib.lib : context.obj (.text:GrContextInit)
                  00007a3c    00000068               : string.obj (.text:GrStringWidthGet)
                  00007aa4    00000068     driverlib.lib : interrupt.obj (.text:IntEnable)
                  00007b0c    00000068     Kentec320x240x16_ssd2119_spi.obj (.text:Kentec320x240x16_SSD2119LineDrawH)
                  00007b74    00000068     Kentec320x240x16_ssd2119_spi.obj (.text:Kentec320x240x16_SSD2119LineDrawV)
                  00007bdc    00000068     rtsv7M4_T_le_v4SPD16_eabi.lib : copy_decompress_lzss.c.obj (.text:decompress:lzss:__TI_decompress_lzss)
                  00007c44    00000066     grlib.lib : context.obj (.text:GrContextClipRegionSet)
                  00007caa    00000066               : rectangle.obj (.text:GrRectDraw)
                  00007d10    00000066     ti.targets.arm.rtsarm.aem4f : Core-mem.oem4f (.text:xdc_runtime_Core_deleteObject__I)
                  00007d76    00000002     --HOLE-- [fill = 0]
                  00007d78    00000064     drivers_tivaware.aem4f : GPIOTiva.oem4f (.text:GPIO_hwiIntFxn)
                  00007ddc    00000064     grlib.lib : widget.obj (.text:WidgetMessageQueueProcess)
                  00007e40    00000064     rtsv7M4_T_le_v4SPD16_eabi.lib : s_frexp.c.obj (.text:frexp)
                  00007ea4    00000004     empty_pem4f.oem4f (.text:ti_sysbios_family_arm_m3_TaskSupport_Module__startupDone__S)
                  00007ea8    00000064     sysbios.aem4f : BIOS.obj (.text:ti_sysbios_family_arm_lm4_Timer_Module_startup__E)
                  00007f0c    00000064     empty_pem4f.oem4f (.text:ti_sysbios_family_arm_m3_Hwi_create)
                  00007f70    00000064     sysbios.aem4f : BIOS.obj (.text:ti_sysbios_family_arm_m3_Hwi_dispatchC__I)
                  00007fd4    00000062     drivers_tivaware.aem4f : I2CTiva.oem4f (.text:I2CTiva_primeTransfer)
                  00008036    00000002     --HOLE-- [fill = 0]
                  00008038    00000060     driverlib.lib : timer.obj (.text:TimerConfigure)
                  00008098    00000060     Kentec320x240x16_ssd2119_spi.obj (.text:WriteDataSPI)
                  000080f8    00000060     sysbios.aem4f : BIOS.obj (.text:ti_sysbios_family_arm_lm4_Timer_isrStub__E)
                  00008158    00000060                   : BIOS.obj (.text:ti_sysbios_knl_Task_schedule__I)
                  000081b8    0000005e     grlib.lib : widget.obj (.text:WidgetMessageSendPreOrder)
                  00008216    00000002     --HOLE-- [fill = 0]
                  00008218    0000005c     Kentec320x240x16_ssd2119_spi.obj (.text:WriteCommandSPI)
                  00008274    00000004     empty_pem4f.oem4f (.text:ti_sysbios_heaps_HeapMem_Module_GateProxy_enter__E)
                  00008278    0000005c     sysbios.aem4f : BIOS.obj (.text:ti_sysbios_knl_Swi_run__I)
                  000082d4    00000004     empty_pem4f.oem4f (.text:ti_sysbios_heaps_HeapMem_Module_GateProxy_leave__E)
                  000082d8    0000005c     sysbios.aem4f : BIOS.obj (.text:ti_sysbios_knl_Swi_schedule__I)
                  00008334    00000004     empty_pem4f.oem4f (.text:ti_sysbios_knl_Clock_TimerProxy_getMaxTicks__E)
                  00008338    0000005c     sysbios.aem4f : BIOS.obj (.text:ti_sysbios_knl_Task_Module_startup__E)
                  00008394    00000004     empty_pem4f.oem4f (.text:ti_sysbios_knl_Queue_destruct)
                  00008398    0000005c     sysbios.aem4f : BIOS.obj (.text:ti_sysbios_knl_Task_startCore__E)
                  000083f4    0000005b     ti.targets.arm.rtsarm.aem4f : Text.oem4f (.text:xdc_runtime_Text_putLab__E)
                  0000844f    00000001     --HOLE-- [fill = 0]
                  00008450    0000005a     grlib.lib : string.obj (.text:FontWideGlyphDataGet)
                  000084aa    00000002     --HOLE-- [fill = 0]
                  000084ac    00000058     boot.aem4f : boot.oem4f (.text)
                  00008504    00000058     rtsv7M4_T_le_v4SPD16_eabi.lib : hostwrite.c.obj (.text:HOSTwrite)
                  0000855c    00000058     grlib.lib : slider.obj (.text:SliderPositionToValue)
                  000085b4    00000058     driverlib.lib : timer.obj (.text:TimerControlTrigger)
                  0000860c    00000058     empty_pem4f.oem4f (.text:ti_sysbios_family_arm_m3_Hwi_construct)
                  00008664    00000058     sysbios.aem4f : m3_Hwi_asm_switch.obj (.text:ti_sysbios_family_arm_m3_Hwi_initStacks__E)
                  000086bc    00000056     driverlib.lib : gpio.obj (.text:GPIOIntTypeSet)
                  00008712    00000056     rtsv7M4_T_le_v4SPD16_eabi.lib : _printfi.c.obj (.text:_pconv_f)
                  00008768    00000054     empty.obj (.text:OnSliderChange)
                  000087bc    00000054     rtsv7M4_T_le_v4SPD16_eabi.lib : _ltoa.c.obj (.text:__TI_ltoa)
                  00008810    00000054     empty_pem4f.oem4f (.text:ti_sysbios_knl_Task_construct)
                  00008864    00000054     ti.targets.arm.rtsarm.aem4f : Assert.oem4f (.text:xdc_runtime_Assert_raise__I)
                  000088b8    00000052     rtsv7M4_T_le_v4SPD16_eabi.lib : _printfi.c.obj (.text:_ecpy)
                  0000890a    00000002     --HOLE-- [fill = 0]
                  0000890c    00000050     drivers_tivaware.aem4f : GPIOTiva.oem4f (.text:GPIO_setCallback)
                  0000895c    00000050                            : GPIOTiva.oem4f (.text:GPIO_toggle)
                  000089ac    00000050                            : GPIOTiva.oem4f (.text:GPIO_write)
                  000089fc    00000050     Boot.aem4f : Boot_sysctl.oem4f (.text:_SysCtlFrequencyGet)
                  00008a4c    00000004     empty_pem4f.oem4f (.text:ti_sysbios_knl_Semaphore_destruct)
                  00008a50    00000050     sysbios.aem4f : BIOS.obj (.text:ti_sysbios_family_arm_m3_Hwi_Module_startup__E)
                  00008aa0    00000050     ti.targets.arm.rtsarm.aem4f : Startup.oem4f (.text:xdc_runtime_Startup_exec__E)
                  00008af0    00000050                                 : Text.oem4f (.text:xdc_runtime_Text_visitRope2__I)
                  00008b40    0000004c     rtsv7M4_T_le_v4SPD16_eabi.lib : atoi.c.obj (.text:atoi)
                  00008b8c    0000004c                                   : cpy_tbl.c.obj (.text:copy_in)
                  00008bd8    0000004c     sysbios.aem4f : BIOS.obj (.text:ti_sysbios_heaps_HeapMem_getStats__E)
                  00008c24    00000004     ti.targets.arm.rtsarm.aem4f : Error.oem4f (.text:xdc_runtime_Error_getSite__E)
                  00008c28    0000004c     sysbios.aem4f : BIOS.obj (.text:ti_sysbios_knl_Swi_runLoop__I)
                  00008c74    00000004     empty_pem4f.oem4f (.text:xdc_runtime_System_Module_GateProxy_enter__E)
                  00008c78    0000004c     sysbios.aem4f : BIOS.obj (.text:ti_sysbios_knl_Task_allBlockedFunction__I)
                  00008cc4    0000004a     grlib.lib : string.obj (.text:UpdateContextCharMapping)
                  00008d0e    00000002     --HOLE-- [fill = 0]
                  00008d10    00000048     driverlib.lib : gpio.obj (.text:GPIOPinConfigure)
                  00008d58    00000048                   : i2c.obj (.text:I2CMasterInitExpClk)
                  00008da0    00000048     rtsv7M4_T_le_v4SPD16_eabi.lib : fd_toi_t2.asm.obj (.text)
                  00008de8    00000048     sysbios.aem4f : BIOS.obj (.text:ti_sysbios_family_arm_m3_Hwi_disableInterrupt__E)
                  00008e30    00000048                   : BIOS.obj (.text:ti_sysbios_family_arm_m3_Hwi_enableInterrupt__E)
                  00008e78    00000048                   : BIOS.obj (.text:ti_sysbios_family_arm_m3_Hwi_excReserved__I)
                  00008ec0    00000046     grlib.lib : line.obj (.text:GrLineDrawH)
                  00008f06    00000046               : line.obj (.text:GrLineDrawV)
                  00008f4c    00000046     Kentec320x240x16_ssd2119_spi.obj (.text:Kentec320x240x16_SSD2119PixelDraw)
                  00008f92    00000046     ti.targets.arm.rtsarm.aem4f : Core-params.oem4f (.text:xdc_runtime_Core_assignParams__I)
                  00008fd8    00000044     sysbios.aem4f : BIOS.obj (.text:ti_sysbios_family_arm_m3_Hwi_getStackInfo__E)
                  0000901c    00000004     empty_pem4f.oem4f (.text:xdc_runtime_System_Module_GateProxy_leave__E)
                  00009020    00000044     sysbios.aem4f : BIOS.obj (.text:ti_sysbios_knl_Swi_post__E)
                  00009064    00000044     ti.targets.arm.rtsarm.aem4f : Error.oem4f (.text:xdc_runtime_Error_setX__E)
                  000090a8    00000044                                 : SysMin.oem4f (.text:xdc_runtime_SysMin_flush__E)
                  000090ec    00000044                                 : Text.oem4f (.text:xdc_runtime_Text_xprintf__I)
                  00009130    00000040     empty.obj (.text:heartBeatFxn)
                  00009170    00000040     rtsv7M4_T_le_v4SPD16_eabi.lib : u_divt2.asm.obj (.text)
                  000091b0    00000040                                   : sprintf.c.obj (.text:sprintf)
                  000091f0    00000040     sysbios.aem4f : BIOS.obj (.text:ti_sysbios_family_arm_lm4_Timer_startup__E)
                  00009230    0000003e     driverlib.lib : adc.obj (.text:ADCSequenceConfigure)
                  0000926e    0000003e     rtsv7M4_T_le_v4SPD16_eabi.lib : _printfi.c.obj (.text:_fcpy)
                  000092ac    0000003c     driverlib.lib : ssi.obj (.text:SSIConfigSetExpClk)
                  000092e8    0000003c     sysbios.aem4f : BIOS.obj (.text:ti_sysbios_family_arm_m3_Hwi_excSvCall__I)
                  00009324    00000004     ti.targets.arm.rtsarm.aem4f : System.oem4f (.text:xdc_runtime_System_aprintf_va__F)
                  00009328    0000003c     sysbios.aem4f : BIOS.obj (.text:ti_sysbios_heaps_HeapMem_init__I)
                  00009364    00000004     ti.targets.arm.rtsarm.aem4f : System.oem4f (.text:xdc_runtime_System_printf_va__F)
                  00009368    0000003c     sysbios.aem4f : BIOS.obj (.text:ti_sysbios_knl_Swi_restore__E)
                  000093a4    0000003a     grlib.lib : string.obj (.text:FontGlyphDataGet)
                  000093de    0000003a     drivers_tivaware.aem4f : I2CTiva.oem4f (.text:I2CTiva_completeTransfer)
                  00009418    00000038     grlib.lib : rectangle.obj (.text:GrRectOverlapCheck)
                  00009450    00000038     drivers_tivaware.aem4f : I2C.oem4f (.text:I2C_init)
                  00009488    00000038     rtsv7M4_T_le_v4SPD16_eabi.lib : trgmsg.c.obj (.text:__TI_writemsg)
                  000094c0    00000038     sysbios.aem4f : BIOS.obj (.text:ti_sysbios_family_arm_m3_Hwi_excNoIsr__I)
                  000094f8    00000038                   : BIOS.obj (.text:ti_sysbios_knl_Task_processVitalTaskFlag__I)
                  00009530    00000038     ti.targets.arm.rtsarm.aem4f : SysMin.oem4f (.text:xdc_runtime_SysMin_putch__E)
                  00009568    00000038                                 : System.oem4f (.text:xdc_runtime_System_atexit__E)
                  000095a0    00000036     drivers_tivaware.aem4f : I2CTiva.oem4f (.text:I2CTiva_close)
                  000095d6    00000002     --HOLE-- [fill = 0]
                  000095d8    00000034     driverlib.lib : sysctl.obj (.text:SysCtlPeripheralEnable)
                  0000960c    00000034     rtsv7M4_T_le_v4SPD16_eabi.lib : trgmsg.c.obj (.text:__TI_readmsg)
                  00009640    00000034     sysbios.aem4f : BIOS.obj (.text:ti_sysbios_family_arm_m3_Hwi_Instance_finalize__E)
                  00009674    00000004     --HOLE-- [fill = 0]
                  00009678    00000034                   : BIOS.obj (.text:ti_sysbios_family_arm_m3_Hwi_excNmi__I)
                  000096ac    00000004     --HOLE-- [fill = 0]
                  000096b0    00000034                   : BIOS.obj (.text:ti_sysbios_hal_Hwi_checkStack)
                  000096e4    00000034     ti.targets.arm.rtsarm.aem4f : Core-label.oem4f (.text:xdc_runtime_Core_assignLabel__I)
                  00009718    00000033                                 : Text.oem4f (.text:xdc_runtime_Text_printVisFxn__I)
                  0000974b    00000005     --HOLE-- [fill = 0]
                  00009750    00000032     sysbios.aem4f : BIOS.obj (.text:ti_sysbios_hal_Hwi_initStack)
                  00009782    00000002     --HOLE-- [fill = 0]
                  00009784    00000030     empty_pem4f.oem4f (.text:ti_sysbios_BIOS_atExitFunc__I)
                  000097b4    00000004     --HOLE-- [fill = 0]
                  000097b8    00000030     sysbios.aem4f : BIOS.obj (.text:ti_sysbios_family_arm_lm4_Timer_stop__E)
                  000097e8    00000030                   : BIOS.obj (.text:ti_sysbios_family_arm_m3_TaskSupport_start__E)
                  00009818    00000030     empty_pem4f.oem4f (.text:ti_sysbios_gates_GateHwi_Object__create__S)
                  00009848    00000030     empty_pem4f.oem4f (.text:ti_sysbios_gates_GateMutex_Object__create__S)
                  00009878    00000030     empty_pem4f.oem4f (.text:ti_sysbios_heaps_HeapMem_Object__create__S)
                  000098a8    00000030     empty_pem4f.oem4f (.text:ti_sysbios_knl_Semaphore_construct)
                  000098d8    00000030     sysbios.aem4f : BIOS.obj (.text:ti_sysbios_knl_Semaphore_pendTimeout__I)
                  00009908    00000030                   : BIOS.obj (.text:ti_sysbios_knl_Task_unblockI__E)
                  00009938    00000030     ti.targets.arm.rtsarm.aem4f : SysMin.oem4f (.text:xdc_runtime_SysMin_abort__E)
                  00009968    00000030                                 : System.oem4f (.text:xdc_runtime_System_processAtExit__E)
                  00009998    0000002e     grlib.lib : string.obj (.text:GrStringNextCharGet)
                  000099c6    0000002e     rtsv7M4_T_le_v4SPD16_eabi.lib : i_tofd_t2.asm.obj (.text)
                  000099f4    0000002c     grlib.lib : pushbutton.obj (.text:CircularButtonMsgProc)
                  00009a20    0000002c               : string.obj (.text:GrFontBaselineGet)
                  00009a4c    0000002c               : string.obj (.text:GrFontHeightGet)
                  00009a78    0000002c               : slider.obj (.text:SliderMsgProc)
                  00009aa4    0000002c               : widget.obj (.text:WidgetIsInTree)
                  00009ad0    0000002c     empty_pem4f.oem4f (.text:ti_sysbios_knl_Clock_doTick__I)
                  00009afc    0000002c     empty_pem4f.oem4f (.text:ti_sysbios_knl_Queue_construct)
                  00009b28    0000002c     sysbios.aem4f : BIOS.obj (.text:ti_sysbios_knl_Task_restore__E)
                  00009b54    0000002c     ti.targets.arm.rtsarm.aem4f : Text.oem4f (.text:xdc_runtime_Text_cordText__E)
                  00009b80    0000002a     driverlib.lib : gpio.obj (.text:GPIODirModeSet)
                  00009baa    0000002a     ti.targets.arm.rtsarm.aem4f : System.oem4f (.text:xdc_runtime_System_putchar__I)
                  00009bd4    00000028     Kentec320x240x16_ssd2119_spi.obj (.text:Kentec320x240x16_SSD2119ColorTranslate)
                  00009bfc    00000004     --HOLE-- [fill = 0]
                  00009c00    00000028     sysbios.aem4f : BIOS.obj (.text:ti_sysbios_knl_Swi_Module_startup__E)
                  00009c28    00000026     grlib.lib : string.obj (.text:GrFontInfoGet)
                  00009c4e    00000026     sysbios.aem4f : m3_Hwi_asm.obj (.text:ti_sysbios_family_arm_m3_Hwi_pendSV__I)
                  00009c74    00000026     ti.targets.arm.rtsarm.aem4f : System.oem4f (.text:xdc_runtime_System_avprintf__E)
                  00009c9a    00000002     --HOLE-- [fill = 0]
                  00009c9c    00000024     empty_pem4f.oem4f (.text:ti_sysbios_BIOS_errorRaiseHook__I)
                  00009cc0    00000024     empty_pem4f.oem4f (.text:ti_sysbios_BIOS_registerRTSLock__I)
                  00009ce4    00000024     empty_pem4f.oem4f (.text:ti_sysbios_BIOS_removeRTSLock__I)
                  00009d08    00000024     empty_pem4f.oem4f (.text:ti_sysbios_BIOS_startFunc__I)
                  00009d2c    00000024     empty_pem4f.oem4f (.text:ti_sysbios_gates_GateMutex_Object__delete__S)
                  00009d50    00000024     sysbios.aem4f : BIOS.obj (.text:ti_sysbios_knl_Clock_Module_startup__E)
                  00009d74    00000004     --HOLE-- [fill = 0]
                  00009d78    00000024                   : BIOS.obj (.text:ti_sysbios_knl_Task_restoreHwi__E)
                  00009d9c    00000024     ti.targets.arm.rtsarm.aem4f : System.oem4f (.text:xdc_runtime_System_vprintf__E)
                  00009dc0    00000022     grlib.lib : string.obj (.text:GrFontGlyphDataGet)
                  00009de2    00000006     driverlib.lib : gpio.obj (.text:GPIOPinWrite)
                  00009de8    00000022     sysbios.aem4f : BIOS.obj (.text:ti_sysbios_family_arm_lm4_Timer_write__I)
                  00009e0a    00000022     empty_pem4f.oem4f (.text:xdc_runtime_SysMin_output__I)
                  00009e2c    00000020     Boot.aem4f : Boot_sysctl.oem4f (.text:_SysCtlMemTimingGet)
                  00009e4c    00000020     empty_pem4f.oem4f (.text:ti_sysbios_BIOS_rtsLock__I)
                  00009e6c    00000020     sysbios.aem4f : m3_Hwi_asm.obj (.text:ti_sysbios_family_arm_m3_Hwi_excHandlerAsm__I)
                  00009e8c    00000004     --HOLE-- [fill = 0]
                  00009e90    00000020                   : BIOS.obj (.text:ti_sysbios_family_arm_m3_Hwi_excHandler__I)
                  00009eb0    00000020     empty_pem4f.oem4f (.text:ti_sysbios_gates_GateHwi_Object__delete__S)
                  00009ed0    00000020     empty_pem4f.oem4f (.text:ti_sysbios_heaps_HeapMem_Object__delete__S)
                  00009ef0    00000020     sysbios.aem4f : BIOS.obj (.text:ti_sysbios_knl_Idle_run__E)
                  00009f10    00000020     empty_pem4f.oem4f (.text:ti_sysbios_knl_Semaphore_Object__destruct__S)
                  00009f30    00000020     ti.targets.arm.rtsarm.aem4f : Registry.oem4f (.text:xdc_runtime_Registry_findById__E)
                  00009f50    00000020                                 : SysMin.oem4f (.text:xdc_runtime_SysMin_Module_startup__E)
                  00009f70    0000001e     grlib.lib : string.obj (.text:GrFontCodepageGet)
                  00009f8e    0000001e               : widget.obj (.text:WidgetAdd)
                  00009fac    0000001e     sysbios.aem4f : m3_Hwi_asm_switch.obj (.text:ti_sysbios_family_xxx_Hwi_switchAndRunFunc)
                  00009fca    00000002     --HOLE-- [fill = 0]
                  00009fcc    0000001c     grlib.lib : widget.obj (.text:WidgetPointerMessage)
                  00009fe8    0000001c     drivers_tivaware.aem4f : GPIOTiva.oem4f (.text:getGpioIntIndex)
                  0000a004    0000001c     rtsv7M4_T_le_v4SPD16_eabi.lib : memccpy.c.obj (.text:memccpy)
                  0000a020    0000001c     empty_pem4f.oem4f (.text:ti_sysbios_family_arm_m3_Hwi_Object__destruct__S)
                  0000a03c    00000004     --HOLE-- [fill = 0]
                  0000a040    0000001c     sysbios.aem4f : BIOS.obj (.text:ti_sysbios_gates_GateMutex_Instance_init__E)
                  0000a05c    0000001c     empty_pem4f.oem4f (.text:ti_sysbios_knl_Queue_Object__destruct__S)
                  0000a078    0000001c     sysbios.aem4f : BIOS.obj (.text:ti_sysbios_knl_Task_enter__I)
                  0000a094    0000001c     ti.targets.arm.rtsarm.aem4f : Error.oem4f (.text:xdc_runtime_Error_raiseX__E)
                  0000a0b0    0000001c                                 : Memory.oem4f (.text:xdc_runtime_Memory_valloc__E)
                  0000a0cc    0000001c                                 : SysMin.oem4f (.text:xdc_runtime_SysMin_exit__E)
                  0000a0e8    0000001c                                 : System.oem4f (.text:xdc_runtime_System_abort__E)
                  0000a104    0000001a     rtsv7M4_T_le_v4SPD16_eabi.lib : s_copysign.c.obj (.text:copysign)
                  0000a11e    0000001a     empty_pem4f.oem4f (.text:ti_sysbios_family_arm_m3_Hwi_Handle__label__S)
                  0000a138    0000001a     empty_pem4f.oem4f (.text:ti_sysbios_gates_GateHwi_Handle__label__S)
                  0000a152    0000001a     empty_pem4f.oem4f (.text:ti_sysbios_gates_GateMutex_Handle__label__S)
                  0000a16c    0000001a     empty_pem4f.oem4f (.text:ti_sysbios_heaps_HeapMem_Handle__label__S)
                  0000a186    0000001a     empty_pem4f.oem4f (.text:ti_sysbios_knl_Swi_Handle__label__S)
                  0000a1a0    0000001a     empty_pem4f.oem4f (.text:ti_sysbios_knl_Task_Handle__label__S)
                  0000a1ba    0000001a     empty_pem4f.oem4f (.text:xdc_runtime_System_aprintf__E)
                  0000a1d4    0000001a     empty_pem4f.oem4f (.text:xdc_runtime_System_printf__E)
                  0000a1ee    00000018     driverlib.lib : gpio.obj (.text:GPIOPinTypeGPIOOutput)
                  0000a206    00000002     --HOLE-- [fill = 0]
                  0000a208    00000018     rtsv7M4_T_le_v4SPD16_eabi.lib : args_main.c.obj (.text:_args_main)
                  0000a220    00000018                                   : sprintf.c.obj (.text:_outs)
                  0000a238    00000018     empty_pem4f.oem4f (.text:ti_sysbios_BIOS_rtsUnlock__I)
                  0000a250    00000018     empty_pem4f.oem4f (.text:ti_sysbios_family_arm_lm4_Timer_Module__startupDone__F)
                  0000a268    00000018     empty_pem4f.oem4f (.text:ti_sysbios_family_arm_m3_Hwi_Module__startupDone__F)
                  0000a280    00000018     sysbios.aem4f : m3_TaskSupport_asm.obj (.text:ti_sysbios_family_arm_m3_TaskSupport_swap__E)
                  0000a298    00000018                   : BIOS.obj (.text:ti_sysbios_gates_GateMutex_leave__E)
                  0000a2b0    00000018     ti.targets.arm.rtsarm.aem4f : Error.oem4f (.text:xdc_runtime_Error_check__E)
                  0000a2c8    00000018                                 : System.oem4f (.text:xdc_runtime_System_exit__E)
                  0000a2e0    00000018                                 : Text.oem4f (.text:xdc_runtime_Text_ropeText__E)
                  0000a2f8    00000016     grlib.lib : string.obj (.text:GrStringDraw)
                  0000a30e    00000016     driverlib.lib : i2c.obj (.text:I2CMasterErr)
                  0000a324    00000016     rtsv7M4_T_le_v4SPD16_eabi.lib : strchr.c.obj (.text:strchr)
                  0000a33a    00000016     empty_pem4f.oem4f (.text:ti_sysbios_BIOS_exitFunc__I)
                  0000a350    00000016     empty.obj (.text:ti_sysbios_knl_Task_Params_init)
                  0000a366    00000014     grlib.lib : canvas.obj (.text:CanvasMsgProc)
                  0000a37a    00000002     --HOLE-- [fill = 0]
                  0000a37c    00000014     Kentec320x240x16_ssd2119_spi.obj (.text:LED_OFF)
                  0000a390    00000014     Kentec320x240x16_ssd2119_spi.obj (.text:LED_ON)
                  0000a3a4    00000014     touch.obj (.text:TouchScreenCallbackSet)
                  0000a3b8    00000014     grlib.lib : widget.obj (.text:WidgetMutexGet)
                  0000a3cc    00000014     rtsv7M4_T_le_v4SPD16_eabi.lib : strlen.c.obj (.text:strlen)
                  0000a3e0    00000014     empty_pem4f.oem4f (.text:ti_sysbios_family_arm_m3_Hwi_Object__get__S)
                  0000a3f4    00000004     --HOLE-- [fill = 0]
                  0000a3f8    00000014     sysbios.aem4f : BIOS.obj (.text:ti_sysbios_family_arm_m3_Hwi_switchFromBootStack__E)
                  0000a40c    00000014     empty_pem4f.oem4f (.text:ti_sysbios_heaps_HeapMem_Object__get__S)
                  0000a420    00000014     empty_pem4f.oem4f (.text:ti_sysbios_knl_Swi_Object__get__S)
                  0000a434    00000012     driverlib.lib : gpio.obj (.text:GPIOPinTypeEthernetLED)
                  0000a446    00000012                   : gpio.obj (.text:GPIOPinTypeGPIOInput)
                  0000a458    00000012                   : gpio.obj (.text:GPIOPinTypeI2C)
                  0000a46a    00000012                   : gpio.obj (.text:GPIOPinTypeI2CSCL)
                  0000a47c    00000012                   : gpio.obj (.text:GPIOPinTypeSSI)
                  0000a48e    00000012                   : gpio.obj (.text:GPIOPinTypeUART)
                  0000a4a0    00000012                   : gpio.obj (.text:GPIOPinTypeUSBAnalog)
                  0000a4b2    00000012                   : gpio.obj (.text:GPIOPinTypeUSBDigital)
                  0000a4c4    00000012                   : ssi.obj (.text:SSIDataGetNonBlocking)
                  0000a4d6    00000012                   : timer.obj (.text:TimerLoadSet)
                  0000a4e8    00000012     sysbios.aem4f : BIOS.obj (.text:ti_sysbios_hal_Hwi_Module_startup__E)
                  0000a4fa    00000012     rtsv7M4_T_le_v4SPD16_eabi.lib : wcslen.c.obj (.text:wcslen)
                  0000a50c    00000012     empty_pem4f.oem4f (.text:xdc_runtime_Startup_exec__I)
                  0000a51e    00000002     --HOLE-- [fill = 0]
                  0000a520    00000010     empty_pem4f.oem4f (.text:.bootCodeSection:ti_catalog_arm_cortexm4_tiva_ce_Boot_init__I)
                  0000a530    00000010     driverlib.lib : adc.obj (.text:ADCIntEnable)
                  0000a540    00000010     sysbios.aem4f : BIOS.obj (.text:ti_sysbios_BIOS_getCpuFreq__E)
                  0000a550    00000010                   : BIOS.obj (.text:ti_sysbios_BIOS_setThreadType__E)
                  0000a560    00000010                   : BIOS.obj (.text:ti_sysbios_BIOS_start__E)
                  0000a570    00000010                   : m3_TaskSupport_asm.obj (.text:ti_sysbios_family_arm_m3_TaskSupport_glue)
                  0000a580    00000010                   : BIOS.obj (.text:ti_sysbios_gates_GateMutex_Instance_finalize__E)
                  0000a590    00000010                   : BIOS.obj (.text:ti_sysbios_knl_Semaphore_Instance_finalize__E)
                  0000a5a0    00000010                   : BIOS.obj (.text:ti_sysbios_knl_Swi_disable__E)
                  0000a5b0    00000010     empty_pem4f.oem4f (.text:ti_sysbios_knl_Task_Object__get__S)
                  0000a5c0    00000010     sysbios.aem4f : BIOS.obj (.text:ti_sysbios_knl_Task_disable__E)
                  0000a5d0    00000010     ti.targets.arm.rtsarm.aem4f : Gate.oem4f (.text:xdc_runtime_Gate_leaveSystem__E)
                  0000a5e0    00000010                                 : Memory.oem4f (.text:xdc_runtime_Memory_free__E)
                  0000a5f0    00000010                                 : SysMin.oem4f (.text:xdc_runtime_SysMin_ready__E)
                  0000a600    00000010                                 : System.oem4f (.text:xdc_runtime_System_vsnprintf__E)
                  0000a610    00000010     empty_pem4f.oem4f (.text:xdc_runtime_Text_visitRope__I)
                  0000a620    0000000e     driverlib.lib : adc.obj (.text:ADCSequenceEnable)
                  0000a62e    0000000e                   : gpio.obj (.text:GPIOIntStatus)
                  0000a63c    0000000e     grlib.lib : image.obj (.text:GrImageDraw)
                  0000a64a    0000000e     driverlib.lib : timer.obj (.text:TimerEnable)
                  0000a658    0000000e     rtsv7M4_T_le_v4SPD16_eabi.lib : copy_decompress_none.c.obj (.text:decompress:none:__TI_decompress_none)
                  0000a666    00000002     --HOLE-- [fill = 0]
                  0000a668    0000000e     sysbios.aem4f : BIOS.obj (.text:ti_sysbios_knl_Idle_loop__E)
                  0000a676    00000002     --HOLE-- [fill = 0]
                  0000a678    0000000e                   : BIOS.obj (.text:ti_sysbios_knl_Queue_empty__E)
                  0000a686    00000002     --HOLE-- [fill = 0]
                  0000a688    0000000c     rtsv7M4_T_le_v4SPD16_eabi.lib : _lock.c.obj (.text:_register_lock)
                  0000a694    0000000c                                   : _lock.c.obj (.text:_register_unlock)
                  0000a6a0    0000000c                                   : copy_zero_init.c.obj (.text:decompress:ZI:__TI_zero_init)
                  0000a6ac    00000004     --HOLE-- [fill = 0]
                  0000a6b0    0000000c     sysbios.aem4f : BIOS.obj (.text:ti_sysbios_family_arm_lm4_Timer_getMaxTicks__E)
                  0000a6bc    0000000c     empty_pem4f.oem4f (.text:ti_sysbios_family_arm_m3_Hwi_Params__init__S)
                  0000a6c8    0000000c     sysbios.aem4f : BIOS.obj (.text:ti_sysbios_family_arm_m3_Hwi_disableFxn__E)
                  0000a6d4    00000004     --HOLE-- [fill = 0]
                  0000a6d8    0000000c                   : BIOS.obj (.text:ti_sysbios_family_arm_m3_TaskSupport_checkStack__E)
                  0000a6e4    00000004     --HOLE-- [fill = 0]
                  0000a6e8    0000000c                   : BIOS.obj (.text:ti_sysbios_family_arm_m3_TaskSupport_getStackAlignment__E)
                  0000a6f4    00000004     --HOLE-- [fill = 0]
                  0000a6f8    0000000c                   : BIOS.obj (.text:ti_sysbios_gates_GateHwi_enter__E)
                  0000a704    0000000c     empty_pem4f.oem4f (.text:ti_sysbios_knl_Queue_Object__get__S)
                  0000a710    0000000c     empty_pem4f.oem4f (.text:ti_sysbios_knl_Semaphore_Params__init__S)
                  0000a71c    0000000c     empty_pem4f.oem4f (.text:ti_sysbios_knl_Task_Params__init__S)
                  0000a728    0000000c     ti.targets.arm.rtsarm.aem4f : Error.oem4f (.text:xdc_runtime_Error_init__E)
                  0000a734    0000000c                                 : Gate.oem4f (.text:xdc_runtime_Gate_enterSystem__E)
                  0000a740    0000000c                                 : Memory.oem4f (.text:xdc_runtime_Memory_calloc__E)
                  0000a74c    0000000c                                 : Memory.oem4f (.text:xdc_runtime_Memory_getMaxDefaultTypeAlign__E)
                  0000a758    0000000a     driverlib.lib : i2c.obj (.text:I2CMasterDisable)
                  0000a762    0000000a                   : i2c.obj (.text:I2CMasterEnable)
                  0000a76c    0000000a     drivers_tivaware.aem4f : I2CTiva.oem4f (.text:I2CTiva_init)
                  0000a776    0000000a     Kentec320x240x16_ssd2119_spi.obj (.text:Kentec320x240x16_SSD2119Flush)
                  0000a780    0000000a     driverlib.lib : ssi.obj (.text:SSIDataPut)
                  0000a78a    0000000a                   : ssi.obj (.text:SSIEnable)
                  0000a794    0000000a     rtsv7M4_T_le_v4SPD16_eabi.lib : sprintf.c.obj (.text:_outc)
                  0000a79e    0000000a     empty_pem4f.oem4f (.text:xdc_runtime_IHeap_alloc)
                  0000a7a8    0000000a     empty_pem4f.oem4f (.text:xdc_runtime_IHeap_free)
                  0000a7b2    00000008     EK_TM4C1294XL.obj (.text:EK_TM4C1294XL_initGPIO)
                  0000a7ba    00000008     grlib.lib : charmap.obj (.text:GrMapISO8859_1_Unicode)
                  0000a7c2    00000008     driverlib.lib : i2c.obj (.text:I2CMasterIntClear)
                  0000a7ca    00000008                   : i2c.obj (.text:I2CMasterSlaveAddrSet)
                  0000a7d2    00000008     drivers_tivaware.aem4f : I2CTiva.oem4f (.text:I2CTiva_blockingCallback)
                  0000a7da    00000008     driverlib.lib : ssi.obj (.text:SSIBusy)
                  0000a7e2    00000002     --HOLE-- [fill = 0]
                  0000a7e4    00000008     rtsv7M4_T_le_v4SPD16_eabi.lib : errno.c.obj (.text:__aeabi_errno_addr)
                  0000a7ec    00000008     sysbios.aem4f : BIOS.obj (.text:ti_sysbios_family_arm_lm4_Timer_masterDisable__I)
                  0000a7f4    00000004     --HOLE-- [fill = 0]
                  0000a7f8    00000008                   : BIOS.obj (.text:ti_sysbios_family_arm_m3_Hwi_doSwiRestore__I)
                  0000a800    00000008                   : BIOS.obj (.text:ti_sysbios_family_arm_m3_Hwi_startup__E)
                  0000a808    00000006     grlib.lib : string.obj (.text:GrContextFontSet)
                  0000a80e    00000006     driverlib.lib : i2c.obj (.text:I2CMasterIntDisable)
                  0000a814    00000006                   : i2c.obj (.text:I2CMasterIntEnable)
                  0000a81a    00000006     drivers_tivaware.aem4f : I2CTiva.oem4f (.text:I2CTiva_control)
                  0000a820    00000006     driverlib.lib : sysctl.obj (.text:SysCtlDelay)
                  0000a826    00000006     grlib.lib : widget.obj (.text:WidgetMutexPut)
                  0000a82c    00000004     --HOLE-- [fill = 0]
                  0000a830    00000006     sysbios.aem4f : BIOS.obj (.text:ti_sysbios_family_arm_m3_Hwi_doTaskRestore__I)
                  0000a836    00000002     --HOLE-- [fill = 0]
                  0000a838    00000006                   : BIOS.obj (.text:ti_sysbios_family_arm_m3_Hwi_restoreFxn__E)
                  0000a83e    00000002     --HOLE-- [fill = 0]
                  0000a840    00000006                   : BIOS.obj (.text:ti_sysbios_gates_GateHwi_leave__E)
                  0000a846    00000002     --HOLE-- [fill = 0]
                  0000a848    00000006                   : BIOS.obj (.text:ti_sysbios_heaps_HeapMem_isBlocking__E)
                  0000a84e    00000002     --HOLE-- [fill = 0]
                  0000a850    00000006                   : BIOS.obj (.text:ti_sysbios_knl_Queue_Instance_init__E)
                  0000a856    00000002     --HOLE-- [fill = 0]
                  0000a858    00000006                   : BIOS.obj (.text:ti_sysbios_knl_Swi_startup__E)
                  0000a85e    00000006     ti.targets.arm.rtsarm.aem4f : System.oem4f (.text:xdc_runtime_System_Module_startup__E)
                  0000a864    00000004     --HOLE-- [fill = 0]
                  0000a868    00000004     sysbios.aem4f : BIOS.obj (.text:ti_sysbios_gates_GateHwi_query__E)
                  0000a86c    00000004     --HOLE-- [fill = 0]
                  0000a870    00000004                   : BIOS.obj (.text:ti_sysbios_gates_GateMutex_query__E)
                  0000a874    00000004     --HOLE-- [fill = 0]
                  0000a878    00000004                   : BIOS.obj (.text:ti_sysbios_knl_Task_startup__E)
                  0000a87c    00000004     --HOLE-- [fill = 0]
                  0000a880    00000002                   : BIOS.obj (.text:ti_sysbios_gates_GateHwi_Instance_init__E)
                  0000a882    00000006     --HOLE-- [fill = 0]
                  0000a888    00000002                   : BIOS.obj (.text:ti_sysbios_knl_Clock_logTick__E)

.const     0    0000a88c    00006e12     
                  0000a88c    00001a46     frame.obj (.const:.string:g_pui8Top)
                  0000c2d2    0000187d     empty_pem4f.oem4f (.const:xdc_runtime_Text_charTab__A)
                  0000db4f    0000095e     grlib.lib : fontcm20.obj (.const:.string:g_pui8Cm20Data)
                  0000e4ad    00000786     frame.obj (.const:.string:g_pui8Bottom)
                  0000ec33    00000782     grlib.lib : fontcmss18b.obj (.const:.string:g_pui8Cmss18bData)
                  0000f3b5    000006ca               : fontcmss16b.obj (.const:.string:g_pui8Cmss16bData)
                  0000fa7f    00000546     frame.obj (.const:.string:g_pui8Left)
                  0000ffc5    00000546     frame.obj (.const:.string:g_pui8Right)
                  0001050b    0000017c     frame.obj (.const:.string:g_pui8TopLeft)
                  00010687    00000173     frame.obj (.const:.string:g_pui8TopRight)
                  000107fa    00000002     empty_pem4f.oem4f (.const:ti_catalog_arm_cortexm4_tiva_ce_Boot_Module__id__C)
                  000107fc    00000120     Boot.aem4f : Boot_sysctl.oem4f (.const:g_pppui32XTALtoVCO)
                  0001091c    00000101     rtsv7M4_T_le_v4SPD16_eabi.lib : ctype.c.obj (.const:.string:_ctypes_)
                  00010a1d    000000d0     frame.obj (.const:.string:g_pui8BottomLeft)
                  00010aed    00000001     empty_pem4f.oem4f (.const:xdc_runtime_Error_policy__C)
                  00010aee    00000002     empty_pem4f.oem4f (.const:ti_sysbios_family_arm_m3_Hwi_Module__id__C)
                  00010af0    000000c8     grlib.lib : fontcm20.obj (.const:g_sFontCm20)
                  00010bb8    000000c8               : fontcmss16b.obj (.const:g_sFontCmss16b)
                  00010c80    000000c8               : fontcmss18b.obj (.const:g_sFontCmss18b)
                  00010d48    000000c4     frame.obj (.const:.string:g_pui8BottomRight)
                  00010e0c    000000bc     empty_pem4f.oem4f (.const:xdc_runtime_Text_nodeTab__A)
                  00010ec8    00000090     driverlib.lib : gpio.obj (.const:g_pui32GPIOBaseAddrs)
                  00010f58    00000070                   : interrupt.obj (.const)
                  00010fc8    0000006c     Boot.aem4f : Boot_sysctl.oem4f (.const:g_pui32Xtals)
                  00011034    00000054     drivers_tivaware.aem4f : GPIOTiva.oem4f (.const:.string)
                  00011088    00000048     empty_pem4f.oem4f (.const:.string)
                  000110d0    00000048     drivers_tivaware.aem4f : GPIOTiva.oem4f (.const:gpioBaseAddresses)
                  00011118    0000003c     empty_pem4f.oem4f (.const:ti_sysbios_knl_Task_Object__PARAMS__C)
                  00011154    00000030     Boot.aem4f : Boot_sysctl.oem4f (.const:g_sXTALtoMEMTIM)
                  00011184    00000030     empty_pem4f.oem4f (.const:ti_sysbios_family_arm_m3_Hwi_Object__PARAMS__C)
                  000111b4    00000028     Kentec320x240x16_ssd2119_spi.obj (.const:g_sKentec320x240x16_SSD2119)
                  000111dc    00000028     empty_pem4f.oem4f (.const:ti_sysbios_heaps_HeapMem_Module__FXNS__C)
                  00011204    00000026     empty.obj (.const:.string)
                  0001122a    00000002     empty_pem4f.oem4f (.const:ti_sysbios_gates_GateMutex_Module__id__C)
                  0001122c    00000024     EK_TM4C1294XL.obj (.const:I2C_config)
                  00011250    00000024     empty_pem4f.oem4f (.const:ti_sysbios_gates_GateHwi_Module__FXNS__C)
                  00011274    00000024     empty_pem4f.oem4f (.const:ti_sysbios_gates_GateMutex_Module__FXNS__C)
                  00011298    00000024     empty_pem4f.oem4f (.const:ti_sysbios_heaps_HeapMem_Object__PARAMS__C)
                  000112bc    00000024     empty_pem4f.oem4f (.const:ti_sysbios_knl_Semaphore_Object__PARAMS__C)
                  000112e0    00000020     empty_pem4f.oem4f (.const:ti_sysbios_family_arm_m3_Hwi_Object__DESC__C)
                  00011300    00000020     empty_pem4f.oem4f (.const:ti_sysbios_gates_GateHwi_Object__DESC__C)
                  00011320    00000020     empty_pem4f.oem4f (.const:ti_sysbios_gates_GateMutex_Object__DESC__C)
                  00011340    00000020     empty_pem4f.oem4f (.const:ti_sysbios_heaps_HeapMem_Object__DESC__C)
                  00011360    00000020     empty_pem4f.oem4f (.const:ti_sysbios_knl_Queue_Object__DESC__C)
                  00011380    00000020     empty_pem4f.oem4f (.const:ti_sysbios_knl_Semaphore_Object__DESC__C)
                  000113a0    00000020     empty_pem4f.oem4f (.const:ti_sysbios_knl_Task_Object__DESC__C)
                  000113c0    00000020     empty_pem4f.oem4f (.const:xdc_runtime_Startup_sfxnTab__A)
                  000113e0    0000001c     drivers_tivaware.aem4f : I2CTiva.oem4f (.const)
                  000113fc    0000001c     touch.obj (.const:g_pi32TouchParameters)
                  00011418    00000018     EK_TM4C1294XL.obj (.const:i2cTivaHWAttrs)
                  00011430    00000018     empty_pem4f.oem4f (.const:ti_sysbios_gates_GateHwi_Object__PARAMS__C)
                  00011448    00000018     empty_pem4f.oem4f (.const:ti_sysbios_gates_GateMutex_Object__PARAMS__C)
                  00011460    00000018     empty_pem4f.oem4f (.const:ti_sysbios_knl_Queue_Object__PARAMS__C)
                  00011478    00000014     EK_TM4C1294XL.obj (.const:GPIOTiva_config)
                  0001148c    00000014     empty_pem4f.oem4f (.const:xdc_runtime_Startup_firstFxns__A)
                  000114a0    00000010     grlib.lib : context.obj (.const)
                  000114b0    00000010     empty_pem4f.oem4f (.const:xdc_runtime_Startup_sfxnRts__A)
                  000114c0    00000008     Boot.aem4f : Boot_sysctl.oem4f (.const)
                  000114c8    00000008     empty_pem4f.oem4f (.const:ti_sysbios_family_arm_m3_Hwi_excHookFuncs__A)
                  000114d0    00000008     empty_pem4f.oem4f (.const:ti_sysbios_knl_Idle_funcList__C)
                  000114d8    00000008     empty_pem4f.oem4f (.const:xdc_runtime_Startup_firstFxns__C)
                  000114e0    00000008     empty_pem4f.oem4f (.const:xdc_runtime_Startup_lastFxns__C)
                  000114e8    00000004     empty_pem4f.oem4f (.const:ti_catalog_arm_cortexm4_tiva_ce_Boot_A_mustNotUseEnhancedClockMode__C)
                  000114ec    00000004     empty_pem4f.oem4f (.const:ti_catalog_arm_cortexm4_tiva_ce_Boot_Module__diagsEnabled__C)
                  000114f0    00000004     empty_pem4f.oem4f (.const:ti_catalog_arm_cortexm4_tiva_ce_Boot_Module__diagsIncluded__C)
                  000114f4    00000004     empty_pem4f.oem4f (.const:ti_catalog_arm_cortexm4_tiva_ce_Boot_Module__diagsMask__C)
                  000114f8    00000004     empty_pem4f.oem4f (.const:ti_sysbios_family_arm_lm4_Timer_enableFunc__C)
                  000114fc    00000004     empty_pem4f.oem4f (.const:ti_sysbios_family_arm_lm4_Timer_numTimerDevices__C)
                  00011500    00000004     empty_pem4f.oem4f (.const:ti_sysbios_family_arm_lm4_Timer_startupNeeded__C)
                  00011504    00000004     empty_pem4f.oem4f (.const:ti_sysbios_family_arm_m3_Hwi_E_NMI__C)
                  00011508    00000004     empty_pem4f.oem4f (.const:ti_sysbios_family_arm_m3_Hwi_E_alreadyDefined__C)
                  0001150c    00000004     empty_pem4f.oem4f (.const:ti_sysbios_family_arm_m3_Hwi_E_busFault__C)
                  00011510    00000004     empty_pem4f.oem4f (.const:ti_sysbios_family_arm_m3_Hwi_E_debugMon__C)
                  00011514    00000004     empty_pem4f.oem4f (.const:ti_sysbios_family_arm_m3_Hwi_E_hardFault__C)
                  00011518    00000004     empty_pem4f.oem4f (.const:ti_sysbios_family_arm_m3_Hwi_E_memFault__C)
                  0001151c    00000004     empty_pem4f.oem4f (.const:ti_sysbios_family_arm_m3_Hwi_E_noIsr__C)
                  00011520    00000004     empty_pem4f.oem4f (.const:ti_sysbios_family_arm_m3_Hwi_E_reserved__C)
                  00011524    00000004     empty_pem4f.oem4f (.const:ti_sysbios_family_arm_m3_Hwi_E_svCall__C)
                  00011528    00000004     empty_pem4f.oem4f (.const:ti_sysbios_family_arm_m3_Hwi_E_usageFault__C)
                  0001152c    00000004     empty_pem4f.oem4f (.const:ti_sysbios_family_arm_m3_Hwi_NUM_INTERRUPTS__C)
                  00011530    00000004     empty_pem4f.oem4f (.const:ti_sysbios_family_arm_m3_Hwi_Object__count__C)
                  00011534    00000004     empty_pem4f.oem4f (.const:ti_sysbios_family_arm_m3_Hwi_ccr__C)
                  00011538    00000004     empty_pem4f.oem4f (.const:ti_sysbios_family_arm_m3_Hwi_excHandlerFunc__C)
                  0001153c    00000004     empty_pem4f.oem4f (.const:ti_sysbios_family_arm_m3_Hwi_excHookFuncs__C)
                  00011540    00000004     empty_pem4f.oem4f (.const:ti_sysbios_family_arm_m3_Hwi_nullIsrFunc__C)
                  00011544    00000004     empty_pem4f.oem4f (.const:ti_sysbios_family_arm_m3_Hwi_priGroup__C)
                  00011548    00000004     empty_pem4f.oem4f (.const:ti_sysbios_family_arm_m3_TaskSupport_stackAlignment__C)
                  0001154c    00000004     empty_pem4f.oem4f (.const:ti_sysbios_gates_GateMutex_A_badContext__C)
                  00011550    00000004     empty_pem4f.oem4f (.const:ti_sysbios_gates_GateMutex_Instance_State_sem__O)
                  00011554    00000004     empty_pem4f.oem4f (.const:ti_sysbios_gates_GateMutex_Module__diagsEnabled__C)
                  00011558    00000004     empty_pem4f.oem4f (.const:ti_sysbios_gates_GateMutex_Module__diagsIncluded__C)
                  0001155c    00000004     empty_pem4f.oem4f (.const:ti_sysbios_gates_GateMutex_Module__diagsMask__C)
                  00011560    00000004     empty_pem4f.oem4f (.const:ti_sysbios_hal_Hwi_E_stackOverflow__C)
                  00011564    00000004     empty_pem4f.oem4f (.const:ti_sysbios_heaps_HeapMem_A_align__C)
                  00011568    00000004     empty_pem4f.oem4f (.const:ti_sysbios_heaps_HeapMem_A_heapSize__C)
                  0001156c    00000004     empty_pem4f.oem4f (.const:ti_sysbios_heaps_HeapMem_A_invalidFree__C)
                  00011570    00000004     empty_pem4f.oem4f (.const:ti_sysbios_heaps_HeapMem_A_zeroBlock__C)
                  00011574    00000004     empty_pem4f.oem4f (.const:ti_sysbios_heaps_HeapMem_E_memory__C)
                  00011578    00000004     empty_pem4f.oem4f (.const:ti_sysbios_heaps_HeapMem_Module__diagsEnabled__C)
                  0001157c    00000004     empty_pem4f.oem4f (.const:ti_sysbios_heaps_HeapMem_Module__diagsIncluded__C)
                  00011580    00000004     empty_pem4f.oem4f (.const:ti_sysbios_heaps_HeapMem_Module__diagsMask__C)
                  00011584    00000004     empty_pem4f.oem4f (.const:ti_sysbios_heaps_HeapMem_Module__gateObj__C)
                  00011588    00000004     empty_pem4f.oem4f (.const:ti_sysbios_heaps_HeapMem_Object__count__C)
                  0001158c    00000004     empty_pem4f.oem4f (.const:ti_sysbios_heaps_HeapMem_reqAlign__C)
                  00011590    00000004     empty_pem4f.oem4f (.const:ti_sysbios_knl_Clock_Module_State_clockQ__O)
                  00011594    00000004     empty_pem4f.oem4f (.const:ti_sysbios_knl_Idle_funcList__A)
                  00011598    00000004     empty_pem4f.oem4f (.const:ti_sysbios_knl_Semaphore_A_badContext__C)
                  0001159c    00000004     empty_pem4f.oem4f (.const:ti_sysbios_knl_Semaphore_A_noEvents__C)
                  000115a0    00000004     empty_pem4f.oem4f (.const:ti_sysbios_knl_Semaphore_A_overflow__C)
                  000115a4    00000004     empty_pem4f.oem4f (.const:ti_sysbios_knl_Semaphore_A_pendTaskDisabled__C)
                  000115a8    00000004     empty_pem4f.oem4f (.const:ti_sysbios_knl_Semaphore_Instance_State_pendQ__O)
                  000115ac    00000004     empty_pem4f.oem4f (.const:ti_sysbios_knl_Semaphore_Module__diagsEnabled__C)
                  000115b0    00000004     empty_pem4f.oem4f (.const:ti_sysbios_knl_Semaphore_Module__diagsIncluded__C)
                  000115b4    00000004     empty_pem4f.oem4f (.const:ti_sysbios_knl_Semaphore_Module__diagsMask__C)
                  000115b8    00000004     empty_pem4f.oem4f (.const:ti_sysbios_knl_Swi_Object__count__C)
                  000115bc    00000004     empty_pem4f.oem4f (.const:ti_sysbios_knl_Task_A_badPriority__C)
                  000115c0    00000004     empty_pem4f.oem4f (.const:ti_sysbios_knl_Task_A_badTaskState__C)
                  000115c4    00000004     empty_pem4f.oem4f (.const:ti_sysbios_knl_Task_A_badThreadType__C)
                  000115c8    00000004     empty_pem4f.oem4f (.const:ti_sysbios_knl_Task_A_noPendElem__C)
                  000115cc    00000004     empty_pem4f.oem4f (.const:ti_sysbios_knl_Task_E_spOutOfBounds__C)
                  000115d0    00000004     empty_pem4f.oem4f (.const:ti_sysbios_knl_Task_E_stackOverflow__C)
                  000115d4    00000004     empty_pem4f.oem4f (.const:ti_sysbios_knl_Task_Module_State_inactiveQ__O)
                  000115d8    00000004     empty_pem4f.oem4f (.const:ti_sysbios_knl_Task_Module__diagsEnabled__C)
                  000115dc    00000004     empty_pem4f.oem4f (.const:ti_sysbios_knl_Task_Module__diagsIncluded__C)
                  000115e0    00000004     empty_pem4f.oem4f (.const:ti_sysbios_knl_Task_Module__diagsMask__C)
                  000115e4    00000004     empty_pem4f.oem4f (.const:ti_sysbios_knl_Task_Object__count__C)
                  000115e8    00000004     empty_pem4f.oem4f (.const:ti_sysbios_knl_Task_allBlockedFunc__C)
                  000115ec    00000004     empty_pem4f.oem4f (.const:ti_sysbios_knl_Task_defaultStackHeap__C)
                  000115f0    00000004     empty_pem4f.oem4f (.const:ti_sysbios_knl_Task_defaultStackSize__C)
                  000115f4    00000004     empty_pem4f.oem4f (.const:ti_sysbios_knl_Task_numConstructedTasks__C)
                  000115f8    00000004     empty_pem4f.oem4f (.const:xdc_runtime_Assert_E_assertFailed__C)
                  000115fc    00000004     empty_pem4f.oem4f (.const:xdc_runtime_Core_A_initializedParams__C)
                  00011600    00000004     empty_pem4f.oem4f (.const:xdc_runtime_Core_Module__diagsEnabled__C)
                  00011604    00000004     empty_pem4f.oem4f (.const:xdc_runtime_Core_Module__diagsIncluded__C)
                  00011608    00000004     empty_pem4f.oem4f (.const:xdc_runtime_Core_Module__diagsMask__C)
                  0001160c    00000004     empty_pem4f.oem4f (.const:xdc_runtime_Error_E_memory__C)
                  00011610    00000004     empty_pem4f.oem4f (.const:xdc_runtime_Error_Module__diagsEnabled__C)
                  00011614    00000004     empty_pem4f.oem4f (.const:xdc_runtime_Error_Module__diagsIncluded__C)
                  00011618    00000004     empty_pem4f.oem4f (.const:xdc_runtime_Error_Module__diagsMask__C)
                  0001161c    00000004     empty_pem4f.oem4f (.const:xdc_runtime_Error_Module__loggerFxn8__C)
                  00011620    00000004     empty_pem4f.oem4f (.const:xdc_runtime_Error_Module__loggerObj__C)
                  00011624    00000004     empty_pem4f.oem4f (.const:xdc_runtime_Error_policyFxn__C)
                  00011628    00000004     empty_pem4f.oem4f (.const:xdc_runtime_Error_raiseHook__C)
                  0001162c    00000004     empty_pem4f.oem4f (.const:xdc_runtime_IGateProvider_Interface__BASE__C)
                  00011630    00000004     empty_pem4f.oem4f (.const:xdc_runtime_IHeap_Interface__BASE__C)
                  00011634    00000004     empty_pem4f.oem4f (.const:xdc_runtime_IModule_Interface__BASE__C)
                  00011638    00000004     empty_pem4f.oem4f (.const:xdc_runtime_Log_L_error__C)
                  0001163c    00000004     empty_pem4f.oem4f (.const:xdc_runtime_Memory_defaultHeapInstance__C)
                  00011640    00000004     empty_pem4f.oem4f (.const:xdc_runtime_Startup_execImpl__C)
                  00011644    00000004     empty_pem4f.oem4f (.const:xdc_runtime_Startup_maxPasses__C)
                  00011648    00000004     empty_pem4f.oem4f (.const:xdc_runtime_Startup_sfxnRts__C)
                  0001164c    00000004     empty_pem4f.oem4f (.const:xdc_runtime_Startup_sfxnTab__C)
                  00011650    00000004     empty_pem4f.oem4f (.const:xdc_runtime_SysMin_bufSize__C)
                  00011654    00000004     empty_pem4f.oem4f (.const:xdc_runtime_SysMin_outputFunc__C)
                  00011658    00000004     empty_pem4f.oem4f (.const:xdc_runtime_System_Module__gateObj__C)
                  0001165c    00000004     empty_pem4f.oem4f (.const:xdc_runtime_System_abortFxn__C)
                  00011660    00000004     empty_pem4f.oem4f (.const:xdc_runtime_System_exitFxn__C)
                  00011664    00000004     empty_pem4f.oem4f (.const:xdc_runtime_System_extendFxn__C)
                  00011668    00000004     empty_pem4f.oem4f (.const:xdc_runtime_System_maxAtexitHandlers__C)
                  0001166c    00000004     empty_pem4f.oem4f (.const:xdc_runtime_Text_charTab__C)
                  00011670    00000004     empty_pem4f.oem4f (.const:xdc_runtime_Text_nameEmpty__C)
                  00011674    00000004     empty_pem4f.oem4f (.const:xdc_runtime_Text_nameStatic__C)
                  00011678    00000004     empty_pem4f.oem4f (.const:xdc_runtime_Text_nameUnknown__C)
                  0001167c    00000004     empty_pem4f.oem4f (.const:xdc_runtime_Text_nodeTab__C)
                  00011680    00000004     empty_pem4f.oem4f (.const:xdc_runtime_Text_visitRopeFxn__C)
                  00011684    00000002     empty_pem4f.oem4f (.const:ti_sysbios_hal_Hwi_Module__id__C)
                  00011686    00000002     empty_pem4f.oem4f (.const:ti_sysbios_heaps_HeapMem_Module__id__C)
                  00011688    00000002     empty_pem4f.oem4f (.const:ti_sysbios_knl_Semaphore_Module__id__C)
                  0001168a    00000002     empty_pem4f.oem4f (.const:ti_sysbios_knl_Task_Module__id__C)
                  0001168c    00000002     empty_pem4f.oem4f (.const:xdc_runtime_Core_Module__id__C)
                  0001168e    00000002     empty_pem4f.oem4f (.const:xdc_runtime_Error_Module__loggerDefined__C)
                  00011690    00000002     empty_pem4f.oem4f (.const:xdc_runtime_Error_maxDepth__C)
                  00011692    00000002     empty_pem4f.oem4f (.const:xdc_runtime_Memory_Module__id__C)
                  00011694    00000002     empty_pem4f.oem4f (.const:xdc_runtime_SysMin_flushAtExit__C)
                  00011696    00000002     empty_pem4f.oem4f (.const:xdc_runtime_Text_charCnt__C)
                  00011698    00000002     empty_pem4f.oem4f (.const:xdc_runtime_Text_isLoaded__C)
                  0001169a    00000002     empty_pem4f.oem4f (.const:xdc_runtime_Text_registryModsLastId__C)
                  0001169c    00000002     empty_pem4f.oem4f (.const:xdc_runtime_Text_unnamedModsLastId__C)

.cinit     0    000116a0    000002c8     
                  000116a0    0000028e     (.cinit..data.load) [load image, compression = lzss]
                  0001192e    00000002     --HOLE-- [fill = 0]
                  00011930    0000000c     (__TI_handler_table)
                  0001193c    00000004     --HOLE-- [fill = 0]
                  00011940    00000008     (.cinit..bss.load) [load image, compression = zero_init]
                  00011948    00000008     (.cinit..vecs.load) [load image, compression = zero_init]
                  00011950    00000018     (__TI_cinit_table)

.init_array 
*          0    00000000    00000000     UNINITIALIZED

.resetVecs 
*          0    00000000    0000003c     
                  00000000    0000003c     empty_pem4f.oem4f (.resetVecs)

.bss       0    20000360    000012a8     UNINITIALIZED
                  20000360    00000400     (.common:task0Stack)
                  20000760    00000400     (.common:ti_sysbios_heaps_HeapMem_Instance_State_0_buf__A)
                  20000b60    00000360     (.common:ti_sysbios_family_arm_m3_Hwi_dispatchTable)
                  20000ec0    00000200     empty_pem4f.oem4f (.bss:taskStackSection)
                  200010c0    00000140     grlib.lib : widget.obj (.bss:g_psMQ)
                  20001200    00000120     rtsv7M4_T_le_v4SPD16_eabi.lib : trgmsg.c.obj (.bss:_CIOBUF_)
                  20001320    00000100     (.common:i2cTivaObjects)
                  20001420    00000090     drivers_tivaware.aem4f : GPIOTiva.oem4f (.bss:gpioCallbackInfo)
                  200014b0    00000080     (.common:xdc_runtime_SysMin_Module_State_0_outbuf__A)
                  20001530    00000050     (.common:task0Struct)
                  20001580    0000002c     (.common:sContext)
                  200015ac    00000020     (.common:g_pui8Dictionary)
                  200015cc    00000010     touch.obj (.bss:g_pi16Samples)
                  200015dc    0000000c     empty.obj (.bss:pcSliderText$1)
                  200015e8    00000008     touch.obj (.bss)
                  200015f0    00000008     (.common:parmbuf)
                  200015f8    00000004     (.common:g_pi32ParmSet)
                  200015fc    00000004     (.common:g_psGrLibDefaults)
                  20001600    00000004     (.common:gpioInterruptVectors)
                  20001604    00000002     (.common:g_i16TouchX)
                  20001606    00000002     (.common:g_i16TouchY)

.data      0    20001608    000005b4     UNINITIALIZED
                  20001608    00000080     empty_pem4f.oem4f (.data:ti_sysbios_knl_Swi_Module_State_0_readyQ__A)
                  20001688    00000080     empty_pem4f.oem4f (.data:ti_sysbios_knl_Task_Module_State_0_readyQ__A)
                  20001708    0000005c     empty.obj (.data:g_sAccelSlider)
                  20001764    0000005c     empty.obj (.data:g_sPowerSlider)
                  200017c0    00000050     empty.obj (.data:g_sStartStopBttn)
                  20001810    0000004c     empty_pem4f.oem4f (.data:ti_sysbios_knl_Task_Object__table__V)
                  2000185c    00000044     empty_pem4f.oem4f (.data:ti_sysbios_knl_Task_Module__state__V)
                  200018a0    00000040     empty.obj (.data:g_sBackground)
                  200018e0    00000040     empty_pem4f.oem4f (.data:ti_sysbios_family_arm_lm4_Timer_Module_State_0_device__A)
                  20001920    00000040     empty_pem4f.oem4f (.data:ti_sysbios_family_arm_lm4_Timer_Object__table__V)
                  20001960    00000038     empty_pem4f.oem4f (.data:ti_sysbios_gates_GateMutex_Object__table__V)
                  20001998    00000034     empty_pem4f.oem4f (.data:ti_sysbios_family_arm_m3_Hwi_Module__state__V)
                  200019cc    00000030     empty_pem4f.oem4f (.data:ti_sysbios_family_arm_m3_Hwi_Object__table__V)
                  200019fc    00000030     empty_pem4f.oem4f (.data:ti_sysbios_knl_Swi_Object__table__V)
                  20001a2c    0000002d     grlib.lib : widget.obj (.data)
                  20001a59    00000001     empty.obj (.data)
                  20001a5a    00000002     empty_pem4f.oem4f (.data:ti_sysbios_family_arm_m3_Hwi_Module_State_0_excActive__A)
                  20001a5c    0000002c     empty_pem4f.oem4f (.data:ti_sysbios_knl_Clock_Module__state__V)
                  20001a88    00000024     empty_pem4f.oem4f (.data:ti_sysbios_BIOS_Module__state__V)
                  20001aac    00000020     empty_pem4f.oem4f (.data:ti_sysbios_family_arm_lm4_Timer_Module_State_0_handles__A)
                  20001acc    0000001c     empty_pem4f.oem4f (.data:ti_sysbios_knl_Swi_Module__state__V)
                  20001ae8    00000018     empty_pem4f.oem4f (.data:ti_sysbios_heaps_HeapMem_Object__table__V)
                  20001b00    00000010     EK_TM4C1294XL.obj (.data:gpioPinConfigs)
                  20001b10    0000000c     empty_pem4f.oem4f (.data:ti_sysbios_family_arm_lm4_Timer_Module__state__V)
                  20001b1c    0000000c     empty_pem4f.oem4f (.data:xdc_runtime_SysMin_Module__state__V)
                  20001b28    00000008     rtsv7M4_T_le_v4SPD16_eabi.lib : _lock.c.obj (.data:$O1$$)
                  20001b30    00000008     EK_TM4C1294XL.obj (.data:gpioCallbackFunctions)
                  20001b38    00000008     empty_pem4f.oem4f (.data:ti_sysbios_family_arm_m3_Hwi_Module__root__V)
                  20001b40    00000008     empty_pem4f.oem4f (.data:ti_sysbios_gates_GateHwi_Module__root__V)
                  20001b48    00000008     empty_pem4f.oem4f (.data:ti_sysbios_gates_GateMutex_Module__root__V)
                  20001b50    00000008     empty_pem4f.oem4f (.data:ti_sysbios_heaps_HeapMem_Module__root__V)
                  20001b58    00000008     empty_pem4f.oem4f (.data:ti_sysbios_knl_Queue_Module__root__V)
                  20001b60    00000008     empty_pem4f.oem4f (.data:ti_sysbios_knl_Semaphore_Module__root__V)
                  20001b68    00000008     empty_pem4f.oem4f (.data:ti_sysbios_knl_Task_Module__root__V)
                  20001b70    00000008     empty_pem4f.oem4f (.data:xdc_runtime_Registry_Module__state__V)
                  20001b78    00000008     empty_pem4f.oem4f (.data:xdc_runtime_Startup_Module__state__V)
                  20001b80    00000008     empty_pem4f.oem4f (.data:xdc_runtime_System_Module_State_0_atexitHandlers__A)
                  20001b88    00000008     empty_pem4f.oem4f (.data:xdc_runtime_System_Module__state__V)
                  20001b90    00000005     drivers_tivaware.aem4f : GPIOTiva.oem4f (.data)
                  20001b95    00000001     --HOLE--
                  20001b96    00000002     empty_pem4f.oem4f (.data:xdc_runtime_Error_Module__state__V)
                  20001b98    00000004     drivers_tivaware.aem4f : I2C.oem4f (.data)
                  20001b9c    00000004     rtsv7M4_T_le_v4SPD16_eabi.lib : errno.c.obj (.data)
                  20001ba0    00000004                                   : stkdepth_vars.c.obj (.data)
                  20001ba4    00000004     empty_pem4f.oem4f (.data:ti_sysbios_family_arm_m3_Hwi_Module_State_0_excContext__A)
                  20001ba8    00000004     empty_pem4f.oem4f (.data:ti_sysbios_family_arm_m3_Hwi_Module_State_0_excStack__A)
                  20001bac    00000004     empty_pem4f.oem4f (.data:ti_sysbios_gates_GateHwi_Object__table__V)
                  20001bb0    00000004     empty_pem4f.oem4f (.data:ti_sysbios_knl_Task_Module_State_0_idleTask__A)
                  20001bb4    00000004     touch.obj (.data)
                  20001bb8    00000004     empty_pem4f.oem4f (.data:xdc_runtime_Memory_Module__state__V)

.stack     0    20001bc0    00000300     UNINITIALIZED
                  20001bc0    00000300     --HOLE--

.bootVecs 
*          0    00000000    00000008     DSECT
                  00000000    00000008     boot.aem4f : boot.oem4f (.bootVecs)

.vecs      0    20000000    00000360     UNINITIALIZED
                  20000000    00000360     empty_pem4f.oem4f (.vecs)

xdc.meta   0    00000000    000000e6     COPY SECTION
                  00000000    000000e6     empty_pem4f.oem4f (xdc.meta)

__llvm_prf_cnts 
*          0    20000000    00000000     UNINITIALIZED

MODULE SUMMARY

       Module                             code    ro data   rw data
       ------                             ----    -------   -------
    .\
       empty.obj                          606     38        1489   
       EK_TM4C1294XL.obj                  296     80        280    
    +--+----------------------------------+-------+---------+---------+
       Total:                             902     118       1769   
                                                                   
    .\drivers\
       frame.obj                          632     12507     0      
       Kentec320x240x16_ssd2119_spi.obj   1968    40        0      
       touch.obj                          1280    28        36     
       pinout.obj                         420     0         0      
    +--+----------------------------------+-------+---------+---------+
       Total:                             4300    12575     36     
                                                                   
    C:\Users\Ben\Downloads\empty_EK_TM4C1294XL_TI\Debug\configPkg\package\cfg\
       empty_pem4f.oem4f                  1790    7722      4424   
    +--+----------------------------------+-------+---------+---------+
       Total:                             1790    7722      4424   
                                                                   
    C:/ti/tirtos_tivac_2_16_00_08/products/TivaWare_C_Series-2.1.1.71b/driverlib/ccs/Debug/driverlib.lib
       gpio.obj                           704     144       0      
       interrupt.obj                      104     112       0      
       timer.obj                          216     0         0      
       adc.obj                            214     0         0      
       i2c.obj                            154     0         0      
       ssi.obj                            106     0         0      
       sysctl.obj                         58      0         0      
    +--+----------------------------------+-------+---------+---------+
       Total:                             1556    256       0      
                                                                   
    C:/ti/tirtos_tivac_2_16_00_08/products/tidrivers_tivac_2_16_00_08/packages/ti/drivers/lib/drivers_tivaware.aem4f
       GPIOTiva.oem4f                     844     156       153    
       I2CTiva.oem4f                      798     28        0      
       I2C.oem4f                          56      0         4      
    +--+----------------------------------+-------+---------+---------+
       Total:                             1698    184       157    
                                                                   
    C:/ti/tivaware_c_series_2_1_4_178/grlib/ccs/Debug/grlib.lib
       fontcm20.obj                       0       2598      0      
       fontcmss18b.obj                    0       2122      0      
       fontcmss16b.obj                    0       1938      0      
       image.obj                          1658    0         32     
       string.obj                         1378    0         0      
       slider.obj                         1232    0         0      
       widget.obj                         738     0         365    
       circle.obj                         844     0         0      
       pushbutton.obj                     622     0         0      
       canvas.obj                         420     0         0      
       rectangle.obj                      420     0         0      
       context.obj                        206     16        4      
       line.obj                           140     0         0      
       charmap.obj                        8       0         0      
    +--+----------------------------------+-------+---------+---------+
       Total:                             7666    6674      401    
                                                                   
    C:\Users\Ben\Downloads\empty_EK_TM4C1294XL_TI\src\sysbios\sysbios.aem4f
       BIOS.obj                           11418   0         0      
       m3_Hwi_asm.obj                     314     0         0      
       m3_TaskSupport_asm.obj             180     0         0      
       m3_Hwi_asm_switch.obj              118     0         0      
[...]
0000a851  ti_sysbios_knl_Queue_Instance_init__E                                
0000a859  ti_sysbios_knl_Swi_startup__E                                        
0000a85f  xdc_runtime_System_Module_startup__E                                 
0000a869  ti_sysbios_gates_GateHwi_query__E                                    
0000a869  xdc_runtime_Main_Module_GateProxy_query__E                           
0000a869  xdc_runtime_System_Module_GateProxy_query__E                         
0000a871  ti_sysbios_BIOS_RtsGateProxy_query__E                                
0000a871  ti_sysbios_gates_GateMutex_query__E                                  
0000a871  ti_sysbios_heaps_HeapMem_Module_GateProxy_query__E                   
0000a879  ti_sysbios_knl_Task_startup__E                                       
0000a881  ti_sysbios_gates_GateHwi_Instance_init__E                            
0000a889  ti_sysbios_knl_Clock_logTick__E                                      
0000c2d2  xdc_runtime_Text_charTab__A                                          
000107fa  ti_catalog_arm_cortexm4_tiva_ce_Boot_Module__id__C                   
0001091c  _ctypes_                                                             
00010aed  xdc_runtime_Error_policy__C                                          
00010aee  ti_sysbios_family_arm_m3_Hwi_Module__id__C                           
00010af0  g_sFontCm20                                                          
00010bb8  g_sFontCmss16b                                                       
00010c80  g_sFontCmss18b                                                       
00010e0c  xdc_runtime_Text_nodeTab__A                                          
00011118  ti_sysbios_knl_Task_Object__PARAMS__C                                
00011184  ti_sysbios_family_arm_m3_Hwi_Object__PARAMS__C                       
000111b4  g_sKentec320x240x16_SSD2119                                          
000111dc  ti_sysbios_heaps_HeapMem_Module__FXNS__C                             
0001122a  ti_sysbios_gates_GateMutex_Module__id__C                             
0001122c  I2C_config                                                           
00011250  ti_sysbios_gates_GateHwi_Module__FXNS__C                             
00011274  ti_sysbios_gates_GateMutex_Module__FXNS__C                           
00011298  ti_sysbios_heaps_HeapMem_Object__PARAMS__C                           
000112bc  ti_sysbios_knl_Semaphore_Object__PARAMS__C                           
000112e0  ti_sysbios_family_arm_m3_Hwi_Object__DESC__C                         
00011300  ti_sysbios_gates_GateHwi_Object__DESC__C                             
00011320  ti_sysbios_gates_GateMutex_Object__DESC__C                           
00011340  ti_sysbios_heaps_HeapMem_Object__DESC__C                             
00011360  ti_sysbios_knl_Queue_Object__DESC__C                                 
00011380  ti_sysbios_knl_Semaphore_Object__DESC__C                             
000113a0  ti_sysbios_knl_Task_Object__DESC__C                                  
000113c0  xdc_runtime_Startup_sfxnTab__A                                       
000113e0  I2CTiva_fxnTable                                                     
000113fc  g_pi32TouchParameters                                                
00011418  i2cTivaHWAttrs                                                       
00011430  ti_sysbios_gates_GateHwi_Object__PARAMS__C                           
00011448  ti_sysbios_gates_GateMutex_Object__PARAMS__C                         
00011460  ti_sysbios_knl_Queue_Object__PARAMS__C                               
00011478  GPIOTiva_config                                                      
0001148c  xdc_runtime_Startup_firstFxns__A                                     
000114a0  g_psDefaultCodePointMapTable                                         
000114b0  xdc_runtime_Startup_sfxnRts__A                                       
000114c8  ti_sysbios_family_arm_m3_Hwi_excHookFuncs__A                         
000114d0  ti_sysbios_knl_Idle_funcList__C                                      
000114d8  xdc_runtime_Startup_firstFxns__C                                     
000114e0  xdc_runtime_Startup_lastFxns__C                                      
000114e8  ti_catalog_arm_cortexm4_tiva_ce_Boot_A_mustNotUseEnhancedClockMode__C
000114ec  ti_catalog_arm_cortexm4_tiva_ce_Boot_Module__diagsEnabled__C         
000114f0  ti_catalog_arm_cortexm4_tiva_ce_Boot_Module__diagsIncluded__C        
000114f4  ti_catalog_arm_cortexm4_tiva_ce_Boot_Module__diagsMask__C            
000114f8  ti_sysbios_family_arm_lm4_Timer_enableFunc__C                        
000114fc  ti_sysbios_family_arm_lm4_Timer_numTimerDevices__C                   
00011500  ti_sysbios_family_arm_lm4_Timer_startupNeeded__C                     
00011504  ti_sysbios_family_arm_m3_Hwi_E_NMI__C                                
00011508  ti_sysbios_family_arm_m3_Hwi_E_alreadyDefined__C                     
0001150c  ti_sysbios_family_arm_m3_Hwi_E_busFault__C                           
00011510  ti_sysbios_family_arm_m3_Hwi_E_debugMon__C                           
00011514  ti_sysbios_family_arm_m3_Hwi_E_hardFault__C                          
00011518  ti_sysbios_family_arm_m3_Hwi_E_memFault__C                           
0001151c  ti_sysbios_family_arm_m3_Hwi_E_noIsr__C                              
00011520  ti_sysbios_family_arm_m3_Hwi_E_reserved__C                           
00011524  ti_sysbios_family_arm_m3_Hwi_E_svCall__C                             
00011528  ti_sysbios_family_arm_m3_Hwi_E_usageFault__C                         
0001152c  ti_sysbios_family_arm_m3_Hwi_NUM_INTERRUPTS__C                       
00011530  ti_sysbios_family_arm_m3_Hwi_Object__count__C                        
00011534  ti_sysbios_family_arm_m3_Hwi_ccr__C                                  
00011538  ti_sysbios_family_arm_m3_Hwi_excHandlerFunc__C                       
0001153c  ti_sysbios_family_arm_m3_Hwi_excHookFuncs__C                         
00011540  ti_sysbios_family_arm_m3_Hwi_nullIsrFunc__C                          
00011544  ti_sysbios_family_arm_m3_Hwi_priGroup__C                             
00011548  ti_sysbios_family_arm_m3_TaskSupport_stackAlignment__C               
0001154c  ti_sysbios_gates_GateMutex_A_badContext__C                           
00011550  ti_sysbios_gates_GateMutex_Instance_State_sem__O                     
00011554  ti_sysbios_gates_GateMutex_Module__diagsEnabled__C                   
00011558  ti_sysbios_gates_GateMutex_Module__diagsIncluded__C                  
0001155c  ti_sysbios_gates_GateMutex_Module__diagsMask__C                      
00011560  ti_sysbios_hal_Hwi_E_stackOverflow__C                                
00011564  ti_sysbios_heaps_HeapMem_A_align__C                                  
00011568  ti_sysbios_heaps_HeapMem_A_heapSize__C                               
0001156c  ti_sysbios_heaps_HeapMem_A_invalidFree__C                            
00011570  ti_sysbios_heaps_HeapMem_A_zeroBlock__C                              
00011574  ti_sysbios_heaps_HeapMem_E_memory__C                                 
00011578  ti_sysbios_heaps_HeapMem_Module__diagsEnabled__C                     
0001157c  ti_sysbios_heaps_HeapMem_Module__diagsIncluded__C                    
00011580  ti_sysbios_heaps_HeapMem_Module__diagsMask__C                        
00011584  ti_sysbios_heaps_HeapMem_Module__gateObj__C                          
00011588  ti_sysbios_heaps_HeapMem_Object__count__C                            
0001158c  ti_sysbios_heaps_HeapMem_reqAlign__C                                 
00011590  ti_sysbios_knl_Clock_Module_State_clockQ__O                          
00011594  ti_sysbios_knl_Idle_funcList__A                                      
00011598  ti_sysbios_knl_Semaphore_A_badContext__C                             
0001159c  ti_sysbios_knl_Semaphore_A_noEvents__C                               
000115a0  ti_sysbios_knl_Semaphore_A_overflow__C                               
000115a4  ti_sysbios_knl_Semaphore_A_pendTaskDisabled__C                       
000115a8  ti_sysbios_knl_Semaphore_Instance_State_pendQ__O                     
000115ac  ti_sysbios_knl_Semaphore_Module__diagsEnabled__C                     
000115b0  ti_sysbios_knl_Semaphore_Module__diagsIncluded__C                    
000115b4  ti_sysbios_knl_Semaphore_Module__diagsMask__C                        
000115b8  ti_sysbios_knl_Swi_Object__count__C                                  
000115bc  ti_sysbios_knl_Task_A_badPriority__C                                 
000115c0  ti_sysbios_knl_Task_A_badTaskState__C                                
000115c4  ti_sysbios_knl_Task_A_badThreadType__C                               
000115c8  ti_sysbios_knl_Task_A_noPendElem__C                                  
000115cc  ti_sysbios_knl_Task_E_spOutOfBounds__C                               
000115d0  ti_sysbios_knl_Task_E_stackOverflow__C                               
000115d4  ti_sysbios_knl_Task_Module_State_inactiveQ__O                        
000115d8  ti_sysbios_knl_Task_Module__diagsEnabled__C                          
000115dc  ti_sysbios_knl_Task_Module__diagsIncluded__C                         
000115e0  ti_sysbios_knl_Task_Module__diagsMask__C                             
000115e4  ti_sysbios_knl_Task_Object__count__C                                 
000115e8  ti_sysbios_knl_Task_allBlockedFunc__C                                
000115ec  ti_sysbios_knl_Task_defaultStackHeap__C                              
000115f0  ti_sysbios_knl_Task_defaultStackSize__C                              
000115f4  ti_sysbios_knl_Task_numConstructedTasks__C                           
000115f8  xdc_runtime_Assert_E_assertFailed__C                                 
000115fc  xdc_runtime_Core_A_initializedParams__C                              
00011600  xdc_runtime_Core_Module__diagsEnabled__C                             
00011604  xdc_runtime_Core_Module__diagsIncluded__C                            
00011608  xdc_runtime_Core_Module__diagsMask__C                                
0001160c  xdc_runtime_Error_E_memory__C                                        
00011610  xdc_runtime_Error_Module__diagsEnabled__C                            
00011614  xdc_runtime_Error_Module__diagsIncluded__C                           
00011618  xdc_runtime_Error_Module__diagsMask__C                               
0001161c  xdc_runtime_Error_Module__loggerFxn8__C                              
00011620  xdc_runtime_Error_Module__loggerObj__C                               
00011624  xdc_runtime_Error_policyFxn__C                                       
00011628  xdc_runtime_Error_raiseHook__C                                       
0001162c  xdc_runtime_IGateProvider_Interface__BASE__C                         
00011630  xdc_runtime_IHeap_Interface__BASE__C                                 
00011634  xdc_runtime_IModule_Interface__BASE__C                               
00011638  xdc_runtime_Log_L_error__C                                           
0001163c  xdc_runtime_Memory_defaultHeapInstance__C                            
00011640  xdc_runtime_Startup_execImpl__C                                      
00011644  xdc_runtime_Startup_maxPasses__C                                     
00011648  xdc_runtime_Startup_sfxnRts__C                                       
0001164c  xdc_runtime_Startup_sfxnTab__C                                       
00011650  xdc_runtime_SysMin_bufSize__C                                        
00011654  xdc_runtime_SysMin_outputFunc__C                                     
00011658  xdc_runtime_System_Module__gateObj__C                                
0001165c  xdc_runtime_System_abortFxn__C                                       
00011660  xdc_runtime_System_exitFxn__C                                        
00011664  xdc_runtime_System_extendFxn__C                                      
00011668  xdc_runtime_System_maxAtexitHandlers__C                              
0001166c  xdc_runtime_Text_charTab__C                                          
00011670  xdc_runtime_Text_nameEmpty__C                                        
00011674  xdc_runtime_Text_nameStatic__C                                       
00011678  xdc_runtime_Text_nameUnknown__C                                      
0001167c  xdc_runtime_Text_nodeTab__C                                          
00011680  xdc_runtime_Text_visitRopeFxn__C                                     
00011684  ti_sysbios_hal_Hwi_Module__id__C                                     
00011686  ti_sysbios_heaps_HeapMem_Module__id__C                               
00011688  ti_sysbios_knl_Semaphore_Module__id__C                               
0001168a  ti_sysbios_knl_Task_Module__id__C                                    
0001168c  xdc_runtime_Core_Module__id__C                                       
0001168e  xdc_runtime_Error_Module__loggerDefined__C                           
00011690  xdc_runtime_Error_maxDepth__C                                        
00011692  xdc_runtime_Memory_Module__id__C                                     
00011694  xdc_runtime_SysMin_flushAtExit__C                                    
00011696  xdc_runtime_Text_charCnt__C                                          
00011698  xdc_runtime_Text_isLoaded__C                                         
0001169a  xdc_runtime_Text_registryModsLastId__C                               
0001169c  xdc_runtime_Text_unnamedModsLastId__C                                
000116a0  __TI_static_base__                                                   
00011930  __TI_Handler_Table_Base                                              
0001193c  __TI_Handler_Table_Limit                                             
00011950  __TI_CINIT_Base                                                      
00011968  __TI_CINIT_Limit                                                     
20000000  __start___llvm_prf_cnts                                              
20000000  __stop___llvm_prf_cnts                                               
20000000  ti_sysbios_family_arm_m3_Hwi_ramVectors                              
20000360  task0Stack                                                           
20000760  ti_sysbios_heaps_HeapMem_Instance_State_0_buf__A                     
20000b60  ti_sysbios_family_arm_m3_Hwi_dispatchTable                           
20000ec0  ti_sysbios_knl_Task_Instance_State_0_stack__A                        
20001200  __CIOBUF_                                                            
20001320  i2cTivaObjects                                                       
200014b0  xdc_runtime_SysMin_Module_State_0_outbuf__A                          
20001530  task0Struct                                                          
20001580  sContext                                                             
200015f0  parmbuf                                                              
200015f8  g_pi32ParmSet                                                        
20001604  g_i16TouchX                                                          
20001606  g_i16TouchY                                                          
20001608  ti_sysbios_knl_Swi_Module_State_0_readyQ__A                          
20001688  ti_sysbios_knl_Task_Module_State_0_readyQ__A                         
20001708  g_sAccelSlider                                                       
20001764  g_sPowerSlider                                                       
200017c0  g_sStartStopBttn                                                     
20001810  ti_sysbios_knl_Task_Object__table__V                                 
2000185c  ti_sysbios_knl_Task_Module__state__V                                 
200018a0  g_sBackground                                                        
200018e0  ti_sysbios_family_arm_lm4_Timer_Module_State_0_device__A             
20001920  ti_sysbios_family_arm_lm4_Timer_Object__table__V                     
20001960  ti_sysbios_gates_GateMutex_Object__table__V                          
20001998  ti_sysbios_family_arm_m3_Hwi_Module__state__V                        
200019cc  ti_sysbios_family_arm_m3_Hwi_Object__table__V                        
200019fc  ti_sysbios_knl_Swi_Object__table__V                                  
20001a2c  g_sRoot                                                              
20001a59  motorStartStop                                                       
20001a5a  ti_sysbios_family_arm_m3_Hwi_Module_State_0_excActive__A             
20001a5c  ti_sysbios_knl_Clock_Module__state__V                                
20001a88  ti_sysbios_BIOS_Module__state__V                                     
20001aac  ti_sysbios_family_arm_lm4_Timer_Module_State_0_handles__A            
20001acc  ti_sysbios_knl_Swi_Module__state__V                                  
20001ae8  ti_sysbios_heaps_HeapMem_Object__table__V                            
20001b00  gpioPinConfigs                                                       
20001b10  ti_sysbios_family_arm_lm4_Timer_Module__state__V                     
20001b1c  xdc_runtime_SysMin_Module__state__V                                  
20001b28  _lock                                                                
20001b2c  _unlock                                                              
20001b30  gpioCallbackFunctions                                                
20001b38  ti_sysbios_family_arm_m3_Hwi_Module__root__V                         
20001b40  ti_sysbios_gates_GateHwi_Module__root__V                             
20001b48  ti_sysbios_gates_GateMutex_Module__root__V                           
20001b50  ti_sysbios_heaps_HeapMem_Module__root__V                             
20001b58  ti_sysbios_knl_Queue_Module__root__V                                 
20001b60  ti_sysbios_knl_Semaphore_Module__root__V                             
20001b68  ti_sysbios_knl_Task_Module__root__V                                  
20001b70  xdc_runtime_Registry_Module__state__V                                
20001b78  xdc_runtime_Startup_Module__state__V                                 
20001b80  xdc_runtime_System_Module_State_0_atexitHandlers__A                  
20001b88  xdc_runtime_System_Module__state__V                                  
20001b96  xdc_runtime_Error_Module__state__V                                   
20001b9c  errno                                                                
20001ba0  main_func_sp                                                         
20001ba4  ti_sysbios_family_arm_m3_Hwi_Module_State_0_excContext__A            
20001ba8  ti_sysbios_family_arm_m3_Hwi_Module_State_0_excStack__A              
20001bac  ti_sysbios_gates_GateHwi_Object__table__V                            
20001bb0  ti_sysbios_knl_Task_Module_State_0_idleTask__A                       
20001bb4  g_i16TouchMin                                                        
20001bb8  xdc_runtime_Memory_Module__state__V                                  
20001bc0  __stack                                                              
20001ec0  __STACK_END                                                          
e000e000  ti_sysbios_family_arm_m3_Hwi_nvic                                    
ffffffff  __TI_pprof_out_hndl                                                  
ffffffff  __TI_prof_data_size                                                  
ffffffff  __TI_prof_data_start                                                 
ffffffff  __binit__                                                            
ffffffff  __c_args__                                                           
ffffffff  binit                                                                
UNDEFED   SHT$$INIT_ARRAY$$Base                                                
UNDEFED   SHT$$INIT_ARRAY$$Limit                                               

[678 symbols]
