******************************************************************************
                  TI ARM Linker PC v20.2.4                     
******************************************************************************
>> Linked Fri May 28 14:50:22 2021

OUTPUT FILE NAME:   <event_EK_TM4C1294XL_TI.out>
ENTRY POINT SYMBOL: "_c_int00"  address: 00003341


MEMORY CONFIGURATION

         name            origin    length      used     unused   attr    fill
----------------------  --------  ---------  --------  --------  ----  --------
  FLASH                 00000000   00100000  0000705f  000f8fa1  R  X
  SRAM                  20000000   00040000  00001c8c  0003e374  RW X


SEGMENT ALLOCATION MAP

run origin  load origin   length   init length attrs members
----------  ----------- ---------- ----------- ----- -------
00000000    00000000    00007068   00007068    r-x
  00000000    00000000    0000003c   0000003c    r-- .resetVecs
  00000040    00000040    00004db2   00004db2    r-x .text
  00004df4    00004df4    00002071   00002071    r-- .const
  00006e68    00006e68    00000200   00000200    r-- .cinit
20000000    20000000    00001c90   00000000    rw-
  20000000    20000000    00000360   00000000    rw- .vecs
  20000360    20000360    00001220   00000000    rw- .bss
  20001580    20001580    0000040c   00000000    rw- .data
  20001990    20001990    00000300   00000000    rw- .stack


SECTION ALLOCATION MAP

 output                                  attributes/
section   page    origin      length       input sections
--------  ----  ----------  ----------   ----------------
.text      0    00000040    00004db2     
                  00000040    00000430     sysbios.aem4f : BIOS.obj (.text:ti_sysbios_family_arm_m3_Hwi_excDumpRegs__I)
                  00000470    0000034c     ti.targets.arm.rtsarm.aem4f : System.oem4f (.text:xdc_runtime_System_doPrint__I)
                  000007bc    00000204     Boot.aem4f : Boot_sysctl.oem4f (.text:ti_catalog_arm_cortexm4_tiva_ce_Boot_sysCtlClockFreqSetI__I)
                  000009c0    000001f4     sysbios.aem4f : BIOS.obj (.text:ti_sysbios_family_arm_m3_Hwi_excHandlerMax__I)
                  00000bb4    000001ac     event.obj (.text:readertask)
                  00000d60    00000174     sysbios.aem4f : BIOS.obj (.text:ti_sysbios_family_arm_m3_Hwi_excBusFault__I)
                  00000ed4    00000004     rtsv7M4_T_le_v4SPD16_eabi.lib : exit.c.obj (.text:abort:abort)
                  00000ed8    00000164     sysbios.aem4f : BIOS.obj (.text:ti_sysbios_family_arm_m3_Hwi_excUsageFault__I)
                  0000103c    00000004     event_pem4f.oem4f (.text:ti_sysbios_BIOS_RtsGateProxy_enter__E)
                  00001040    00000160     sysbios.aem4f : BIOS.obj (.text:ti_sysbios_knl_Semaphore_pend__E)
                  000011a0    00000150                   : BIOS.obj (.text:ti_sysbios_knl_Event_pend__E)
                  000012f0    00000148                   : BIOS.obj (.text:ti_sysbios_family_arm_m3_Hwi_excMemFault__I)
                  00001438    00000130     event.obj (.text:main)
                  00001568    00000118     ti.targets.arm.rtsarm.aem4f : Error.oem4f (.text:xdc_runtime_Error_policyDefault__E)
                  00001680    00000108     sysbios.aem4f : BIOS.obj (.text:ti_sysbios_family_arm_lm4_Timer_start__E)
                  00001788    00000100     ti.targets.arm.rtsarm.aem4f : Core-mem.oem4f (.text:xdc_runtime_Core_createObject__I)
                  00001888    000000f8                                 : Startup.oem4f (.text:xdc_runtime_Startup_startMods__I)
                  00001980    000000f8     event_pem4f.oem4f (.text:xdc_runtime_System_printfExtend__I)
                  00001a78    000000f4     sysbios.aem4f : m3_Hwi_asm.obj (.text:ti_sysbios_family_arm_m3_Hwi_dispatch__I)
                  00001b6c    00000004     event_pem4f.oem4f (.text:ti_sysbios_BIOS_RtsGateProxy_leave__E)
                  00001b70    000000d8     sysbios.aem4f : BIOS.obj (.text:ti_sysbios_knl_Mailbox_Instance_init__E)
                  00001c48    000000d4                   : BIOS.obj (.text:ti_sysbios_heaps_HeapMem_alloc__E)
                  00001d1c    00000004                   : BIOS.obj (.text:ti_sysbios_family_arm_lm4_Timer_masterEnable__I)
                  00001d20    000000cc                   : BIOS.obj (.text:ti_sysbios_knl_Task_Instance_init__E)
                  00001dec    000000cc     ti.targets.arm.rtsarm.aem4f : Core-smem.oem4f (.text:xdc_runtime_Core_constructObject__I)
                  00001eb8    000000bc     sysbios.aem4f : BIOS.obj (.text:ti_sysbios_family_arm_m3_Hwi_excDebugMon__I)
                  00001f74    00000004     event_pem4f.oem4f (.text:ti_sysbios_family_arm_m3_TaskSupport_Module__startupDone__S)
                  00001f78    000000bc     sysbios.aem4f : BIOS.obj (.text:ti_sysbios_family_arm_m3_Hwi_excHardFault__I)
                  00002034    00000004     event_pem4f.oem4f (.text:ti_sysbios_heaps_HeapMem_Module_GateProxy_enter__E)
                  00002038    000000bc     sysbios.aem4f : BIOS.obj (.text:ti_sysbios_knl_Task_Instance_finalize__E)
                  000020f4    000000b8     EK_TM4C1294XL.obj (.text:EK_TM4C1294XL_initGeneral)
                  000021ac    00000004     event_pem4f.oem4f (.text:ti_sysbios_heaps_HeapMem_Module_GateProxy_leave__E)
                  000021b0    000000b4     sysbios.aem4f : BIOS.obj (.text:ti_sysbios_knl_Task_checkStacks__E)
                  00002264    00000004     event_pem4f.oem4f (.text:ti_sysbios_knl_Clock_TimerProxy_getMaxTicks__E)
                  00002268    000000ac     sysbios.aem4f : BIOS.obj (.text:ti_sysbios_family_arm_lm4_Timer_enableTiva__I)
                  00002314    000000a0     auto_init.aem4f : auto_init.oem4f (.text)
                  000023b4    000000a0     ti.targets.arm.rtsarm.aem4f : Text.oem4f (.text:xdc_runtime_Text_putMod__E)
                  00002454    0000009c     rtsv7M4_T_le_v4SPD16_eabi.lib : memcpy_t2.asm.obj (.text)
                  000024f0    0000009a     ti.targets.arm.rtsarm.aem4f : Text.oem4f (.text:xdc_runtime_Text_putSite__E)
                  0000258a    00000002     rtsv7M4_T_le_v4SPD16_eabi.lib : _lock.c.obj (.text:_nop)
                  0000258c    00000098     Boot.aem4f : Boot.oem4f (.text:ti_catalog_arm_cortexm4_tiva_ce_Boot_sysCtlClockFreqSet__E)
                  00002624    00000004     event_pem4f.oem4f (.text:ti_sysbios_knl_Queue_destruct)
                  00002628    00000094     sysbios.aem4f : BIOS.obj (.text:ti_sysbios_family_arm_m3_Hwi_initNVIC__E)
                  000026bc    00000004     event_pem4f.oem4f (.text:ti_sysbios_knl_Semaphore_destruct)
                  000026c0    00000094     sysbios.aem4f : BIOS.obj (.text:ti_sysbios_knl_Task_postInit__I)
                  00002754    0000008c                   : m3_TaskSupport_asm.obj (.text:ti_sysbios_family_arm_m3_TaskSupport_buildTaskStack)
                  000027e0    0000008c                   : BIOS.obj (.text:ti_sysbios_knl_Event_post__E)
                  0000286c    0000008c     event.obj (.text:writertask)
                  000028f8    00000088     sysbios.aem4f : BIOS.obj (.text:ti_sysbios_knl_Mailbox_post__E)
                  00002980    00000084                   : BIOS.obj (.text:ti_sysbios_family_arm_m3_Hwi_postInit__I)
                  00002a04    00000004     ti.targets.arm.rtsarm.aem4f : Error.oem4f (.text:xdc_runtime_Error_getSite__E)
                  00002a08    0000007c     sysbios.aem4f : BIOS.obj (.text:ti_sysbios_heaps_HeapMem_free__E)
                  00002a84    0000007a     rtsv7M4_T_le_v4SPD16_eabi.lib : memset_t2.asm.obj (.text)
                  00002afe    00000002                                   : div0.asm.obj (.text)
                  00002b00    00000078     sysbios.aem4f : BIOS.obj (.text:ti_sysbios_knl_Semaphore_post__E)
                  00002b78    00000074                   : BIOS.obj (.text:ti_sysbios_knl_Mailbox_pend__E)
                  00002bec    00000004     event_pem4f.oem4f (.text:xdc_runtime_System_Module_GateProxy_enter__E)
                  00002bf0    00000070     sysbios.aem4f : BIOS.obj (.text:ti_sysbios_knl_Clock_workFunc__E)
                  00002c60    00000070                   : BIOS.obj (.text:ti_sysbios_knl_Mailbox_Instance_finalize__E)
                  00002cd0    00000070                   : BIOS.obj (.text:ti_sysbios_knl_Semaphore_Instance_init__E)
                  00002d40    00000070                   : BIOS.obj (.text:ti_sysbios_knl_Task_exit__E)
                  00002db0    0000006d     ti.targets.arm.rtsarm.aem4f : System.oem4f (.text:xdc_runtime_System_formatNum__I)
                  00002e1d    00000001     --HOLE-- [fill = 0]
                  00002e1e    00000002     event_pem4f.oem4f (.text:ti_sysbios_BIOS_nullFunc__I)
                  00002e20    0000006c     sysbios.aem4f : BIOS.obj (.text:ti_sysbios_knl_Swi_restoreHwi__E)
                  00002e8c    0000006c     ti.targets.arm.rtsarm.aem4f : Error.oem4f (.text:xdc_runtime_Error_print__E)
                  00002ef8    0000006c                                 : Memory.oem4f (.text:xdc_runtime_Memory_alloc__E)
                  00002f64    00000068     rtsv7M4_T_le_v4SPD16_eabi.lib : copy_decompress_lzss.c.obj (.text:decompress:lzss:__TI_decompress_lzss)
                  00002fcc    00000066     ti.targets.arm.rtsarm.aem4f : Core-mem.oem4f (.text:xdc_runtime_Core_deleteObject__I)
                  00003032    00000006                                 : System.oem4f (.text:xdc_runtime_System_Module_startup__E)
                  00003038    00000064     sysbios.aem4f : BIOS.obj (.text:ti_sysbios_family_arm_lm4_Timer_Module_startup__E)
                  0000309c    00000004     event_pem4f.oem4f (.text:xdc_runtime_System_Module_GateProxy_leave__E)
                  000030a0    00000064     sysbios.aem4f : BIOS.obj (.text:ti_sysbios_family_arm_m3_Hwi_dispatchC__I)
                  00003104    00000004     ti.targets.arm.rtsarm.aem4f : System.oem4f (.text:xdc_runtime_System_aprintf_va__F)
                  00003108    00000060     sysbios.aem4f : BIOS.obj (.text:ti_sysbios_knl_Task_schedule__I)
                  00003168    0000005c                   : BIOS.obj (.text:ti_sysbios_knl_Swi_run__I)
                  000031c4    00000004     ti.targets.arm.rtsarm.aem4f : System.oem4f (.text:xdc_runtime_System_printf_va__F)
                  000031c8    0000005c     sysbios.aem4f : BIOS.obj (.text:ti_sysbios_knl_Swi_schedule__I)
                  00003224    00000002     event_pem4f.oem4f (.text:xdc_runtime_Startup_reset__I)
                  00003226    00000002     --HOLE-- [fill = 0]
                  00003228    0000005c     sysbios.aem4f : BIOS.obj (.text:ti_sysbios_knl_Task_Module_startup__E)
                  00003284    00000004     --HOLE-- [fill = 0]
                  00003288    0000005c                   : BIOS.obj (.text:ti_sysbios_knl_Task_startCore__E)
                  000032e4    0000005b     ti.targets.arm.rtsarm.aem4f : Text.oem4f (.text:xdc_runtime_Text_putLab__E)
                  0000333f    00000001     --HOLE-- [fill = 0]
                  00003340    00000058     boot.aem4f : boot.oem4f (.text)
                  00003398    00000058     rtsv7M4_T_le_v4SPD16_eabi.lib : hostwrite.c.obj (.text:HOSTwrite)
                  000033f0    00000058     sysbios.aem4f : m3_Hwi_asm_switch.obj (.text:ti_sysbios_family_arm_m3_Hwi_initStacks__E)
                  00003448    00000058     event_pem4f.oem4f (.text:ti_sysbios_knl_Mailbox_construct)
                  000034a0    00000054     sysbios.aem4f : BIOS.obj (.text:ti_sysbios_family_arm_lm4_Timer_initDevice__I)
                  000034f4    00000054     event_pem4f.oem4f (.text:ti_sysbios_knl_Task_construct)
                  00003548    00000054     ti.targets.arm.rtsarm.aem4f : Assert.oem4f (.text:xdc_runtime_Assert_raise__I)
                  0000359c    00000050     Boot.aem4f : Boot_sysctl.oem4f (.text:_SysCtlFrequencyGet)
                  000035ec    00000004     --HOLE-- [fill = 0]
                  000035f0    00000050     sysbios.aem4f : BIOS.obj (.text:ti_sysbios_family_arm_m3_Hwi_Module_startup__E)
                  00003640    00000050                   : BIOS.obj (.text:ti_sysbios_knl_Clock_Instance_init__E)
                  00003690    00000050     ti.targets.arm.rtsarm.aem4f : Startup.oem4f (.text:xdc_runtime_Startup_exec__E)
                  000036e0    00000050                                 : Text.oem4f (.text:xdc_runtime_Text_visitRope2__I)
                  00003730    0000004c     rtsv7M4_T_le_v4SPD16_eabi.lib : cpy_tbl.c.obj (.text:copy_in)
                  0000377c    00000004     --HOLE-- [fill = 0]
                  00003780    0000004c     sysbios.aem4f : BIOS.obj (.text:ti_sysbios_heaps_HeapMem_getStats__E)
                  000037cc    00000004     --HOLE-- [fill = 0]
                  000037d0    0000004c                   : BIOS.obj (.text:ti_sysbios_knl_Swi_runLoop__I)
                  0000381c    00000004     --HOLE-- [fill = 0]
                  00003820    0000004c                   : BIOS.obj (.text:ti_sysbios_knl_Task_allBlockedFunction__I)
                  0000386c    00000004     --HOLE-- [fill = 0]
                  00003870    00000048                   : BIOS.obj (.text:ti_sysbios_family_arm_lm4_Timer_enableTimers__I)
                  000038b8    00000048                   : BIOS.obj (.text:ti_sysbios_family_arm_m3_Hwi_disableInterrupt__E)
                  00003900    00000048                   : BIOS.obj (.text:ti_sysbios_family_arm_m3_Hwi_enableInterrupt__E)
                  00003948    00000048                   : BIOS.obj (.text:ti_sysbios_family_arm_m3_Hwi_excReserved__I)
                  00003990    00000048                   : BIOS.obj (.text:ti_sysbios_knl_Mailbox_Module_startup__E)
                  000039d8    00000046     ti.targets.arm.rtsarm.aem4f : Core-params.oem4f (.text:xdc_runtime_Core_assignParams__I)
                  00003a1e    00000002     --HOLE-- [fill = 0]
                  00003a20    00000044     sysbios.aem4f : BIOS.obj (.text:ti_sysbios_family_arm_lm4_Timer_isrStub__E)
                  00003a64    00000004     --HOLE-- [fill = 0]
                  00003a68    00000044                   : BIOS.obj (.text:ti_sysbios_family_arm_m3_Hwi_getStackInfo__E)
                  00003aac    00000004     --HOLE-- [fill = 0]
                  00003ab0    00000044                   : BIOS.obj (.text:ti_sysbios_knl_Mailbox_postInit__I)
                  00003af4    00000004     --HOLE-- [fill = 0]
                  00003af8    00000044                   : BIOS.obj (.text:ti_sysbios_knl_Swi_post__E)
                  00003b3c    00000044     ti.targets.arm.rtsarm.aem4f : Error.oem4f (.text:xdc_runtime_Error_setX__E)
                  00003b80    00000044                                 : SysMin.oem4f (.text:xdc_runtime_SysMin_flush__E)
                  00003bc4    00000044                                 : Text.oem4f (.text:xdc_runtime_Text_xprintf__I)
                  00003c08    00000040     rtsv7M4_T_le_v4SPD16_eabi.lib : u_divt2.asm.obj (.text)
                  00003c48    00000040     sysbios.aem4f : BIOS.obj (.text:ti_sysbios_family_arm_lm4_Timer_startup__E)
                  00003c88    00000040                   : BIOS.obj (.text:ti_sysbios_heaps_HeapMem_Instance_init__E)
                  00003cc8    0000003c                   : BIOS.obj (.text:ti_sysbios_family_arm_m3_Hwi_excSvCall__I)
                  00003d04    00000004     --HOLE-- [fill = 0]
                  00003d08    0000003c                   : BIOS.obj (.text:ti_sysbios_heaps_HeapMem_init__I)
                  00003d44    00000004     --HOLE-- [fill = 0]
                  00003d48    0000003c                   : BIOS.obj (.text:ti_sysbios_knl_Swi_restore__E)
                  00003d84    00000038     rtsv7M4_T_le_v4SPD16_eabi.lib : trgmsg.c.obj (.text:__TI_writemsg)
                  00003dbc    00000004     --HOLE-- [fill = 0]
                  00003dc0    00000038     sysbios.aem4f : BIOS.obj (.text:ti_sysbios_family_arm_m3_Hwi_excNoIsr__I)
                  00003df8    00000038                   : BIOS.obj (.text:ti_sysbios_knl_Task_processVitalTaskFlag__I)
                  00003e30    00000038     ti.targets.arm.rtsarm.aem4f : SysMin.oem4f (.text:xdc_runtime_SysMin_putch__E)
                  00003e68    00000038                                 : System.oem4f (.text:xdc_runtime_System_atexit__E)
                  00003ea0    00000034     driverlib.lib : sysctl.obj (.text:SysCtlPeripheralEnable)
                  00003ed4    00000034     rtsv7M4_T_le_v4SPD16_eabi.lib : trgmsg.c.obj (.text:__TI_readmsg)
                  00003f08    00000034     sysbios.aem4f : BIOS.obj (.text:ti_sysbios_family_arm_m3_Hwi_excNmi__I)
                  00003f3c    00000004     --HOLE-- [fill = 0]
                  00003f40    00000034                   : BIOS.obj (.text:ti_sysbios_hal_Hwi_checkStack)
                  00003f74    00000034     event_pem4f.oem4f (.text:ti_sysbios_knl_Clock_construct)
                  00003fa8    00000034     ti.targets.arm.rtsarm.aem4f : Core-label.oem4f (.text:xdc_runtime_Core_assignLabel__I)
                  00003fdc    00000033                                 : Text.oem4f (.text:xdc_runtime_Text_printVisFxn__I)
                  0000400f    00000001     --HOLE-- [fill = 0]
                  00004010    00000032     sysbios.aem4f : BIOS.obj (.text:ti_sysbios_hal_Hwi_initStack)
                  00004042    00000002     --HOLE-- [fill = 0]
                  00004044    00000030     event_pem4f.oem4f (.text:ti_sysbios_BIOS_atExitFunc__I)
                  00004074    00000004     --HOLE-- [fill = 0]
                  00004078    00000030     sysbios.aem4f : BIOS.obj (.text:ti_sysbios_family_arm_lm4_Timer_stop__E)
                  000040a8    00000030                   : BIOS.obj (.text:ti_sysbios_family_arm_m3_TaskSupport_start__E)
                  000040d8    00000030     event_pem4f.oem4f (.text:ti_sysbios_gates_GateHwi_Object__create__S)
                  00004108    00000030     event_pem4f.oem4f (.text:ti_sysbios_gates_GateMutex_Object__create__S)
                  00004138    00000030     sysbios.aem4f : BIOS.obj (.text:ti_sysbios_gates_GateMutex_enter__E)
                  00004168    00000030     event_pem4f.oem4f (.text:ti_sysbios_heaps_HeapMem_Object__create__S)
                  00004198    00000030     sysbios.aem4f : BIOS.obj (.text:ti_sysbios_knl_Event_pendTimeout__I)
                  000041c8    00000030     event_pem4f.oem4f (.text:ti_sysbios_knl_Semaphore_construct)
                  000041f8    00000030     sysbios.aem4f : BIOS.obj (.text:ti_sysbios_knl_Semaphore_pendTimeout__I)
                  00004228    00000030                   : BIOS.obj (.text:ti_sysbios_knl_Task_unblockI__E)
                  00004258    00000030     ti.targets.arm.rtsarm.aem4f : SysMin.oem4f (.text:xdc_runtime_SysMin_abort__E)
                  00004288    00000030                                 : System.oem4f (.text:xdc_runtime_System_processAtExit__E)
                  000042b8    0000002c     event_pem4f.oem4f (.text:ti_sysbios_knl_Clock_doTick__I)
                  000042e4    0000002c     event_pem4f.oem4f (.text:ti_sysbios_knl_Event_construct)
                  00004310    0000002c     event_pem4f.oem4f (.text:ti_sysbios_knl_Queue_construct)
                  0000433c    00000004     --HOLE-- [fill = 0]
                  00004340    0000002c     sysbios.aem4f : BIOS.obj (.text:ti_sysbios_knl_Task_restore__E)
                  0000436c    0000002c     ti.targets.arm.rtsarm.aem4f : Text.oem4f (.text:xdc_runtime_Text_cordText__E)
                  00004398    0000002a                                 : System.oem4f (.text:xdc_runtime_System_putchar__I)
                  000043c2    00000006     --HOLE-- [fill = 0]
                  000043c8    00000028     sysbios.aem4f : BIOS.obj (.text:ti_sysbios_knl_Clock_addI__E)
                  000043f0    00000028                   : BIOS.obj (.text:ti_sysbios_knl_Semaphore_Instance_finalize__E)
                  00004418    00000028                   : BIOS.obj (.text:ti_sysbios_knl_Swi_Module_startup__E)
                  00004440    00000026                   : m3_Hwi_asm.obj (.text:ti_sysbios_family_arm_m3_Hwi_pendSV__I)
                  00004466    00000026     ti.targets.arm.rtsarm.aem4f : System.oem4f (.text:xdc_runtime_System_avprintf__E)
                  0000448c    00000024     event_pem4f.oem4f (.text:ti_sysbios_BIOS_errorRaiseHook__I)
                  000044b0    00000024     event_pem4f.oem4f (.text:ti_sysbios_BIOS_registerRTSLock__I)
                  000044d4    00000024     event_pem4f.oem4f (.text:ti_sysbios_BIOS_removeRTSLock__I)
                  000044f8    00000024     event_pem4f.oem4f (.text:ti_sysbios_BIOS_startFunc__I)
                  0000451c    00000024     event_pem4f.oem4f (.text:ti_sysbios_gates_GateMutex_Object__delete__S)
                  00004540    00000024     sysbios.aem4f : BIOS.obj (.text:ti_sysbios_knl_Clock_Module_startup__E)
                  00004564    00000004     --HOLE-- [fill = 0]
                  00004568    00000024                   : BIOS.obj (.text:ti_sysbios_knl_Task_restoreHwi__E)
                  0000458c    00000024     ti.targets.arm.rtsarm.aem4f : System.oem4f (.text:xdc_runtime_System_vprintf__E)
                  000045b0    00000022     sysbios.aem4f : BIOS.obj (.text:ti_sysbios_family_arm_lm4_Timer_write__I)
                  000045d2    00000022     event_pem4f.oem4f (.text:xdc_runtime_SysMin_output__I)
                  000045f4    00000020     Boot.aem4f : Boot_sysctl.oem4f (.text:_SysCtlMemTimingGet)
                  00004614    00000020     event_pem4f.oem4f (.text:ti_sysbios_BIOS_rtsLock__I)
                  00004634    00000020     sysbios.aem4f : m3_Hwi_asm.obj (.text:ti_sysbios_family_arm_m3_Hwi_excHandlerAsm__I)
                  00004654    00000004     --HOLE-- [fill = 0]
                  00004658    00000020                   : BIOS.obj (.text:ti_sysbios_family_arm_m3_Hwi_excHandler__I)
                  00004678    00000020     event_pem4f.oem4f (.text:ti_sysbios_gates_GateHwi_Object__delete__S)
                  00004698    00000020     event_pem4f.oem4f (.text:ti_sysbios_heaps_HeapMem_Object__delete__S)
                  000046b8    00000020     sysbios.aem4f : BIOS.obj (.text:ti_sysbios_knl_Idle_run__E)
                  000046d8    00000020     event_pem4f.oem4f (.text:ti_sysbios_knl_Semaphore_Object__destruct__S)
                  000046f8    00000020     ti.targets.arm.rtsarm.aem4f : Registry.oem4f (.text:xdc_runtime_Registry_findById__E)
                  00004718    00000020                                 : SysMin.oem4f (.text:xdc_runtime_SysMin_Module_startup__E)
                  00004738    0000001e     sysbios.aem4f : m3_Hwi_asm_switch.obj (.text:ti_sysbios_family_xxx_Hwi_switchAndRunFunc)
                  00004756    00000002     --HOLE-- [fill = 0]
                  00004758    0000001c                   : BIOS.obj (.text:ti_sysbios_gates_GateMutex_Instance_init__E)
                  00004774    0000001c     event_pem4f.oem4f (.text:ti_sysbios_knl_Queue_Object__destruct__S)
                  00004790    0000001c     sysbios.aem4f : BIOS.obj (.text:ti_sysbios_knl_Queue_get__E)
                  000047ac    00000004     --HOLE-- [fill = 0]
                  000047b0    0000001c                   : BIOS.obj (.text:ti_sysbios_knl_Queue_put__E)
                  000047cc    00000004     --HOLE-- [fill = 0]
                  000047d0    0000001c                   : BIOS.obj (.text:ti_sysbios_knl_Task_enter__I)
                  000047ec    0000001c     ti.targets.arm.rtsarm.aem4f : Error.oem4f (.text:xdc_runtime_Error_raiseX__E)
                  00004808    0000001c                                 : Memory.oem4f (.text:xdc_runtime_Memory_valloc__E)
                  00004824    0000001c                                 : SysMin.oem4f (.text:xdc_runtime_SysMin_exit__E)
                  00004840    0000001c                                 : System.oem4f (.text:xdc_runtime_System_abort__E)
                  0000485c    0000001a     event_pem4f.oem4f (.text:ti_sysbios_family_arm_m3_Hwi_Handle__label__S)
                  00004876    0000001a     event_pem4f.oem4f (.text:ti_sysbios_gates_GateHwi_Handle__label__S)
                  00004890    0000001a     event_pem4f.oem4f (.text:ti_sysbios_gates_GateMutex_Handle__label__S)
                  000048aa    0000001a     event_pem4f.oem4f (.text:ti_sysbios_heaps_HeapMem_Handle__label__S)
                  000048c4    0000001a     event_pem4f.oem4f (.text:ti_sysbios_knl_Swi_Handle__label__S)
                  000048de    0000001a     event_pem4f.oem4f (.text:ti_sysbios_knl_Task_Handle__label__S)
                  000048f8    0000001a     event_pem4f.oem4f (.text:xdc_runtime_System_aprintf__E)
                  00004912    0000001a     event_pem4f.oem4f (.text:xdc_runtime_System_printf__E)
                  0000492c    00000018     rtsv7M4_T_le_v4SPD16_eabi.lib : args_main.c.obj (.text:_args_main)
                  00004944    00000018     event_pem4f.oem4f (.text:ti_sysbios_BIOS_rtsUnlock__I)
                  0000495c    00000018     event_pem4f.oem4f (.text:ti_sysbios_family_arm_lm4_Timer_Module__startupDone__F)
                  00004974    00000018     event_pem4f.oem4f (.text:ti_sysbios_family_arm_m3_Hwi_Module__startupDone__F)
                  0000498c    00000018     sysbios.aem4f : m3_TaskSupport_asm.obj (.text:ti_sysbios_family_arm_m3_TaskSupport_swap__E)
                  000049a4    00000004     --HOLE-- [fill = 0]
                  000049a8    00000018                   : BIOS.obj (.text:ti_sysbios_gates_GateMutex_leave__E)
                  000049c0    00000018     ti.targets.arm.rtsarm.aem4f : Error.oem4f (.text:xdc_runtime_Error_check__E)
                  000049d8    00000018                                 : System.oem4f (.text:xdc_runtime_System_exit__E)
                  000049f0    00000018                                 : Text.oem4f (.text:xdc_runtime_Text_ropeText__E)
                  00004a08    00000016     event_pem4f.oem4f (.text:ti_sysbios_BIOS_exitFunc__I)
                  00004a1e    00000016     event.obj (.text:ti_sysbios_knl_Clock_Params_init)
                  00004a34    00000016     event.obj (.text:ti_sysbios_knl_Mailbox_Params_init)
                  00004a4a    00000016     event.obj (.text:ti_sysbios_knl_Semaphore_Params_init)
                  00004a60    00000016     event.obj (.text:ti_sysbios_knl_Task_Params_init)
                  00004a76    00000002     --HOLE-- [fill = 0]
                  00004a78    00000014     event.obj (.text:clk0Fxn)
                  00004a8c    00000014     event.obj (.text:clk1Fxn)
                  00004aa0    00000014     rtsv7M4_T_le_v4SPD16_eabi.lib : strlen.c.obj (.text:strlen)
                  00004ab4    00000014     event_pem4f.oem4f (.text:ti_sysbios_family_arm_m3_Hwi_Object__get__S)
                  00004ac8    00000014     sysbios.aem4f : BIOS.obj (.text:ti_sysbios_family_arm_m3_Hwi_switchFromBootStack__E)
                  00004adc    00000014     event_pem4f.oem4f (.text:ti_sysbios_heaps_HeapMem_Object__get__S)
                  00004af0    00000014     sysbios.aem4f : BIOS.obj (.text:ti_sysbios_knl_Event_Instance_init__E)
                  00004b04    00000014     event_pem4f.oem4f (.text:ti_sysbios_knl_Swi_Object__get__S)
                  00004b18    00000012     sysbios.aem4f : BIOS.obj (.text:ti_sysbios_hal_Hwi_Module_startup__E)
                  00004b2a    00000006     --HOLE-- [fill = 0]
                  00004b30    00000012                   : BIOS.obj (.text:ti_sysbios_knl_Event_sync__E)
                  00004b42    00000012     event_pem4f.oem4f (.text:xdc_runtime_Startup_exec__I)
                  00004b54    00000010     event_pem4f.oem4f (.text:.bootCodeSection:ti_catalog_arm_cortexm4_tiva_ce_Boot_init__I)
                  00004b64    00000004     --HOLE-- [fill = 0]
                  00004b68    00000010     sysbios.aem4f : BIOS.obj (.text:ti_sysbios_BIOS_exit__E)
                  00004b78    00000010                   : BIOS.obj (.text:ti_sysbios_BIOS_setThreadType__E)
                  00004b88    00000010                   : BIOS.obj (.text:ti_sysbios_BIOS_start__E)
                  00004b98    00000010                   : m3_TaskSupport_asm.obj (.text:ti_sysbios_family_arm_m3_TaskSupport_glue)
                  00004ba8    00000010                   : BIOS.obj (.text:ti_sysbios_gates_GateMutex_Instance_finalize__E)
                  00004bb8    00000010     event_pem4f.oem4f (.text:ti_sysbios_knl_Mailbox_Object__get__S)
                  00004bc8    00000010     sysbios.aem4f : BIOS.obj (.text:ti_sysbios_knl_Swi_disable__E)
                  00004bd8    00000010     event_pem4f.oem4f (.text:ti_sysbios_knl_Task_Object__get__S)
                  00004be8    00000010     sysbios.aem4f : BIOS.obj (.text:ti_sysbios_knl_Task_disable__E)
                  00004bf8    00000010     ti.targets.arm.rtsarm.aem4f : Gate.oem4f (.text:xdc_runtime_Gate_leaveSystem__E)
                  00004c08    00000010                                 : Memory.oem4f (.text:xdc_runtime_Memory_free__E)
                  00004c18    00000010                                 : SysMin.oem4f (.text:xdc_runtime_SysMin_ready__E)
                  00004c28    00000010                                 : System.oem4f (.text:xdc_runtime_System_vsnprintf__E)
                  00004c38    00000010     event_pem4f.oem4f (.text:xdc_runtime_Text_visitRope__I)
                  00004c48    0000000e     rtsv7M4_T_le_v4SPD16_eabi.lib : copy_decompress_none.c.obj (.text:decompress:none:__TI_decompress_none)
                  00004c56    00000002     --HOLE-- [fill = 0]
                  00004c58    0000000e     sysbios.aem4f : BIOS.obj (.text:ti_sysbios_knl_Idle_loop__E)
                  00004c66    00000002     --HOLE-- [fill = 0]
                  00004c68    0000000e                   : BIOS.obj (.text:ti_sysbios_knl_Queue_empty__E)
                  00004c76    00000002     --HOLE-- [fill = 0]
                  00004c78    0000000c     rtsv7M4_T_le_v4SPD16_eabi.lib : _lock.c.obj (.text:_register_lock)
                  00004c84    0000000c                                   : _lock.c.obj (.text:_register_unlock)
                  00004c90    0000000c                                   : copy_zero_init.c.obj (.text:decompress:ZI:__TI_zero_init)
                  00004c9c    00000004     --HOLE-- [fill = 0]
                  00004ca0    0000000c     sysbios.aem4f : BIOS.obj (.text:ti_sysbios_family_arm_lm4_Timer_getMaxTicks__E)
                  00004cac    00000004     --HOLE-- [fill = 0]
                  00004cb0    0000000c                   : BIOS.obj (.text:ti_sysbios_family_arm_m3_TaskSupport_checkStack__E)
                  00004cbc    00000004     --HOLE-- [fill = 0]
                  00004cc0    0000000c                   : BIOS.obj (.text:ti_sysbios_family_arm_m3_TaskSupport_getStackAlignment__E)
                  00004ccc    00000004     --HOLE-- [fill = 0]
                  00004cd0    0000000c                   : BIOS.obj (.text:ti_sysbios_gates_GateHwi_enter__E)
                  00004cdc    0000000c     event_pem4f.oem4f (.text:ti_sysbios_knl_Clock_Params__init__S)
                  00004ce8    0000000c     event.obj (.text:ti_sysbios_knl_Clock_handle)
                  00004cf4    0000000c     event.obj (.text:ti_sysbios_knl_Event_handle)
                  00004d00    0000000c     event_pem4f.oem4f (.text:ti_sysbios_knl_Mailbox_Params__init__S)
                  00004d0c    0000000c     event.obj (.text:ti_sysbios_knl_Mailbox_handle)
                  00004d18    0000000c     event_pem4f.oem4f (.text:ti_sysbios_knl_Queue_Object__get__S)
                  00004d24    0000000c     event_pem4f.oem4f (.text:ti_sysbios_knl_Semaphore_Params__init__S)
                  00004d30    0000000c     event.obj (.text:ti_sysbios_knl_Semaphore_handle)
                  00004d3c    0000000c     event_pem4f.oem4f (.text:ti_sysbios_knl_Task_Params__init__S)
                  00004d48    0000000c     ti.targets.arm.rtsarm.aem4f : Error.oem4f (.text:xdc_runtime_Error_init__E)
                  00004d54    0000000c                                 : Gate.oem4f (.text:xdc_runtime_Gate_enterSystem__E)
                  00004d60    0000000c                                 : Memory.oem4f (.text:xdc_runtime_Memory_calloc__E)
                  00004d6c    0000000c                                 : Memory.oem4f (.text:xdc_runtime_Memory_getMaxDefaultTypeAlign__E)
                  00004d78    0000000a     event_pem4f.oem4f (.text:xdc_runtime_IHeap_alloc)
                  00004d82    0000000a     event_pem4f.oem4f (.text:xdc_runtime_IHeap_free)
                  00004d8c    00000008     sysbios.aem4f : BIOS.obj (.text:ti_sysbios_family_arm_lm4_Timer_masterDisable__I)
                  00004d94    00000004     --HOLE-- [fill = 0]
                  00004d98    00000008                   : BIOS.obj (.text:ti_sysbios_family_arm_m3_Hwi_doSwiRestore__I)
                  00004da0    00000008                   : BIOS.obj (.text:ti_sysbios_family_arm_m3_Hwi_startup__E)
                  00004da8    00000006                   : BIOS.obj (.text:ti_sysbios_family_arm_m3_Hwi_doTaskRestore__I)
                  00004dae    00000002     --HOLE-- [fill = 0]
                  00004db0    00000006                   : BIOS.obj (.text:ti_sysbios_gates_GateHwi_leave__E)
                  00004db6    00000002     --HOLE-- [fill = 0]
                  00004db8    00000006                   : BIOS.obj (.text:ti_sysbios_heaps_HeapMem_isBlocking__E)
                  00004dbe    00000002     --HOLE-- [fill = 0]
                  00004dc0    00000006                   : BIOS.obj (.text:ti_sysbios_knl_Queue_Instance_init__E)
                  00004dc6    00000002     --HOLE-- [fill = 0]
                  00004dc8    00000006                   : BIOS.obj (.text:ti_sysbios_knl_Swi_startup__E)
                  00004dce    00000002     --HOLE-- [fill = 0]
                  00004dd0    00000004                   : BIOS.obj (.text:ti_sysbios_gates_GateHwi_query__E)
                  00004dd4    00000004     --HOLE-- [fill = 0]
                  00004dd8    00000004                   : BIOS.obj (.text:ti_sysbios_gates_GateMutex_query__E)
                  00004ddc    00000004     --HOLE-- [fill = 0]
                  00004de0    00000004                   : BIOS.obj (.text:ti_sysbios_knl_Task_startup__E)
                  00004de4    00000004     --HOLE-- [fill = 0]
                  00004de8    00000002                   : BIOS.obj (.text:ti_sysbios_gates_GateHwi_Instance_init__E)
                  00004dea    00000006     --HOLE-- [fill = 0]
                  00004df0    00000002                   : BIOS.obj (.text:ti_sysbios_knl_Clock_logTick__E)

.const     0    00004df4    00002071     
                  00004df4    000018f6     event_pem4f.oem4f (.const:xdc_runtime_Text_charTab__A)
                  000066ea    00000002     event_pem4f.oem4f (.const:ti_catalog_arm_cortexm4_tiva_ce_Boot_Module__id__C)
                  000066ec    00000120     Boot.aem4f : Boot_sysctl.oem4f (.const:g_pppui32XTALtoVCO)
                  0000680c    000000c4     event_pem4f.oem4f (.const:xdc_runtime_Text_nodeTab__A)
                  000068d0    0000006c     Boot.aem4f : Boot_sysctl.oem4f (.const:g_pui32Xtals)
                  0000693c    00000048     event_pem4f.oem4f (.const:.string)
                  00006984    0000003c     event_pem4f.oem4f (.const:ti_sysbios_knl_Task_Object__PARAMS__C)
                  000069c0    00000034     event_pem4f.oem4f (.const:ti_sysbios_knl_Mailbox_Object__PARAMS__C)
                  000069f4    00000030     Boot.aem4f : Boot_sysctl.oem4f (.const:g_sXTALtoMEMTIM)
                  00006a24    00000028     event_pem4f.oem4f (.const:ti_sysbios_heaps_HeapMem_Module__FXNS__C)
                  00006a4c    00000024     event_pem4f.oem4f (.const:ti_sysbios_gates_GateHwi_Module__FXNS__C)
                  00006a70    00000024     event_pem4f.oem4f (.const:ti_sysbios_gates_GateMutex_Module__FXNS__C)
                  00006a94    00000024     event_pem4f.oem4f (.const:ti_sysbios_heaps_HeapMem_Object__PARAMS__C)
                  00006ab8    00000024     event_pem4f.oem4f (.const:ti_sysbios_knl_Clock_Object__PARAMS__C)
                  00006adc    00000024     event_pem4f.oem4f (.const:ti_sysbios_knl_Semaphore_Object__PARAMS__C)
                  00006b00    00000024     event_pem4f.oem4f (.const:xdc_runtime_Startup_sfxnTab__A)
                  00006b24    00000020     event_pem4f.oem4f (.const:ti_sysbios_gates_GateHwi_Object__DESC__C)
                  00006b44    00000020     event_pem4f.oem4f (.const:ti_sysbios_gates_GateMutex_Object__DESC__C)
                  00006b64    00000020     event_pem4f.oem4f (.const:ti_sysbios_heaps_HeapMem_Object__DESC__C)
                  00006b84    00000020     event_pem4f.oem4f (.const:ti_sysbios_knl_Clock_Object__DESC__C)
                  00006ba4    00000020     event_pem4f.oem4f (.const:ti_sysbios_knl_Event_Object__DESC__C)
                  00006bc4    00000020     event_pem4f.oem4f (.const:ti_sysbios_knl_Mailbox_Object__DESC__C)
                  00006be4    00000020     event_pem4f.oem4f (.const:ti_sysbios_knl_Queue_Object__DESC__C)
                  00006c04    00000020     event_pem4f.oem4f (.const:ti_sysbios_knl_Semaphore_Object__DESC__C)
                  00006c24    00000020     event_pem4f.oem4f (.const:ti_sysbios_knl_Task_Object__DESC__C)
                  00006c44    00000018     event_pem4f.oem4f (.const:ti_sysbios_gates_GateHwi_Object__PARAMS__C)
                  00006c5c    00000018     event_pem4f.oem4f (.const:ti_sysbios_gates_GateMutex_Object__PARAMS__C)
                  00006c74    00000018     event_pem4f.oem4f (.const:ti_sysbios_knl_Event_Object__PARAMS__C)
                  00006c8c    00000018     event_pem4f.oem4f (.const:ti_sysbios_knl_Queue_Object__PARAMS__C)
                  00006ca4    00000014     event_pem4f.oem4f (.const:xdc_runtime_Startup_firstFxns__A)
                  00006cb8    00000012     event_pem4f.oem4f (.const:xdc_runtime_Startup_sfxnRts__A)
                  00006cca    00000002     event_pem4f.oem4f (.const:ti_sysbios_family_arm_m3_Hwi_Module__id__C)
                  00006ccc    00000008     Boot.aem4f : Boot_sysctl.oem4f (.const)
                  00006cd4    00000008     event_pem4f.oem4f (.const:ti_sysbios_family_arm_m3_Hwi_excHookFuncs__A)
                  00006cdc    00000008     event_pem4f.oem4f (.const:ti_sysbios_knl_Idle_funcList__C)
                  00006ce4    00000008     event_pem4f.oem4f (.const:xdc_runtime_Startup_firstFxns__C)
                  00006cec    00000008     event_pem4f.oem4f (.const:xdc_runtime_Startup_lastFxns__C)
                  00006cf4    00000004     event_pem4f.oem4f (.const:ti_catalog_arm_cortexm4_tiva_ce_Boot_A_mustNotUseEnhancedClockMode__C)
                  00006cf8    00000004     event_pem4f.oem4f (.const:ti_catalog_arm_cortexm4_tiva_ce_Boot_Module__diagsEnabled__C)
                  00006cfc    00000004     event_pem4f.oem4f (.const:ti_catalog_arm_cortexm4_tiva_ce_Boot_Module__diagsIncluded__C)
                  00006d00    00000004     event_pem4f.oem4f (.const:ti_catalog_arm_cortexm4_tiva_ce_Boot_Module__diagsMask__C)
                  00006d04    00000004     event_pem4f.oem4f (.const:ti_sysbios_family_arm_lm4_Timer_enableFunc__C)
                  00006d08    00000004     event_pem4f.oem4f (.const:ti_sysbios_family_arm_lm4_Timer_numTimerDevices__C)
                  00006d0c    00000004     event_pem4f.oem4f (.const:ti_sysbios_family_arm_lm4_Timer_startupNeeded__C)
                  00006d10    00000004     event_pem4f.oem4f (.const:ti_sysbios_family_arm_m3_Hwi_E_NMI__C)
                  00006d14    00000004     event_pem4f.oem4f (.const:ti_sysbios_family_arm_m3_Hwi_E_busFault__C)
                  00006d18    00000004     event_pem4f.oem4f (.const:ti_sysbios_family_arm_m3_Hwi_E_debugMon__C)
                  00006d1c    00000004     event_pem4f.oem4f (.const:ti_sysbios_family_arm_m3_Hwi_E_hardFault__C)
                  00006d20    00000004     event_pem4f.oem4f (.const:ti_sysbios_family_arm_m3_Hwi_E_memFault__C)
                  00006d24    00000004     event_pem4f.oem4f (.const:ti_sysbios_family_arm_m3_Hwi_E_noIsr__C)
                  00006d28    00000004     event_pem4f.oem4f (.const:ti_sysbios_family_arm_m3_Hwi_E_reserved__C)
                  00006d2c    00000004     event_pem4f.oem4f (.const:ti_sysbios_family_arm_m3_Hwi_E_svCall__C)
                  00006d30    00000004     event_pem4f.oem4f (.const:ti_sysbios_family_arm_m3_Hwi_E_usageFault__C)
                  00006d34    00000004     event_pem4f.oem4f (.const:ti_sysbios_family_arm_m3_Hwi_NUM_INTERRUPTS__C)
                  00006d38    00000004     event_pem4f.oem4f (.const:ti_sysbios_family_arm_m3_Hwi_Object__count__C)
                  00006d3c    00000004     event_pem4f.oem4f (.const:ti_sysbios_family_arm_m3_Hwi_ccr__C)
                  00006d40    00000004     event_pem4f.oem4f (.const:ti_sysbios_family_arm_m3_Hwi_excHandlerFunc__C)
                  00006d44    00000004     event_pem4f.oem4f (.const:ti_sysbios_family_arm_m3_Hwi_excHookFuncs__C)
                  00006d48    00000004     event_pem4f.oem4f (.const:ti_sysbios_family_arm_m3_Hwi_nullIsrFunc__C)
                  00006d4c    00000004     event_pem4f.oem4f (.const:ti_sysbios_family_arm_m3_Hwi_priGroup__C)
                  00006d50    00000004     event_pem4f.oem4f (.const:ti_sysbios_family_arm_m3_TaskSupport_stackAlignment__C)
                  00006d54    00000004     event_pem4f.oem4f (.const:ti_sysbios_gates_GateMutex_Instance_State_sem__O)
                  00006d58    00000004     event_pem4f.oem4f (.const:ti_sysbios_hal_Hwi_E_stackOverflow__C)
                  00006d5c    00000004     event_pem4f.oem4f (.const:ti_sysbios_heaps_HeapMem_E_memory__C)
                  00006d60    00000004     event_pem4f.oem4f (.const:ti_sysbios_heaps_HeapMem_Module__gateObj__C)
                  00006d64    00000004     event_pem4f.oem4f (.const:ti_sysbios_heaps_HeapMem_Object__count__C)
                  00006d68    00000004     event_pem4f.oem4f (.const:ti_sysbios_heaps_HeapMem_reqAlign__C)
                  00006d6c    00000004     event_pem4f.oem4f (.const:ti_sysbios_knl_Clock_Module_State_clockQ__O)
                  00006d70    00000004     event_pem4f.oem4f (.const:ti_sysbios_knl_Event_Instance_State_pendQ__O)
                  00006d74    00000004     event_pem4f.oem4f (.const:ti_sysbios_knl_Idle_funcList__A)
                  00006d78    00000004     event_pem4f.oem4f (.const:ti_sysbios_knl_Mailbox_Instance_State_dataQue__O)
                  00006d7c    00000004     event_pem4f.oem4f (.const:ti_sysbios_knl_Mailbox_Instance_State_dataSem__O)
                  00006d80    00000004     event_pem4f.oem4f (.const:ti_sysbios_knl_Mailbox_Instance_State_freeQue__O)
                  00006d84    00000004     event_pem4f.oem4f (.const:ti_sysbios_knl_Mailbox_Instance_State_freeSem__O)
                  00006d88    00000004     event_pem4f.oem4f (.const:ti_sysbios_knl_Mailbox_Object__count__C)
                  00006d8c    00000004     event_pem4f.oem4f (.const:ti_sysbios_knl_Mailbox_maxTypeAlign__C)
                  00006d90    00000004     event_pem4f.oem4f (.const:ti_sysbios_knl_Semaphore_Instance_State_pendQ__O)
                  00006d94    00000004     event_pem4f.oem4f (.const:ti_sysbios_knl_Semaphore_eventPost__C)
                  00006d98    00000004     event_pem4f.oem4f (.const:ti_sysbios_knl_Semaphore_eventSync__C)
                  00006d9c    00000004     event_pem4f.oem4f (.const:ti_sysbios_knl_Swi_Object__count__C)
                  00006da0    00000004     event_pem4f.oem4f (.const:ti_sysbios_knl_Task_E_spOutOfBounds__C)
                  00006da4    00000004     event_pem4f.oem4f (.const:ti_sysbios_knl_Task_E_stackOverflow__C)
                  00006da8    00000004     event_pem4f.oem4f (.const:ti_sysbios_knl_Task_Module_State_inactiveQ__O)
                  00006dac    00000004     event_pem4f.oem4f (.const:ti_sysbios_knl_Task_Object__count__C)
                  00006db0    00000004     event_pem4f.oem4f (.const:ti_sysbios_knl_Task_allBlockedFunc__C)
                  00006db4    00000004     event_pem4f.oem4f (.const:ti_sysbios_knl_Task_defaultStackHeap__C)
                  00006db8    00000004     event_pem4f.oem4f (.const:ti_sysbios_knl_Task_defaultStackSize__C)
                  00006dbc    00000004     event_pem4f.oem4f (.const:ti_sysbios_knl_Task_numConstructedTasks__C)
                  00006dc0    00000004     event_pem4f.oem4f (.const:xdc_runtime_Assert_E_assertFailed__C)
                  00006dc4    00000004     event_pem4f.oem4f (.const:xdc_runtime_Core_A_initializedParams__C)
                  00006dc8    00000004     event_pem4f.oem4f (.const:xdc_runtime_Core_Module__diagsEnabled__C)
                  00006dcc    00000004     event_pem4f.oem4f (.const:xdc_runtime_Core_Module__diagsIncluded__C)
                  00006dd0    00000004     event_pem4f.oem4f (.const:xdc_runtime_Core_Module__diagsMask__C)
                  00006dd4    00000004     event_pem4f.oem4f (.const:xdc_runtime_Error_E_memory__C)
                  00006dd8    00000004     event_pem4f.oem4f (.const:xdc_runtime_Error_Module__diagsEnabled__C)
                  00006ddc    00000004     event_pem4f.oem4f (.const:xdc_runtime_Error_Module__diagsIncluded__C)
                  00006de0    00000004     event_pem4f.oem4f (.const:xdc_runtime_Error_Module__diagsMask__C)
                  00006de4    00000004     event_pem4f.oem4f (.const:xdc_runtime_Error_Module__loggerFxn8__C)
                  00006de8    00000004     event_pem4f.oem4f (.const:xdc_runtime_Error_Module__loggerObj__C)
                  00006dec    00000004     event_pem4f.oem4f (.const:xdc_runtime_Error_policyFxn__C)
                  00006df0    00000004     event_pem4f.oem4f (.const:xdc_runtime_Error_raiseHook__C)
                  00006df4    00000004     event_pem4f.oem4f (.const:xdc_runtime_IGateProvider_Interface__BASE__C)
                  00006df8    00000004     event_pem4f.oem4f (.const:xdc_runtime_IHeap_Interface__BASE__C)
                  00006dfc    00000004     event_pem4f.oem4f (.const:xdc_runtime_IModule_Interface__BASE__C)
                  00006e00    00000004     event_pem4f.oem4f (.const:xdc_runtime_Log_L_error__C)
                  00006e04    00000004     event_pem4f.oem4f (.const:xdc_runtime_Memory_defaultHeapInstance__C)
                  00006e08    00000004     event_pem4f.oem4f (.const:xdc_runtime_Startup_execImpl__C)
                  00006e0c    00000004     event_pem4f.oem4f (.const:xdc_runtime_Startup_maxPasses__C)
                  00006e10    00000004     event_pem4f.oem4f (.const:xdc_runtime_Startup_sfxnRts__C)
                  00006e14    00000004     event_pem4f.oem4f (.const:xdc_runtime_Startup_sfxnTab__C)
                  00006e18    00000004     event_pem4f.oem4f (.const:xdc_runtime_SysMin_bufSize__C)
                  00006e1c    00000004     event_pem4f.oem4f (.const:xdc_runtime_SysMin_outputFunc__C)
                  00006e20    00000004     event_pem4f.oem4f (.const:xdc_runtime_System_Module__gateObj__C)
                  00006e24    00000004     event_pem4f.oem4f (.const:xdc_runtime_System_abortFxn__C)
                  00006e28    00000004     event_pem4f.oem4f (.const:xdc_runtime_System_exitFxn__C)
                  00006e2c    00000004     event_pem4f.oem4f (.const:xdc_runtime_System_extendFxn__C)
                  00006e30    00000004     event_pem4f.oem4f (.const:xdc_runtime_System_maxAtexitHandlers__C)
                  00006e34    00000004     event_pem4f.oem4f (.const:xdc_runtime_Text_charTab__C)
                  00006e38    00000004     event_pem4f.oem4f (.const:xdc_runtime_Text_nameEmpty__C)
                  00006e3c    00000004     event_pem4f.oem4f (.const:xdc_runtime_Text_nameStatic__C)
                  00006e40    00000004     event_pem4f.oem4f (.const:xdc_runtime_Text_nameUnknown__C)
                  00006e44    00000004     event_pem4f.oem4f (.const:xdc_runtime_Text_nodeTab__C)
                  00006e48    00000004     event_pem4f.oem4f (.const:xdc_runtime_Text_visitRopeFxn__C)
                  00006e4c    00000002     event_pem4f.oem4f (.const:ti_sysbios_hal_Hwi_Module__id__C)
                  00006e4e    00000002     event_pem4f.oem4f (.const:ti_sysbios_heaps_HeapMem_Module__id__C)
                  00006e50    00000002     event_pem4f.oem4f (.const:ti_sysbios_knl_Task_Module__id__C)
                  00006e52    00000002     event_pem4f.oem4f (.const:xdc_runtime_Core_Module__id__C)
                  00006e54    00000002     event_pem4f.oem4f (.const:xdc_runtime_Error_Module__loggerDefined__C)
                  00006e56    00000002     event_pem4f.oem4f (.const:xdc_runtime_Error_maxDepth__C)
                  00006e58    00000002     event_pem4f.oem4f (.const:xdc_runtime_Memory_Module__id__C)
                  00006e5a    00000002     event_pem4f.oem4f (.const:xdc_runtime_SysMin_flushAtExit__C)
                  00006e5c    00000002     event_pem4f.oem4f (.const:xdc_runtime_Text_charCnt__C)
                  00006e5e    00000002     event_pem4f.oem4f (.const:xdc_runtime_Text_isLoaded__C)
                  00006e60    00000002     event_pem4f.oem4f (.const:xdc_runtime_Text_registryModsLastId__C)
                  00006e62    00000002     event_pem4f.oem4f (.const:xdc_runtime_Text_unnamedModsLastId__C)
                  00006e64    00000001     event_pem4f.oem4f (.const:xdc_runtime_Error_policy__C)

.cinit     0    00006e68    00000200     
                  00006e68    000001c8     (.cinit..data.load) [load image, compression = lzss]
                  00007030    0000000c     (__TI_handler_table)
                  0000703c    00000004     --HOLE-- [fill = 0]
                  00007040    00000008     (.cinit..bss.load) [load image, compression = zero_init]
                  00007048    00000008     (.cinit..vecs.load) [load image, compression = zero_init]
                  00007050    00000018     (__TI_cinit_table)

.init_array 
*          0    00000000    00000000     UNINITIALIZED

.resetVecs 
*          0    00000000    0000003c     
                  00000000    0000003c     event_pem4f.oem4f (.resetVecs)

.bss       0    20000360    00001220     UNINITIALIZED
                  20000360    00000400     (.common:ti_sysbios_heaps_HeapMem_Instance_State_0_buf__A)
                  20000760    00000360     (.common:ti_sysbios_family_arm_m3_Hwi_dispatchTable)
                  20000ac0    00000200     event_pem4f.oem4f (.bss:taskStackSection)
                  20000cc0    00000200     (.common:task0Stack)
                  20000ec0    00000200     (.common:task1Stack)
                  200010c0    00000200     (.common:xdc_runtime_SysMin_Module_State_0_outbuf__A)
                  200012c0    00000120     rtsv7M4_T_le_v4SPD16_eabi.lib : trgmsg.c.obj (.bss:_CIOBUF_)
                  200013e0    0000006c     (.common:mbxStruct)
                  2000144c    00000050     (.common:task0Struct)
                  2000149c    00000050     (.common:task1Struct)
                  200014ec    00000024     (.common:clk0Struct)
                  20001510    00000024     (.common:clk1Struct)
                  20001534    0000001c     (.common:sem0Struct)
                  20001550    00000014     (.common:evtStruct)
                  20001564    00000008     (.common:parmbuf)
                  2000156c    00000004     (.common:clk0Handle)
                  20001570    00000004     (.common:clk1Handle)
                  20001574    00000004     (.common:evtHandle)
                  20001578    00000004     (.common:mbxHandle)
                  2000157c    00000004     (.common:semHandle)

.data      0    20001580    0000040c     UNINITIALIZED
                  20001580    00000080     event_pem4f.oem4f (.data:ti_sysbios_knl_Swi_Module_State_0_readyQ__A)
                  20001600    00000080     event_pem4f.oem4f (.data:ti_sysbios_knl_Task_Module_State_0_readyQ__A)
                  20001680    0000004c     event_pem4f.oem4f (.data:ti_sysbios_knl_Task_Object__table__V)
                  200016cc    00000044     event_pem4f.oem4f (.data:ti_sysbios_knl_Task_Module__state__V)
                  20001710    00000040     event_pem4f.oem4f (.data:ti_sysbios_family_arm_lm4_Timer_Module_State_0_device__A)
                  20001750    00000040     event_pem4f.oem4f (.data:ti_sysbios_family_arm_lm4_Timer_Object__table__V)
                  20001790    00000038     event_pem4f.oem4f (.data:ti_sysbios_gates_GateMutex_Object__table__V)
                  200017c8    00000034     event_pem4f.oem4f (.data:ti_sysbios_family_arm_m3_Hwi_Module__state__V)
                  200017fc    00000030     event_pem4f.oem4f (.data:ti_sysbios_knl_Swi_Object__table__V)
                  2000182c    0000002c     event_pem4f.oem4f (.data:ti_sysbios_knl_Clock_Module__state__V)
                  20001858    00000024     event_pem4f.oem4f (.data:ti_sysbios_BIOS_Module__state__V)
                  2000187c    00000020     event_pem4f.oem4f (.data:ti_sysbios_family_arm_lm4_Timer_Module_State_0_handles__A)
                  2000189c    0000001c     event_pem4f.oem4f (.data:ti_sysbios_knl_Swi_Module__state__V)
                  200018b8    00000018     event_pem4f.oem4f (.data:ti_sysbios_family_arm_m3_Hwi_Object__table__V)
                  200018d0    00000018     event_pem4f.oem4f (.data:ti_sysbios_heaps_HeapMem_Object__table__V)
                  200018e8    0000000c     event_pem4f.oem4f (.data:ti_sysbios_family_arm_lm4_Timer_Module__state__V)
                  200018f4    0000000c     event_pem4f.oem4f (.data:xdc_runtime_SysMin_Module__state__V)
                  20001900    00000008     rtsv7M4_T_le_v4SPD16_eabi.lib : _lock.c.obj (.data:$O1$$)
                  20001908    00000008     event_pem4f.oem4f (.data:ti_sysbios_gates_GateHwi_Module__root__V)
                  20001910    00000008     event_pem4f.oem4f (.data:ti_sysbios_gates_GateMutex_Module__root__V)
                  20001918    00000008     event_pem4f.oem4f (.data:ti_sysbios_heaps_HeapMem_Module__root__V)
                  20001920    00000008     event_pem4f.oem4f (.data:ti_sysbios_knl_Clock_Module__root__V)
                  20001928    00000008     event_pem4f.oem4f (.data:ti_sysbios_knl_Event_Module__root__V)
                  20001930    00000008     event_pem4f.oem4f (.data:ti_sysbios_knl_Mailbox_Module__root__V)
                  20001938    00000008     event_pem4f.oem4f (.data:ti_sysbios_knl_Queue_Module__root__V)
                  20001940    00000008     event_pem4f.oem4f (.data:ti_sysbios_knl_Semaphore_Module__root__V)
                  20001948    00000008     event_pem4f.oem4f (.data:ti_sysbios_knl_Task_Module__root__V)
                  20001950    00000008     event_pem4f.oem4f (.data:xdc_runtime_Registry_Module__state__V)
                  20001958    00000008     event_pem4f.oem4f (.data:xdc_runtime_Startup_Module__state__V)
                  20001960    00000008     event_pem4f.oem4f (.data:xdc_runtime_System_Module_State_0_atexitHandlers__A)
                  20001968    00000008     event_pem4f.oem4f (.data:xdc_runtime_System_Module__state__V)
                  20001970    00000004     rtsv7M4_T_le_v4SPD16_eabi.lib : stkdepth_vars.c.obj (.data)
                  20001974    00000004     event_pem4f.oem4f (.data:ti_sysbios_family_arm_m3_Hwi_Module_State_0_excContext__A)
                  20001978    00000004     event_pem4f.oem4f (.data:ti_sysbios_family_arm_m3_Hwi_Module_State_0_excStack__A)
                  2000197c    00000004     event_pem4f.oem4f (.data:ti_sysbios_gates_GateHwi_Object__table__V)
                  20001980    00000004     event_pem4f.oem4f (.data:ti_sysbios_knl_Task_Module_State_0_idleTask__A)
                  20001984    00000004     event_pem4f.oem4f (.data:xdc_runtime_Memory_Module__state__V)
                  20001988    00000002     event_pem4f.oem4f (.data:ti_sysbios_family_arm_m3_Hwi_Module_State_0_excActive__A)
                  2000198a    00000002     event_pem4f.oem4f (.data:xdc_runtime_Error_Module__state__V)

.stack     0    20001990    00000300     UNINITIALIZED
                  20001990    00000300     --HOLE--

.bootVecs 
*          0    00000000    00000008     DSECT
                  00000000    00000008     boot.aem4f : boot.oem4f (.bootVecs)

.vecs      0    20000000    00000360     UNINITIALIZED
                  20000000    00000360     event_pem4f.oem4f (.vecs)

xdc.meta   0    00000000    000000ff     COPY SECTION
                  00000000    000000ff     event_pem4f.oem4f (xdc.meta)

__llvm_prf_cnts 
*          0    20000000    00000000     UNINITIALIZED

MODULE SUMMARY

       Module                       code    ro data   rw data
       ------                       ----    -------   -------
    .\
       event.obj                    1048    0         1432   
       EK_TM4C1294XL.obj            184     0         0      
    +--+----------------------------+-------+---------+---------+
       Total:                       1232    0         1432   
                                                             
    C:\Users\Ben\Documents\Uni Stuff\EGH456\Project\event_EK_TM4C1294XL_TI\Debug\configPkg\package\cfg\
       event_pem4f.oem4f            1782    7913      4800   
    +--+----------------------------+-------+---------+---------+
       Total:                       1782    7913      4800   
                                                             
    C:/ti/tirtos_tivac_2_16_00_08/products/TivaWare_C_Series-2.1.1.71b/driverlib/ccs/Debug/driverlib.lib
       sysctl.obj                   52      0         0      
    +--+----------------------------+-------+---------+---------+
       Total:                       52      0         0      
                                                             
    C:\Users\Ben\Documents\Uni Stuff\EGH456\Project\event_EK_TM4C1294XL_TI\src\sysbios\sysbios.aem4f
       BIOS.obj                     10170   0         0      
       m3_Hwi_asm.obj               314     0         0      
       m3_TaskSupport_asm.obj       180     0         0      
       m3_Hwi_asm_switch.obj        118     0         0      
    +--+----------------------------+-------+---------+---------+
       Total:                       10782   0         0      
                                                             
    C:\ti\tirtos_tivac_2_16_00_08\products\bios_6_45_01_29\packages\ti\catalog\arm\cortexm4\tiva\ce\lib\Boot.aem4f
       Boot_sysctl.oem4f            628     452       0      
       Boot.oem4f                   152     0         0      
    +--+----------------------------+-------+---------+---------+
       Total:                       780     452       0      
                                                             
    C:\ti\tirtos_tivac_2_16_00_08\products\bios_6_45_01_29\packages\ti\targets\arm\rtsarm\lib\auto_init.aem4f
       auto_init.oem4f              160     0         0      
    +--+----------------------------+-------+---------+---------+
       Total:                       160     0         0      
                                                             
    C:\ti\tirtos_tivac_2_16_00_08\products\bios_6_45_01_29\packages\ti\targets\arm\rtsarm\lib\boot.aem4f
       boot.oem4f                   88      0         0      
    +--+----------------------------+-------+---------+---------+
       Total:                       88      0         0      
                                                             
    C:\ti\tirtos_tivac_2_16_00_08\products\bios_6_45_01_29\packages\ti\targets\arm\rtsarm\lib\ti.targets.arm.rtsarm.aem4f
       System.oem4f                 1255    0         0      
       Text.oem4f                   672     0         0      
       Error.oem4f                  524     0         0      
       Core-mem.oem4f               358     0         0      
       Startup.oem4f                328     0         0      
       SysMin.oem4f                 248     0         0      
       Core-smem.oem4f              204     0         0      
       Memory.oem4f                 176     0         0      
       Assert.oem4f                 84      0         0      
       Core-params.oem4f            70      0         0      
       Core-label.oem4f             52      0         0      
       Registry.oem4f               32      0         0      
       Gate.oem4f                   28      0         0      
    +--+----------------------------+-------+---------+---------+
       Total:                       4031    0         0      
                                                             
    F:\CodeComposerStudio\ccs\tools\compiler\ti-cgt-arm_20.2.4.LTS\lib\rtsv7M4_T_le_v4SPD16_eabi.lib
       trgmsg.c.obj                 108     0         288    
       memcpy_t2.asm.obj            156     0         0      
       memset_t2.asm.obj            122     0         0      
       copy_decompress_lzss.c.obj   104     0         0      
       hostwrite.c.obj              88      0         0      
       cpy_tbl.c.obj                76      0         0      
       u_divt2.asm.obj              64      0         0      
       _lock.c.obj                  26      0         8      
       args_main.c.obj              24      0         0      
       strlen.c.obj                 20      0         0      
       copy_decompress_none.c.obj   14      0         0      
       copy_zero_init.c.obj         12      0         0      
       hostopen.c.obj               0       0         8      
       exit.c.obj                   4       0         0      
       stkdepth_vars.c.obj          0       0         4      
       div0.asm.obj                 2       0         0      
    +--+----------------------------+-------+---------+---------+
       Total:                       820     0         308    
                                                             
       Stack:                       0       0         768    
       Linker Generated:            0       508       0      
    +--+----------------------------+-------+---------+---------+
       Grand Total:                 19727   8873      7308   


LINKER GENERATED COPY TABLES

__TI_cinit_table @ 00007050 records: 3, size/record: 8, table size: 24
	.data: load addr=00006e68, load size=000001c8 bytes, run addr=20001580, run size=0000040c bytes, compression=lzss
	.bss: load addr=00007040, load size=00000008 bytes, run addr=20000360, run size=00001220 bytes, compression=zero_init
	.vecs: load addr=00007048, load size=00000008 bytes, run addr=20000000, run size=00000360 bytes, compression=zero_init


LINKER GENERATED HANDLER TABLE

__TI_handler_table @ 00007030 records: 3, size/record: 4, table size: 12
	index: 0, handler: __TI_decompress_lzss
	index: 1, handler: __TI_decompress_none
	index: 2, handler: __TI_zero_init


GLOBAL SYMBOLS: SORTED ALPHABETICALLY BY Name 

address   name                                                                 
-------   ----                                                                 
00000ed5  C$$EXIT                                                              
00003db3  C$$IO$$                                                              
000020f5  EK_TM4C1294XL_initGeneral                                            
00003399  HOSTwrite                                                            
UNDEFED   SHT$$INIT_ARRAY$$Base                                                
UNDEFED   SHT$$INIT_ARRAY$$Limit                                               
00003ea1  SysCtlPeripheralEnable                                               
00000000  __ASM__                                                              
200012c0  __CIOBUF_                                                            
0000007d  __ISA__                                                              
00000090  __PLAT__                                                             
20001c90  __STACK_END                                                          
00000300  __STACK_SIZE                                                         
000000b1  __TARG__                                                             
00007050  __TI_CINIT_Base                                                      
00007068  __TI_CINIT_Limit                                                     
00007030  __TI_Handler_Table_Base                                              
0000703c  __TI_Handler_Table_Limit                                             
00002315  __TI_auto_init                                                       
00002f65  __TI_decompress_lzss                                                 
00004c49  __TI_decompress_none                                                 
ffffffff  __TI_pprof_out_hndl                                                  
ffffffff  __TI_prof_data_size                                                  
ffffffff  __TI_prof_data_start                                                 
00003ed5  __TI_readmsg                                                         
00006e68  __TI_static_base__                                                   
00003d85  __TI_writemsg                                                        
00004c91  __TI_zero_init                                                       
000000d7  __TRDR__                                                             
00002aff  __aeabi_idiv0                                                        
00002aff  __aeabi_ldiv0                                                        
00002a85  __aeabi_memclr                                                       
00002a85  __aeabi_memclr4                                                      
00002a85  __aeabi_memclr8                                                      
00002455  __aeabi_memcpy                                                       
00002455  __aeabi_memcpy4                                                      
00002455  __aeabi_memcpy8                                                      
00002a87  __aeabi_memset                                                       
00002a87  __aeabi_memset4                                                      
00002a87  __aeabi_memset8                                                      
00003c09  __aeabi_uidiv                                                        
00003c09  __aeabi_uidivmod                                                     
ffffffff  __binit__                                                            
ffffffff  __c_args__                                                           
20001990  __stack                                                              
20000000  __start___llvm_prf_cnts                                              
20000000  __stop___llvm_prf_cnts                                               
0000492d  _args_main                                                           
00003341  _c_int00                                                             
20001900  _lock                                                                
0000258b  _nop                                                                 
00004c79  _register_lock                                                       
00004c85  _register_unlock                                                     
20001904  _unlock                                                              
00000ed5  abort                                                                
ffffffff  binit                                                                
00004a79  clk0Fxn                                                              
2000156c  clk0Handle                                                           
200014ec  clk0Struct                                                           
00004a8d  clk1Fxn                                                              
20001570  clk1Handle                                                           
20001510  clk1Struct                                                           
00003731  copy_in                                                              
20001574  evtHandle                                                            
20001550  evtStruct                                                            
00001439  main                                                                 
20001970  main_func_sp                                                         
20001578  mbxHandle                                                            
200013e0  mbxStruct                                                            
00002455  memcpy                                                               
00002a8d  memset                                                               
00004be9  osi_TaskDisable                                                      
00004b89  osi_start                                                            
20001564  parmbuf                                                              
00000bb5  readertask                                                           
20001534  sem0Struct                                                           
2000157c  semHandle                                                            
00004aa1  strlen                                                               
20000cc0  task0Stack                                                           
2000144c  task0Struct                                                          
20000ec0  task1Stack                                                           
2000149c  task1Struct                                                          
00006cf4  ti_catalog_arm_cortexm4_tiva_ce_Boot_A_mustNotUseEnhancedClockMode__C
00006cf8  ti_catalog_arm_cortexm4_tiva_ce_Boot_Module__diagsEnabled__C         
00006cfc  ti_catalog_arm_cortexm4_tiva_ce_Boot_Module__diagsIncluded__C        
00006d00  ti_catalog_arm_cortexm4_tiva_ce_Boot_Module__diagsMask__C            
000066ea  ti_catalog_arm_cortexm4_tiva_ce_Boot_Module__id__C                   
00004b55  ti_catalog_arm_cortexm4_tiva_ce_Boot_init__I                         
000007bd  ti_catalog_arm_cortexm4_tiva_ce_Boot_sysCtlClockFreqSetI__I          
0000258d  ti_catalog_arm_cortexm4_tiva_ce_Boot_sysCtlClockFreqSet__E           
20001858  ti_sysbios_BIOS_Module__state__V                                     
00004891  ti_sysbios_BIOS_RtsGateProxy_Handle__label__S                        
0000451d  ti_sysbios_BIOS_RtsGateProxy_Object__delete__S                       
0000103d  ti_sysbios_BIOS_RtsGateProxy_enter__E                                
00001b6d  ti_sysbios_BIOS_RtsGateProxy_leave__E                                
00004dd9  ti_sysbios_BIOS_RtsGateProxy_query__E                                
00004045  ti_sysbios_BIOS_atExitFunc__I                                        
0000448d  ti_sysbios_BIOS_errorRaiseHook__I                                    
00004a09  ti_sysbios_BIOS_exitFunc__I                                          
00004b69  ti_sysbios_BIOS_exit__E                                              
00002e1f  ti_sysbios_BIOS_nullFunc__I                                          
000044b1  ti_sysbios_BIOS_registerRTSLock__I                                   
000044d5  ti_sysbios_BIOS_removeRTSLock__I                                     
00004615  ti_sysbios_BIOS_rtsLock__I                                           
00004945  ti_sysbios_BIOS_rtsUnlock__I                                         
00004b79  ti_sysbios_BIOS_setThreadType__E                                     
000044f9  ti_sysbios_BIOS_startFunc__I                                         
00004b89  ti_sysbios_BIOS_start__E                                             
20001710  ti_sysbios_family_arm_lm4_Timer_Module_State_0_device__A             
2000187c  ti_sysbios_family_arm_lm4_Timer_Module_State_0_handles__A            
0000495d  ti_sysbios_family_arm_lm4_Timer_Module__startupDone__F               
0000495d  ti_sysbios_family_arm_lm4_Timer_Module__startupDone__S               
200018e8  ti_sysbios_family_arm_lm4_Timer_Module__state__V                     
00003039  ti_sysbios_family_arm_lm4_Timer_Module_startup__E                    
20001750  ti_sysbios_family_arm_lm4_Timer_Object__table__V                     
00006d04  ti_sysbios_family_arm_lm4_Timer_enableFunc__C                        
00003871  ti_sysbios_family_arm_lm4_Timer_enableTimers__I                      
00002269  ti_sysbios_family_arm_lm4_Timer_enableTiva__I                        
00004ca1  ti_sysbios_family_arm_lm4_Timer_getMaxTicks__E                       
000034a1  ti_sysbios_family_arm_lm4_Timer_initDevice__I                        
00003a21  ti_sysbios_family_arm_lm4_Timer_isrStub__E                           
00004d8d  ti_sysbios_family_arm_lm4_Timer_masterDisable__I                     
00001d1d  ti_sysbios_family_arm_lm4_Timer_masterEnable__I                      
00006d08  ti_sysbios_family_arm_lm4_Timer_numTimerDevices__C                   
00001681  ti_sysbios_family_arm_lm4_Timer_start__E                             
00006d0c  ti_sysbios_family_arm_lm4_Timer_startupNeeded__C                     
00003c49  ti_sysbios_family_arm_lm4_Timer_startup__E                           
00004079  ti_sysbios_family_arm_lm4_Timer_stop__E                              
000045b1  ti_sysbios_family_arm_lm4_Timer_write__I                             
00006d10  ti_sysbios_family_arm_m3_Hwi_E_NMI__C                                
00006d14  ti_sysbios_family_arm_m3_Hwi_E_busFault__C                           
00006d18  ti_sysbios_family_arm_m3_Hwi_E_debugMon__C                           
00006d1c  ti_sysbios_family_arm_m3_Hwi_E_hardFault__C                          
00006d20  ti_sysbios_family_arm_m3_Hwi_E_memFault__C                           
00006d24  ti_sysbios_family_arm_m3_Hwi_E_noIsr__C                              
00006d28  ti_sysbios_family_arm_m3_Hwi_E_reserved__C                           
00006d2c  ti_sysbios_family_arm_m3_Hwi_E_svCall__C                             
00006d30  ti_sysbios_family_arm_m3_Hwi_E_usageFault__C                         
0000485d  ti_sysbios_family_arm_m3_Hwi_Handle__label__S                        
20001988  ti_sysbios_family_arm_m3_Hwi_Module_State_0_excActive__A             
20001974  ti_sysbios_family_arm_m3_Hwi_Module_State_0_excContext__A            
20001978  ti_sysbios_family_arm_m3_Hwi_Module_State_0_excStack__A              
00006cca  ti_sysbios_family_arm_m3_Hwi_Module__id__C                           
00004975  ti_sysbios_family_arm_m3_Hwi_Module__startupDone__F                  
00004975  ti_sysbios_family_arm_m3_Hwi_Module__startupDone__S                  
200017c8  ti_sysbios_family_arm_m3_Hwi_Module__state__V                        
000035f1  ti_sysbios_family_arm_m3_Hwi_Module_startup__E                       
00006d34  ti_sysbios_family_arm_m3_Hwi_NUM_INTERRUPTS__C                       
00006d38  ti_sysbios_family_arm_m3_Hwi_Object__count__C                        
00004ab5  ti_sysbios_family_arm_m3_Hwi_Object__get__S                          
200018b8  ti_sysbios_family_arm_m3_Hwi_Object__table__V                        
00006d3c  ti_sysbios_family_arm_m3_Hwi_ccr__C                                  
000038b9  ti_sysbios_family_arm_m3_Hwi_disableInterrupt__E                     
000030a1  ti_sysbios_family_arm_m3_Hwi_dispatchC__I                            
20000760  ti_sysbios_family_arm_m3_Hwi_dispatchTable                           
00001a79  ti_sysbios_family_arm_m3_Hwi_dispatch__I                             
00004d99  ti_sysbios_family_arm_m3_Hwi_doSwiRestore__I                         
00004da9  ti_sysbios_family_arm_m3_Hwi_doTaskRestore__I                        
00003901  ti_sysbios_family_arm_m3_Hwi_enableInterrupt__E                      
00000d61  ti_sysbios_family_arm_m3_Hwi_excBusFault__I                          
00001eb9  ti_sysbios_family_arm_m3_Hwi_excDebugMon__I                          
00000041  ti_sysbios_family_arm_m3_Hwi_excDumpRegs__I                          
00004635  ti_sysbios_family_arm_m3_Hwi_excHandlerAsm__I                        
00006d40  ti_sysbios_family_arm_m3_Hwi_excHandlerFunc__C                       
000009c1  ti_sysbios_family_arm_m3_Hwi_excHandlerMax__I                        
00004659  ti_sysbios_family_arm_m3_Hwi_excHandler__I                           
00001f79  ti_sysbios_family_arm_m3_Hwi_excHardFault__I                         
00006cd4  ti_sysbios_family_arm_m3_Hwi_excHookFuncs__A                         
00006d44  ti_sysbios_family_arm_m3_Hwi_excHookFuncs__C                         
000012f1  ti_sysbios_family_arm_m3_Hwi_excMemFault__I                          
00003f09  ti_sysbios_family_arm_m3_Hwi_excNmi__I                               
00003dc1  ti_sysbios_family_arm_m3_Hwi_excNoIsr__I                             
00003949  ti_sysbios_family_arm_m3_Hwi_excReserved__I                          
00003cc9  ti_sysbios_family_arm_m3_Hwi_excSvCall__I                            
00000ed9  ti_sysbios_family_arm_m3_Hwi_excUsageFault__I                        
00003a69  ti_sysbios_family_arm_m3_Hwi_getStackInfo__E                         
00002629  ti_sysbios_family_arm_m3_Hwi_initNVIC__E                             
000033f1  ti_sysbios_family_arm_m3_Hwi_initStacks__E                           
00006d48  ti_sysbios_family_arm_m3_Hwi_nullIsrFunc__C                          
e000e000  ti_sysbios_family_arm_m3_Hwi_nvic                                    
00004441  ti_sysbios_family_arm_m3_Hwi_pendSV__I                               
00002981  ti_sysbios_family_arm_m3_Hwi_postInit__I                             
00006d4c  ti_sysbios_family_arm_m3_Hwi_priGroup__C                             
20000000  ti_sysbios_family_arm_m3_Hwi_ramVectors                              
00000000  ti_sysbios_family_arm_m3_Hwi_resetVectors                            
00004465  ti_sysbios_family_arm_m3_Hwi_return                                  
00004da1  ti_sysbios_family_arm_m3_Hwi_startup__E                              
00004ac9  ti_sysbios_family_arm_m3_Hwi_switchFromBootStack__E                  
00001f75  ti_sysbios_family_arm_m3_TaskSupport_Module__startupDone__S          
00002755  ti_sysbios_family_arm_m3_TaskSupport_buildTaskStack                  
00004cb1  ti_sysbios_family_arm_m3_TaskSupport_checkStack__E                   
00004cc1  ti_sysbios_family_arm_m3_TaskSupport_getStackAlignment__E            
00004b99  ti_sysbios_family_arm_m3_TaskSupport_glue                            
00006d50  ti_sysbios_family_arm_m3_TaskSupport_stackAlignment__C               
000040a9  ti_sysbios_family_arm_m3_TaskSupport_start__E                        
0000498d  ti_sysbios_family_arm_m3_TaskSupport_swap__E                         
00004739  ti_sysbios_family_xxx_Hwi_switchAndRunFunc                           
00004877  ti_sysbios_gates_GateHwi_Handle__label__S                            
00004de9  ti_sysbios_gates_GateHwi_Instance_init__E                            
00006a4c  ti_sysbios_gates_GateHwi_Module__FXNS__C                             
20001908  ti_sysbios_gates_GateHwi_Module__root__V                             
00006b24  ti_sysbios_gates_GateHwi_Object__DESC__C                             
00006c44  ti_sysbios_gates_GateHwi_Object__PARAMS__C                           
000040d9  ti_sysbios_gates_GateHwi_Object__create__S                           
00004679  ti_sysbios_gates_GateHwi_Object__delete__S                           
2000197c  ti_sysbios_gates_GateHwi_Object__table__V                            
00004cd1  ti_sysbios_gates_GateHwi_enter__E                                    
[...]
00004c79  _register_lock                                                       
00004c85  _register_unlock                                                     
00004c91  __TI_zero_init                                                       
00004ca1  ti_sysbios_family_arm_lm4_Timer_getMaxTicks__E                       
00004cb1  ti_sysbios_family_arm_m3_TaskSupport_checkStack__E                   
00004cb1  ti_sysbios_knl_Task_SupportProxy_checkStack__E                       
00004cc1  ti_sysbios_family_arm_m3_TaskSupport_getStackAlignment__E            
00004cc1  ti_sysbios_knl_Task_SupportProxy_getStackAlignment__E                
00004cd1  ti_sysbios_gates_GateHwi_enter__E                                    
00004cdd  ti_sysbios_knl_Clock_Params__init__S                                 
00004d01  ti_sysbios_knl_Mailbox_Params__init__S                               
00004d19  ti_sysbios_knl_Queue_Object__get__S                                  
00004d25  ti_sysbios_knl_Semaphore_Params__init__S                             
00004d3d  ti_sysbios_knl_Task_Params__init__S                                  
00004d49  xdc_runtime_Error_init__E                                            
00004d55  xdc_runtime_Gate_enterSystem__E                                      
00004d61  xdc_runtime_Memory_calloc__E                                         
00004d6d  xdc_runtime_Memory_getMaxDefaultTypeAlign__E                         
00004d79  xdc_runtime_Memory_HeapProxy_alloc__E                                
00004d83  xdc_runtime_Memory_HeapProxy_free__E                                 
00004d8d  ti_sysbios_family_arm_lm4_Timer_masterDisable__I                     
00004d99  ti_sysbios_family_arm_m3_Hwi_doSwiRestore__I                         
00004da1  ti_sysbios_family_arm_m3_Hwi_startup__E                              
00004da1  ti_sysbios_hal_Hwi_HwiProxy_startup__E                               
00004da1  ti_sysbios_hal_Hwi_startup__E                                        
00004da9  ti_sysbios_family_arm_m3_Hwi_doTaskRestore__I                        
00004db1  ti_sysbios_gates_GateHwi_leave__E                                    
00004db9  ti_sysbios_heaps_HeapMem_isBlocking__E                               
00004dc1  ti_sysbios_knl_Queue_Instance_init__E                                
00004dc9  ti_sysbios_knl_Swi_startup__E                                        
00004dd1  ti_sysbios_gates_GateHwi_query__E                                    
00004dd1  xdc_runtime_Main_Module_GateProxy_query__E                           
00004dd1  xdc_runtime_System_Module_GateProxy_query__E                         
00004dd9  ti_sysbios_BIOS_RtsGateProxy_query__E                                
00004dd9  ti_sysbios_gates_GateMutex_query__E                                  
00004dd9  ti_sysbios_heaps_HeapMem_Module_GateProxy_query__E                   
00004de1  ti_sysbios_knl_Task_startup__E                                       
00004de9  ti_sysbios_gates_GateHwi_Instance_init__E                            
00004df1  ti_sysbios_knl_Clock_logTick__E                                      
00004df4  xdc_runtime_Text_charTab__A                                          
000066ea  ti_catalog_arm_cortexm4_tiva_ce_Boot_Module__id__C                   
0000680c  xdc_runtime_Text_nodeTab__A                                          
00006984  ti_sysbios_knl_Task_Object__PARAMS__C                                
000069c0  ti_sysbios_knl_Mailbox_Object__PARAMS__C                             
00006a24  ti_sysbios_heaps_HeapMem_Module__FXNS__C                             
00006a4c  ti_sysbios_gates_GateHwi_Module__FXNS__C                             
00006a70  ti_sysbios_gates_GateMutex_Module__FXNS__C                           
00006a94  ti_sysbios_heaps_HeapMem_Object__PARAMS__C                           
00006ab8  ti_sysbios_knl_Clock_Object__PARAMS__C                               
00006adc  ti_sysbios_knl_Semaphore_Object__PARAMS__C                           
00006b00  xdc_runtime_Startup_sfxnTab__A                                       
00006b24  ti_sysbios_gates_GateHwi_Object__DESC__C                             
00006b44  ti_sysbios_gates_GateMutex_Object__DESC__C                           
00006b64  ti_sysbios_heaps_HeapMem_Object__DESC__C                             
00006b84  ti_sysbios_knl_Clock_Object__DESC__C                                 
00006ba4  ti_sysbios_knl_Event_Object__DESC__C                                 
00006bc4  ti_sysbios_knl_Mailbox_Object__DESC__C                               
00006be4  ti_sysbios_knl_Queue_Object__DESC__C                                 
00006c04  ti_sysbios_knl_Semaphore_Object__DESC__C                             
00006c24  ti_sysbios_knl_Task_Object__DESC__C                                  
00006c44  ti_sysbios_gates_GateHwi_Object__PARAMS__C                           
00006c5c  ti_sysbios_gates_GateMutex_Object__PARAMS__C                         
00006c74  ti_sysbios_knl_Event_Object__PARAMS__C                               
00006c8c  ti_sysbios_knl_Queue_Object__PARAMS__C                               
00006ca4  xdc_runtime_Startup_firstFxns__A                                     
00006cb8  xdc_runtime_Startup_sfxnRts__A                                       
00006cca  ti_sysbios_family_arm_m3_Hwi_Module__id__C                           
00006cd4  ti_sysbios_family_arm_m3_Hwi_excHookFuncs__A                         
00006cdc  ti_sysbios_knl_Idle_funcList__C                                      
00006ce4  xdc_runtime_Startup_firstFxns__C                                     
00006cec  xdc_runtime_Startup_lastFxns__C                                      
00006cf4  ti_catalog_arm_cortexm4_tiva_ce_Boot_A_mustNotUseEnhancedClockMode__C
00006cf8  ti_catalog_arm_cortexm4_tiva_ce_Boot_Module__diagsEnabled__C         
00006cfc  ti_catalog_arm_cortexm4_tiva_ce_Boot_Module__diagsIncluded__C        
00006d00  ti_catalog_arm_cortexm4_tiva_ce_Boot_Module__diagsMask__C            
00006d04  ti_sysbios_family_arm_lm4_Timer_enableFunc__C                        
00006d08  ti_sysbios_family_arm_lm4_Timer_numTimerDevices__C                   
00006d0c  ti_sysbios_family_arm_lm4_Timer_startupNeeded__C                     
00006d10  ti_sysbios_family_arm_m3_Hwi_E_NMI__C                                
00006d14  ti_sysbios_family_arm_m3_Hwi_E_busFault__C                           
00006d18  ti_sysbios_family_arm_m3_Hwi_E_debugMon__C                           
00006d1c  ti_sysbios_family_arm_m3_Hwi_E_hardFault__C                          
00006d20  ti_sysbios_family_arm_m3_Hwi_E_memFault__C                           
00006d24  ti_sysbios_family_arm_m3_Hwi_E_noIsr__C                              
00006d28  ti_sysbios_family_arm_m3_Hwi_E_reserved__C                           
00006d2c  ti_sysbios_family_arm_m3_Hwi_E_svCall__C                             
00006d30  ti_sysbios_family_arm_m3_Hwi_E_usageFault__C                         
00006d34  ti_sysbios_family_arm_m3_Hwi_NUM_INTERRUPTS__C                       
00006d38  ti_sysbios_family_arm_m3_Hwi_Object__count__C                        
00006d3c  ti_sysbios_family_arm_m3_Hwi_ccr__C                                  
00006d40  ti_sysbios_family_arm_m3_Hwi_excHandlerFunc__C                       
00006d44  ti_sysbios_family_arm_m3_Hwi_excHookFuncs__C                         
00006d48  ti_sysbios_family_arm_m3_Hwi_nullIsrFunc__C                          
00006d4c  ti_sysbios_family_arm_m3_Hwi_priGroup__C                             
00006d50  ti_sysbios_family_arm_m3_TaskSupport_stackAlignment__C               
00006d54  ti_sysbios_gates_GateMutex_Instance_State_sem__O                     
00006d58  ti_sysbios_hal_Hwi_E_stackOverflow__C                                
00006d5c  ti_sysbios_heaps_HeapMem_E_memory__C                                 
00006d60  ti_sysbios_heaps_HeapMem_Module__gateObj__C                          
00006d64  ti_sysbios_heaps_HeapMem_Object__count__C                            
00006d68  ti_sysbios_heaps_HeapMem_reqAlign__C                                 
00006d6c  ti_sysbios_knl_Clock_Module_State_clockQ__O                          
00006d70  ti_sysbios_knl_Event_Instance_State_pendQ__O                         
00006d74  ti_sysbios_knl_Idle_funcList__A                                      
00006d78  ti_sysbios_knl_Mailbox_Instance_State_dataQue__O                     
00006d7c  ti_sysbios_knl_Mailbox_Instance_State_dataSem__O                     
00006d80  ti_sysbios_knl_Mailbox_Instance_State_freeQue__O                     
00006d84  ti_sysbios_knl_Mailbox_Instance_State_freeSem__O                     
00006d88  ti_sysbios_knl_Mailbox_Object__count__C                              
00006d8c  ti_sysbios_knl_Mailbox_maxTypeAlign__C                               
00006d90  ti_sysbios_knl_Semaphore_Instance_State_pendQ__O                     
00006d94  ti_sysbios_knl_Semaphore_eventPost__C                                
00006d98  ti_sysbios_knl_Semaphore_eventSync__C                                
00006d9c  ti_sysbios_knl_Swi_Object__count__C                                  
00006da0  ti_sysbios_knl_Task_E_spOutOfBounds__C                               
00006da4  ti_sysbios_knl_Task_E_stackOverflow__C                               
00006da8  ti_sysbios_knl_Task_Module_State_inactiveQ__O                        
00006dac  ti_sysbios_knl_Task_Object__count__C                                 
00006db0  ti_sysbios_knl_Task_allBlockedFunc__C                                
00006db4  ti_sysbios_knl_Task_defaultStackHeap__C                              
00006db8  ti_sysbios_knl_Task_defaultStackSize__C                              
00006dbc  ti_sysbios_knl_Task_numConstructedTasks__C                           
00006dc0  xdc_runtime_Assert_E_assertFailed__C                                 
00006dc4  xdc_runtime_Core_A_initializedParams__C                              
00006dc8  xdc_runtime_Core_Module__diagsEnabled__C                             
00006dcc  xdc_runtime_Core_Module__diagsIncluded__C                            
00006dd0  xdc_runtime_Core_Module__diagsMask__C                                
00006dd4  xdc_runtime_Error_E_memory__C                                        
00006dd8  xdc_runtime_Error_Module__diagsEnabled__C                            
00006ddc  xdc_runtime_Error_Module__diagsIncluded__C                           
00006de0  xdc_runtime_Error_Module__diagsMask__C                               
00006de4  xdc_runtime_Error_Module__loggerFxn8__C                              
00006de8  xdc_runtime_Error_Module__loggerObj__C                               
00006dec  xdc_runtime_Error_policyFxn__C                                       
00006df0  xdc_runtime_Error_raiseHook__C                                       
00006df4  xdc_runtime_IGateProvider_Interface__BASE__C                         
00006df8  xdc_runtime_IHeap_Interface__BASE__C                                 
00006dfc  xdc_runtime_IModule_Interface__BASE__C                               
00006e00  xdc_runtime_Log_L_error__C                                           
00006e04  xdc_runtime_Memory_defaultHeapInstance__C                            
00006e08  xdc_runtime_Startup_execImpl__C                                      
00006e0c  xdc_runtime_Startup_maxPasses__C                                     
00006e10  xdc_runtime_Startup_sfxnRts__C                                       
00006e14  xdc_runtime_Startup_sfxnTab__C                                       
00006e18  xdc_runtime_SysMin_bufSize__C                                        
00006e1c  xdc_runtime_SysMin_outputFunc__C                                     
00006e20  xdc_runtime_System_Module__gateObj__C                                
00006e24  xdc_runtime_System_abortFxn__C                                       
00006e28  xdc_runtime_System_exitFxn__C                                        
00006e2c  xdc_runtime_System_extendFxn__C                                      
00006e30  xdc_runtime_System_maxAtexitHandlers__C                              
00006e34  xdc_runtime_Text_charTab__C                                          
00006e38  xdc_runtime_Text_nameEmpty__C                                        
00006e3c  xdc_runtime_Text_nameStatic__C                                       
00006e40  xdc_runtime_Text_nameUnknown__C                                      
00006e44  xdc_runtime_Text_nodeTab__C                                          
00006e48  xdc_runtime_Text_visitRopeFxn__C                                     
00006e4c  ti_sysbios_hal_Hwi_Module__id__C                                     
00006e4e  ti_sysbios_heaps_HeapMem_Module__id__C                               
00006e50  ti_sysbios_knl_Task_Module__id__C                                    
00006e52  xdc_runtime_Core_Module__id__C                                       
00006e54  xdc_runtime_Error_Module__loggerDefined__C                           
00006e56  xdc_runtime_Error_maxDepth__C                                        
00006e58  xdc_runtime_Memory_Module__id__C                                     
00006e5a  xdc_runtime_SysMin_flushAtExit__C                                    
00006e5c  xdc_runtime_Text_charCnt__C                                          
00006e5e  xdc_runtime_Text_isLoaded__C                                         
00006e60  xdc_runtime_Text_registryModsLastId__C                               
00006e62  xdc_runtime_Text_unnamedModsLastId__C                                
00006e64  xdc_runtime_Error_policy__C                                          
00006e68  __TI_static_base__                                                   
00007030  __TI_Handler_Table_Base                                              
0000703c  __TI_Handler_Table_Limit                                             
00007050  __TI_CINIT_Base                                                      
00007068  __TI_CINIT_Limit                                                     
20000000  __start___llvm_prf_cnts                                              
20000000  __stop___llvm_prf_cnts                                               
20000000  ti_sysbios_family_arm_m3_Hwi_ramVectors                              
20000360  ti_sysbios_heaps_HeapMem_Instance_State_0_buf__A                     
20000760  ti_sysbios_family_arm_m3_Hwi_dispatchTable                           
20000ac0  ti_sysbios_knl_Task_Instance_State_0_stack__A                        
20000cc0  task0Stack                                                           
20000ec0  task1Stack                                                           
200010c0  xdc_runtime_SysMin_Module_State_0_outbuf__A                          
200012c0  __CIOBUF_                                                            
200013e0  mbxStruct                                                            
2000144c  task0Struct                                                          
2000149c  task1Struct                                                          
200014ec  clk0Struct                                                           
20001510  clk1Struct                                                           
20001534  sem0Struct                                                           
20001550  evtStruct                                                            
20001564  parmbuf                                                              
2000156c  clk0Handle                                                           
20001570  clk1Handle                                                           
20001574  evtHandle                                                            
20001578  mbxHandle                                                            
2000157c  semHandle                                                            
20001580  ti_sysbios_knl_Swi_Module_State_0_readyQ__A                          
20001600  ti_sysbios_knl_Task_Module_State_0_readyQ__A                         
20001680  ti_sysbios_knl_Task_Object__table__V                                 
200016cc  ti_sysbios_knl_Task_Module__state__V                                 
20001710  ti_sysbios_family_arm_lm4_Timer_Module_State_0_device__A             
20001750  ti_sysbios_family_arm_lm4_Timer_Object__table__V                     
20001790  ti_sysbios_gates_GateMutex_Object__table__V                          
200017c8  ti_sysbios_family_arm_m3_Hwi_Module__state__V                        
200017fc  ti_sysbios_knl_Swi_Object__table__V                                  
2000182c  ti_sysbios_knl_Clock_Module__state__V                                
20001858  ti_sysbios_BIOS_Module__state__V                                     
2000187c  ti_sysbios_family_arm_lm4_Timer_Module_State_0_handles__A            
2000189c  ti_sysbios_knl_Swi_Module__state__V                                  
200018b8  ti_sysbios_family_arm_m3_Hwi_Object__table__V                        
200018d0  ti_sysbios_heaps_HeapMem_Object__table__V                            
200018e8  ti_sysbios_family_arm_lm4_Timer_Module__state__V                     
200018f4  xdc_runtime_SysMin_Module__state__V                                  
20001900  _lock                                                                
20001904  _unlock                                                              
20001908  ti_sysbios_gates_GateHwi_Module__root__V                             
20001910  ti_sysbios_gates_GateMutex_Module__root__V                           
20001918  ti_sysbios_heaps_HeapMem_Module__root__V                             
20001920  ti_sysbios_knl_Clock_Module__root__V                                 
20001928  ti_sysbios_knl_Event_Module__root__V                                 
20001930  ti_sysbios_knl_Mailbox_Module__root__V                               
20001938  ti_sysbios_knl_Queue_Module__root__V                                 
20001940  ti_sysbios_knl_Semaphore_Module__root__V                             
20001948  ti_sysbios_knl_Task_Module__root__V                                  
20001950  xdc_runtime_Registry_Module__state__V                                
20001958  xdc_runtime_Startup_Module__state__V                                 
20001960  xdc_runtime_System_Module_State_0_atexitHandlers__A                  
20001968  xdc_runtime_System_Module__state__V                                  
20001970  main_func_sp                                                         
20001974  ti_sysbios_family_arm_m3_Hwi_Module_State_0_excContext__A            
20001978  ti_sysbios_family_arm_m3_Hwi_Module_State_0_excStack__A              
2000197c  ti_sysbios_gates_GateHwi_Object__table__V                            
20001980  ti_sysbios_knl_Task_Module_State_0_idleTask__A                       
20001984  xdc_runtime_Memory_Module__state__V                                  
20001988  ti_sysbios_family_arm_m3_Hwi_Module_State_0_excActive__A             
2000198a  xdc_runtime_Error_Module__state__V                                   
20001990  __stack                                                              
20001c90  __STACK_END                                                          
e000e000  ti_sysbios_family_arm_m3_Hwi_nvic                                    
ffffffff  __TI_pprof_out_hndl                                                  
ffffffff  __TI_prof_data_size                                                  
ffffffff  __TI_prof_data_start                                                 
ffffffff  __binit__                                                            
ffffffff  __c_args__                                                           
ffffffff  binit                                                                
UNDEFED   SHT$$INIT_ARRAY$$Base                                                
UNDEFED   SHT$$INIT_ARRAY$$Limit                                               

[538 symbols]
