******************************************************************************
                  TI ARM Linker PC v20.2.2                     
******************************************************************************
>> Linked Fri May 28 15:45:01 2021

OUTPUT FILE NAME:   <empty_EK_TM4C1294XL_TI.out>
ENTRY POINT SYMBOL: "_c_int00"  address: 0000784d


MEMORY CONFIGURATION

         name            origin    length      used     unused   attr    fill
----------------------  --------  ---------  --------  --------  ----  --------
  FLASH                 00000000   00100000  000101ba  000efe46  R  X
  SRAM                  20000000   00040000  000027dc  0003d824  RW X


SEGMENT ALLOCATION MAP

run origin  load origin   length   init length attrs members
----------  ----------- ---------- ----------- ----- -------
00000000    00000000    000101c0   000101c0    r-x
  00000000    00000000    0000003c   0000003c    r-- .resetVecs
  00000040    00000040    0000998a   0000998a    r-x .text
  000099cc    000099cc    00006424   00006424    r-- .const
  0000fdf0    0000fdf0    000003d0   000003d0    r-- .cinit
20000000    20000000    000027e0   00000000    rw-
  20000000    20000000    00000360   00000000    rw- .vecs
  20000360    20000360    00001708   00000000    rw- .bss
  20001a68    20001a68    00000a74   00000000    rw- .data
  200024e0    200024e0    00000300   00000000    rw- .stack


SECTION ALLOCATION MAP

 output                                  attributes/
section   page    origin      length       input sections
--------  ----  ----------  ----------   ----------------
.text      0    00000040    0000998a     
                  00000040    00000438     ustdlib.obj (.text:uvsnprintf)
                  00000478    00000430     sysbios.aem4f : BIOS.obj (.text:ti_sysbios_family_arm_m3_Hwi_excDumpRegs__I)
                  000008a8    00000374     grlib.lib : image.obj (.text:InternalImageDraw)
                  00000c1c    0000034c     ti.targets.arm.rtsarm.aem4f : System.oem4f (.text:xdc_runtime_System_doPrint__I)
                  00000f68    000002fc     sysbios.aem4f : BIOS.obj (.text:ti_sysbios_knl_Semaphore_pend__E)
                  00001264    000002f8     grlib.lib : image.obj (.text:PixelTransparentDraw)
                  0000155c    000002a0     rtsv7M4_T_le_v4SPD16_eabi.lib : mktime.c.obj (.text:__mktime32)
                  000017fc    00000278     frame.obj (.text:FrameDraw)
                  00001a74    00000004     driverlib.lib : i2c.obj (.text:I2CMasterControl)
                  00001a78    0000026c     sysbios.aem4f : BIOS.obj (.text:ti_sysbios_heaps_HeapMem_free__E)
                  00001ce4    00000268     touch.obj (.text:TouchScreenDebouncer)
                  00001f4c    00000254     grlib.lib : string.obj (.text:GrFontGlyphRender)
                  000021a0    00000250     sysbios.aem4f : BIOS.obj (.text:ti_sysbios_heaps_HeapMem_alloc__E)
                  000023f0    00000234                   : BIOS.obj (.text:ti_sysbios_knl_Task_Instance_finalize__E)
                  00002624    00000208     grlib.lib : circle.obj (.text:GrCircleDraw)
                  0000282c    00000204     Boot.aem4f : Boot_sysctl.oem4f (.text:ti_catalog_arm_cortexm4_tiva_ce_Boot_sysCtlClockFreqSetI__I)
                  00002a30    000001f4     sysbios.aem4f : BIOS.obj (.text:ti_sysbios_family_arm_m3_Hwi_excHandlerMax__I)
                  00002c24    000001e4     Kentec320x240x16_ssd2119_spi.obj (.text:Kentec320x240x16_SSD2119Init)
                  00002e08    000001dc     Kentec320x240x16_ssd2119_spi.obj (.text:Kentec320x240x16_SSD2119PixelDrawMultiple)
                  00002fe4    00000004     driverlib.lib : i2c.obj (.text:I2CMasterDataGet)
                  00002fe8    000001c0     sysbios.aem4f : BIOS.obj (.text:ti_sysbios_knl_Task_Instance_init__E)
                  000031a8    000001a4     pinout.obj (.text:PinoutSet)
                  0000334c    00000194     empty.obj (.text:DrawHomeScreen)
                  000034e0    00000190     grlib.lib : canvas.obj (.text:CanvasPaint)
                  00003670    00000180     empty.obj (.text:getCurrentTime)
                  000037f0    0000017e     grlib.lib : pushbutton.obj (.text:RectangularButtonPaint)
                  0000396e    00000002     rtsv7M4_T_le_v4SPD16_eabi.lib : _lock.c.obj (.text:_nop)
                  00003970    00000178     touch.obj (.text:TouchScreenIntHandler)
                  00003ae8    00000174     sysbios.aem4f : BIOS.obj (.text:ti_sysbios_family_arm_m3_Hwi_excBusFault__I)
                  00003c5c    0000016e     grlib.lib : pushbutton.obj (.text:CircularButtonPaint)
                  00003dca    00000006     driverlib.lib : gpio.obj (.text:GPIOIntClear)
                  00003dd0    00000164     sysbios.aem4f : BIOS.obj (.text:ti_sysbios_family_arm_m3_Hwi_excUsageFault__I)
                  00003f34    00000150     drivers_tivaware.aem4f : GPIOTiva.oem4f (.text:GPIO_setConfig)
                  00004084    00000004     driverlib.lib : i2c.obj (.text:I2CMasterDataPut)
                  00004088    00000148     sysbios.aem4f : BIOS.obj (.text:ti_sysbios_family_arm_m3_Hwi_excMemFault__I)
                  000041d0    00000144     grlib.lib : circle.obj (.text:GrCircleFill)
                  00004314    00000004               : widget.obj (.text:WidgetDefaultMsgProc)
                  00004318    0000013c     sysbios.aem4f : BIOS.obj (.text:ti_sysbios_heaps_HeapMem_Instance_init__E)
                  00004454    00000134     rtsv7M4_T_le_v4SPD16_eabi.lib : localtim.c.obj (.text:__localtime32)
                  00004588    00000130     driverlib.lib : gpio.obj (.text:GPIOPadConfigSet)
                  000046b8    00000120     sysbios.aem4f : BIOS.obj (.text:ti_sysbios_family_arm_lm4_Timer_start__E)
                  000047d8    00000118     ti.targets.arm.rtsarm.aem4f : Error.oem4f (.text:xdc_runtime_Error_policyDefault__E)
                  000048f0    0000010c     Kentec320x240x16_ssd2119_spi.obj (.text:Kentec320x240x16_SSD2119RectFill)
                  000049fc    0000010c     touch.obj (.text:TouchScreenInit)
                  00004b08    00000104     sysbios.aem4f : BIOS.obj (.text:ti_sysbios_knl_Event_post__E)
                  00004c0c    00000100     ti.targets.arm.rtsarm.aem4f : Core-mem.oem4f (.text:xdc_runtime_Core_createObject__I)
                  00004d0c    00000004     rtsv7M4_T_le_v4SPD16_eabi.lib : exit.c.obj (.text:abort:abort)
                  00004d10    000000fc     sysbios.aem4f : BIOS.obj (.text:ti_sysbios_knl_Semaphore_post__E)
                  00004e0c    000000f8     ti.targets.arm.rtsarm.aem4f : Startup.oem4f (.text:xdc_runtime_Startup_startMods__I)
                  00004f04    000000f8     empty_pem4f.oem4f (.text:xdc_runtime_System_printfExtend__I)
                  00004ffc    000000f4     sysbios.aem4f : m3_Hwi_asm.obj (.text:ti_sysbios_family_arm_m3_Hwi_dispatch__I)
                  000050f0    000000f2     grlib.lib : pushbutton.obj (.text:RectangularButtonClick)
                  000051e2    00000002     rtsv7M4_T_le_v4SPD16_eabi.lib : div0.asm.obj (.text)
                  000051e4    000000e8     grlib.lib : widget.obj (.text:WidgetMessageQueueAdd)
                  000052cc    000000e0     drivers_tivaware.aem4f : I2CTiva.oem4f (.text:I2CTiva_open)
                  000053ac    000000d6                            : I2CTiva.oem4f (.text:I2CTiva_hwiFxn)
                  00005482    000000d4     grlib.lib : pushbutton.obj (.text:CircularButtonClick)
                  00005556    00000002     empty_pem4f.oem4f (.text:ti_sysbios_BIOS_nullFunc__I)
                  00005558    000000cc     ti.targets.arm.rtsarm.aem4f : Core-smem.oem4f (.text:xdc_runtime_Core_constructObject__I)
                  00005624    000000c8     empty.obj (.text:onAccelChange)
                  000056ec    000000c0     grlib.lib : string.obj (.text:GrDefaultStringRenderer)
                  000057ac    00000004     empty_pem4f.oem4f (.text:ti_sysbios_BIOS_RtsGateProxy_enter__E)
                  000057b0    000000bc     sysbios.aem4f : BIOS.obj (.text:ti_sysbios_family_arm_m3_Hwi_excDebugMon__I)
                  0000586c    00000004     empty_pem4f.oem4f (.text:ti_sysbios_BIOS_RtsGateProxy_leave__E)
                  00005870    000000bc     sysbios.aem4f : BIOS.obj (.text:ti_sysbios_family_arm_m3_Hwi_excHardFault__I)
                  0000592c    000000b8     EK_TM4C1294XL.obj (.text:EK_TM4C1294XL_initGeneral)
                  000059e4    000000b8     Kentec320x240x16_ssd2119_spi.obj (.text:InitSPILCDInterface)
                  00005a9c    000000b4     grlib.lib : widget.obj (.text:WidgetMessageSendPostOrder)
                  00005b50    000000b4     empty.obj (.text:main)
                  00005c04    000000b4     empty.obj (.text:onCurrentChange)
                  00005cb8    000000b4     empty.obj (.text:onSpeedChange)
                  00005d6c    00000004     sysbios.aem4f : BIOS.obj (.text:ti_sysbios_family_arm_lm4_Timer_masterEnable__I)
                  00005d70    000000b4                   : BIOS.obj (.text:ti_sysbios_gates_GateMutex_enter__E)
                  00005e24    00000004     empty_pem4f.oem4f (.text:ti_sysbios_family_arm_m3_Hwi_destruct)
                  00005e28    000000b4     sysbios.aem4f : BIOS.obj (.text:ti_sysbios_knl_Task_checkStacks__E)
                  00005edc    00000004     empty_pem4f.oem4f (.text:ti_sysbios_family_arm_m3_TaskSupport_Module__startupDone__S)
                  00005ee0    000000ac     sysbios.aem4f : BIOS.obj (.text:ti_sysbios_family_arm_lm4_Timer_enableTiva__I)
                  00005f8c    00000004     empty_pem4f.oem4f (.text:ti_sysbios_heaps_HeapMem_Module_GateProxy_enter__E)
                  00005f90    000000a8     sysbios.aem4f : BIOS.obj (.text:ti_sysbios_family_arm_lm4_Timer_enableTimers__I)
                  00006038    000000a0     auto_init.aem4f : auto_init.oem4f (.text)
                  000060d8    000000a0     ti.targets.arm.rtsarm.aem4f : Text.oem4f (.text:xdc_runtime_Text_putMod__E)
                  00006178    0000009c     empty.obj (.text:StartStopBttnPress)
                  00006214    0000009c     rtsv7M4_T_le_v4SPD16_eabi.lib : memcpy_t2.asm.obj (.text)
                  000062b0    0000009a     ti.targets.arm.rtsarm.aem4f : Text.oem4f (.text:xdc_runtime_Text_putSite__E)
                  0000634a    00000002     empty_pem4f.oem4f (.text:xdc_runtime_Startup_reset__I)
                  0000634c    00000098     Boot.aem4f : Boot.oem4f (.text:ti_catalog_arm_cortexm4_tiva_ce_Boot_sysCtlClockFreqSet__E)
                  000063e4    00000096     rtsv7M4_T_le_v4SPD16_eabi.lib : ull_div_t2.asm.obj (.text)
                  0000647a    00000006     driverlib.lib : gpio.obj (.text:GPIOPinWrite)
                  00006480    00000094     sysbios.aem4f : BIOS.obj (.text:ti_sysbios_family_arm_m3_Hwi_Instance_init__E)
                  00006514    00000004     empty_pem4f.oem4f (.text:ti_sysbios_heaps_HeapMem_Module_GateProxy_leave__E)
                  00006518    00000094     sysbios.aem4f : BIOS.obj (.text:ti_sysbios_family_arm_m3_Hwi_initNVIC__E)
                  000065ac    00000004     empty_pem4f.oem4f (.text:ti_sysbios_knl_Clock_TimerProxy_getMaxTicks__E)
                  000065b0    00000094     sysbios.aem4f : BIOS.obj (.text:ti_sysbios_knl_Task_postInit__I)
                  00006644    0000008c     drivers_tivaware.aem4f : GPIOTiva.oem4f (.text:GPIO_init)
                  000066d0    0000008c     sysbios.aem4f : m3_TaskSupport_asm.obj (.text:ti_sysbios_family_arm_m3_TaskSupport_buildTaskStack)
                  0000675c    00000086     grlib.lib : rectangle.obj (.text:GrRectFill)
                  000067e2    00000006               : string.obj (.text:GrContextFontSet)
                  000067e8    00000084     sysbios.aem4f : BIOS.obj (.text:ti_sysbios_family_arm_m3_Hwi_postInit__I)
                  0000686c    00000080     empty.obj (.text:eStopFxn)
                  000068ec    0000007e     drivers_tivaware.aem4f : I2CTiva.oem4f (.text:I2CTiva_transfer)
                  0000696a    0000007a     driverlib.lib : adc.obj (.text:ADCSequenceStepConfigure)
                  000069e4    0000007a     rtsv7M4_T_le_v4SPD16_eabi.lib : memset_t2.asm.obj (.text)
                  00006a5e    00000002     --HOLE-- [fill = 0]
                  00006a60    00000070     sysbios.aem4f : BIOS.obj (.text:ti_sysbios_knl_Clock_workFunc__E)
                  00006ad0    00000070                   : BIOS.obj (.text:ti_sysbios_knl_Semaphore_Instance_init__E)
                  00006b40    00000070                   : BIOS.obj (.text:ti_sysbios_knl_Task_exit__E)
                  00006bb0    0000006e     rtsv7M4_T_le_v4SPD16_eabi.lib : ll_div_t2.asm.obj (.text)
                  00006c1e    00000002     --HOLE-- [fill = 0]
                  00006c20    0000006d     ti.targets.arm.rtsarm.aem4f : System.oem4f (.text:xdc_runtime_System_formatNum__I)
                  00006c8d    00000003     --HOLE-- [fill = 0]
                  00006c90    0000006c     sysbios.aem4f : BIOS.obj (.text:ti_sysbios_knl_Swi_restoreHwi__E)
                  00006cfc    0000006c     ti.targets.arm.rtsarm.aem4f : Error.oem4f (.text:xdc_runtime_Error_print__E)
                  00006d68    0000006c                                 : Memory.oem4f (.text:xdc_runtime_Memory_alloc__E)
                  00006dd4    00000068     EK_TM4C1294XL.obj (.text:EK_TM4C1294XL_initI2C)
                  00006e3c    00000068     grlib.lib : context.obj (.text:GrContextInit)
                  00006ea4    00000068               : string.obj (.text:GrStringWidthGet)
                  00006f0c    00000068     driverlib.lib : interrupt.obj (.text:IntEnable)
                  00006f74    00000068     Kentec320x240x16_ssd2119_spi.obj (.text:Kentec320x240x16_SSD2119LineDrawH)
                  00006fdc    00000068     Kentec320x240x16_ssd2119_spi.obj (.text:Kentec320x240x16_SSD2119LineDrawV)
                  00007044    00000068     rtsv7M4_T_le_v4SPD16_eabi.lib : copy_decompress_lzss.c.obj (.text:decompress:lzss:__TI_decompress_lzss)
                  000070ac    00000066     grlib.lib : context.obj (.text:GrContextClipRegionSet)
                  00007112    00000066               : rectangle.obj (.text:GrRectDraw)
                  00007178    00000066     ti.targets.arm.rtsarm.aem4f : Core-mem.oem4f (.text:xdc_runtime_Core_deleteObject__I)
                  000071de    00000002     --HOLE-- [fill = 0]
                  000071e0    00000064     drivers_tivaware.aem4f : GPIOTiva.oem4f (.text:GPIO_hwiIntFxn)
                  00007244    00000064     grlib.lib : widget.obj (.text:WidgetMessageQueueProcess)
                  000072a8    00000064     sysbios.aem4f : BIOS.obj (.text:ti_sysbios_family_arm_lm4_Timer_Module_startup__E)
                  0000730c    00000064     empty_pem4f.oem4f (.text:ti_sysbios_family_arm_m3_Hwi_create)
                  00007370    00000064     sysbios.aem4f : BIOS.obj (.text:ti_sysbios_family_arm_m3_Hwi_dispatchC__I)
                  000073d4    00000062     drivers_tivaware.aem4f : I2CTiva.oem4f (.text:I2CTiva_primeTransfer)
                  00007436    00000002     --HOLE-- [fill = 0]
                  00007438    00000060     driverlib.lib : timer.obj (.text:TimerConfigure)
                  00007498    00000060     Kentec320x240x16_ssd2119_spi.obj (.text:WriteDataSPI)
                  000074f8    00000060     sysbios.aem4f : BIOS.obj (.text:ti_sysbios_knl_Task_schedule__I)
                  00007558    0000005e     grlib.lib : widget.obj (.text:WidgetMessageSendPreOrder)
                  000075b6    00000002     --HOLE-- [fill = 0]
                  000075b8    0000005c     Kentec320x240x16_ssd2119_spi.obj (.text:WriteCommandSPI)
                  00007614    00000004     empty_pem4f.oem4f (.text:ti_sysbios_knl_Queue_destruct)
                  00007618    0000005c     sysbios.aem4f : BIOS.obj (.text:ti_sysbios_knl_Swi_run__I)
                  00007674    00000004     empty_pem4f.oem4f (.text:ti_sysbios_knl_Semaphore_destruct)
                  00007678    0000005c     sysbios.aem4f : BIOS.obj (.text:ti_sysbios_knl_Swi_schedule__I)
                  000076d4    00000004     ti.targets.arm.rtsarm.aem4f : Error.oem4f (.text:xdc_runtime_Error_getSite__E)
                  000076d8    0000005c     sysbios.aem4f : BIOS.obj (.text:ti_sysbios_knl_Task_Module_startup__E)
                  00007734    00000004     empty_pem4f.oem4f (.text:xdc_runtime_System_Module_GateProxy_enter__E)
                  00007738    0000005c     sysbios.aem4f : BIOS.obj (.text:ti_sysbios_knl_Task_startCore__E)
                  00007794    0000005b     ti.targets.arm.rtsarm.aem4f : Text.oem4f (.text:xdc_runtime_Text_putLab__E)
                  000077ef    00000001     --HOLE-- [fill = 0]
                  000077f0    0000005a     grlib.lib : string.obj (.text:FontWideGlyphDataGet)
                  0000784a    00000002     --HOLE-- [fill = 0]
                  0000784c    00000058     boot.aem4f : boot.oem4f (.text)
                  000078a4    00000058     rtsv7M4_T_le_v4SPD16_eabi.lib : hostwrite.c.obj (.text:HOSTwrite)
                  000078fc    00000058     driverlib.lib : timer.obj (.text:TimerControlTrigger)
                  00007954    00000058     empty_pem4f.oem4f (.text:ti_sysbios_family_arm_m3_Hwi_construct)
                  000079ac    00000058     sysbios.aem4f : m3_Hwi_asm_switch.obj (.text:ti_sysbios_family_arm_m3_Hwi_initStacks__E)
                  00007a04    00000058     ustdlib.obj (.text:ustrncpy)
                  00007a5c    00000056     driverlib.lib : gpio.obj (.text:GPIOIntTypeSet)
                  00007ab2    00000002     --HOLE-- [fill = 0]
                  00007ab4    00000054     empty_pem4f.oem4f (.text:ti_sysbios_knl_Task_construct)
                  00007b08    00000054     ti.targets.arm.rtsarm.aem4f : Assert.oem4f (.text:xdc_runtime_Assert_raise__I)
                  00007b5c    00000050     drivers_tivaware.aem4f : GPIOTiva.oem4f (.text:GPIO_setCallback)
                  00007bac    00000050                            : GPIOTiva.oem4f (.text:GPIO_write)
                  00007bfc    00000050     Boot.aem4f : Boot_sysctl.oem4f (.text:_SysCtlFrequencyGet)
                  00007c4c    00000004     empty_pem4f.oem4f (.text:xdc_runtime_System_Module_GateProxy_leave__E)
                  00007c50    00000050     sysbios.aem4f : BIOS.obj (.text:ti_sysbios_family_arm_m3_Hwi_Module_startup__E)
                  00007ca0    00000050     ti.targets.arm.rtsarm.aem4f : Startup.oem4f (.text:xdc_runtime_Startup_exec__E)
                  00007cf0    00000050                                 : Text.oem4f (.text:xdc_runtime_Text_visitRope2__I)
                  00007d40    0000004c     rtsv7M4_T_le_v4SPD16_eabi.lib : cpy_tbl.c.obj (.text:copy_in)
                  00007d8c    00000004     ti.targets.arm.rtsarm.aem4f : System.oem4f (.text:xdc_runtime_System_aprintf_va__F)
                  00007d90    0000004c     sysbios.aem4f : BIOS.obj (.text:ti_sysbios_heaps_HeapMem_getStats__E)
                  00007ddc    00000004     ti.targets.arm.rtsarm.aem4f : System.oem4f (.text:xdc_runtime_System_printf_va__F)
                  00007de0    0000004c     sysbios.aem4f : BIOS.obj (.text:ti_sysbios_knl_Swi_runLoop__I)
                  00007e2c    00000004     --HOLE-- [fill = 0]
                  00007e30    0000004c                   : BIOS.obj (.text:ti_sysbios_knl_Task_allBlockedFunction__I)
                  00007e7c    0000004a     grlib.lib : string.obj (.text:UpdateContextCharMapping)
                  00007ec6    00000002     --HOLE-- [fill = 0]
                  00007ec8    00000048     driverlib.lib : gpio.obj (.text:GPIOPinConfigure)
                  00007f10    00000048     rtsv7M4_T_le_v4SPD16_eabi.lib : hosttime.c.obj (.text:HOSTtime)
                  00007f58    00000048     driverlib.lib : i2c.obj (.text:I2CMasterInitExpClk)
                  00007fa0    00000048     sysbios.aem4f : BIOS.obj (.text:ti_sysbios_family_arm_m3_Hwi_disableInterrupt__E)
                  00007fe8    00000048                   : BIOS.obj (.text:ti_sysbios_family_arm_m3_Hwi_enableInterrupt__E)
                  00008030    00000048                   : BIOS.obj (.text:ti_sysbios_family_arm_m3_Hwi_excReserved__I)
                  00008078    00000046     grlib.lib : line.obj (.text:GrLineDrawH)
                  000080be    00000046               : line.obj (.text:GrLineDrawV)
                  00008104    00000046     Kentec320x240x16_ssd2119_spi.obj (.text:Kentec320x240x16_SSD2119PixelDraw)
                  0000814a    00000046     ti.targets.arm.rtsarm.aem4f : Core-params.oem4f (.text:xdc_runtime_Core_assignParams__I)
                  00008190    00000044     sysbios.aem4f : BIOS.obj (.text:ti_sysbios_family_arm_lm4_Timer_isrStub__E)
                  000081d4    00000004     --HOLE-- [fill = 0]
                  000081d8    00000044                   : BIOS.obj (.text:ti_sysbios_family_arm_m3_Hwi_getStackInfo__E)
                  0000821c    00000004     --HOLE-- [fill = 0]
                  00008220    00000044                   : BIOS.obj (.text:ti_sysbios_knl_Swi_post__E)
                  00008264    00000044     ti.targets.arm.rtsarm.aem4f : Error.oem4f (.text:xdc_runtime_Error_setX__E)
                  000082a8    00000044                                 : SysMin.oem4f (.text:xdc_runtime_SysMin_flush__E)
                  000082ec    00000044                                 : Text.oem4f (.text:xdc_runtime_Text_xprintf__I)
                  00008330    00000040     rtsv7M4_T_le_v4SPD16_eabi.lib : u_divt2.asm.obj (.text)
                  00008370    00000040     sysbios.aem4f : BIOS.obj (.text:ti_sysbios_family_arm_lm4_Timer_startup__E)
                  000083b0    0000003e     driverlib.lib : adc.obj (.text:ADCSequenceConfigure)
                  000083ee    0000003c                   : ssi.obj (.text:SSIConfigSetExpClk)
                  0000842a    00000006                   : i2c.obj (.text:I2CMasterIntDisable)
                  00008430    0000003c     sysbios.aem4f : BIOS.obj (.text:ti_sysbios_family_arm_m3_Hwi_excSvCall__I)
                  0000846c    00000004     --HOLE-- [fill = 0]
                  00008470    0000003c                   : BIOS.obj (.text:ti_sysbios_heaps_HeapMem_init__I)
                  000084ac    00000004     --HOLE-- [fill = 0]
                  000084b0    0000003c                   : BIOS.obj (.text:ti_sysbios_knl_Swi_restore__E)
                  000084ec    0000003a     grlib.lib : string.obj (.text:FontGlyphDataGet)
                  00008526    0000003a     drivers_tivaware.aem4f : I2CTiva.oem4f (.text:I2CTiva_completeTransfer)
                  00008560    00000038                            : I2C.oem4f (.text:I2C_init)
                  00008598    00000038     rtsv7M4_T_le_v4SPD16_eabi.lib : trgmsg.c.obj (.text:__TI_writemsg)
                  000085d0    00000038     sysbios.aem4f : BIOS.obj (.text:ti_sysbios_family_arm_m3_Hwi_excNoIsr__I)
                  00008608    00000038                   : BIOS.obj (.text:ti_sysbios_knl_Task_processVitalTaskFlag__I)
                  00008640    00000038     ti.targets.arm.rtsarm.aem4f : SysMin.oem4f (.text:xdc_runtime_SysMin_putch__E)
                  00008678    00000038                                 : System.oem4f (.text:xdc_runtime_System_atexit__E)
                  000086b0    00000036     drivers_tivaware.aem4f : I2CTiva.oem4f (.text:I2CTiva_close)
                  000086e6    00000002     --HOLE-- [fill = 0]
                  000086e8    00000034     driverlib.lib : sysctl.obj (.text:SysCtlPeripheralEnable)
                  0000871c    00000034     rtsv7M4_T_le_v4SPD16_eabi.lib : trgmsg.c.obj (.text:__TI_readmsg)
                  00008750    00000034     empty.obj (.text:initTime)
                  00008784    00000004     --HOLE-- [fill = 0]
                  00008788    00000034     sysbios.aem4f : BIOS.obj (.text:ti_sysbios_family_arm_m3_Hwi_Instance_finalize__E)
                  000087bc    00000004     --HOLE-- [fill = 0]
                  000087c0    00000034                   : BIOS.obj (.text:ti_sysbios_family_arm_m3_Hwi_excNmi__I)
                  000087f4    00000004     --HOLE-- [fill = 0]
                  000087f8    00000034                   : BIOS.obj (.text:ti_sysbios_hal_Hwi_checkStack)
                  0000882c    00000034     ti.targets.arm.rtsarm.aem4f : Core-label.oem4f (.text:xdc_runtime_Core_assignLabel__I)
                  00008860    00000033                                 : Text.oem4f (.text:xdc_runtime_Text_printVisFxn__I)
                  00008893    00000005     --HOLE-- [fill = 0]
                  00008898    00000032     sysbios.aem4f : BIOS.obj (.text:ti_sysbios_hal_Hwi_initStack)
                  000088ca    00000032     ustdlib.obj (.text:usprintf)
                  000088fc    00000030     empty_pem4f.oem4f (.text:ti_sysbios_BIOS_atExitFunc__I)
                  0000892c    00000004     --HOLE-- [fill = 0]
                  00008930    00000030     sysbios.aem4f : BIOS.obj (.text:ti_sysbios_family_arm_lm4_Timer_stop__E)
                  00008960    00000030                   : BIOS.obj (.text:ti_sysbios_family_arm_m3_TaskSupport_start__E)
                  00008990    00000030     empty_pem4f.oem4f (.text:ti_sysbios_gates_GateHwi_Object__create__S)
                  000089c0    00000030     empty_pem4f.oem4f (.text:ti_sysbios_gates_GateMutex_Object__create__S)
                  000089f0    00000030     empty_pem4f.oem4f (.text:ti_sysbios_heaps_HeapMem_Object__create__S)
                  00008a20    00000030     empty_pem4f.oem4f (.text:ti_sysbios_knl_Semaphore_construct)
                  00008a50    00000030     sysbios.aem4f : BIOS.obj (.text:ti_sysbios_knl_Semaphore_pendTimeout__I)
                  00008a80    00000030                   : BIOS.obj (.text:ti_sysbios_knl_Task_unblockI__E)
                  00008ab0    00000030     ti.targets.arm.rtsarm.aem4f : SysMin.oem4f (.text:xdc_runtime_SysMin_abort__E)
                  00008ae0    00000030                                 : System.oem4f (.text:xdc_runtime_System_processAtExit__E)
                  00008b10    0000002e     grlib.lib : string.obj (.text:GrStringNextCharGet)
                  00008b3e    0000002c               : pushbutton.obj (.text:CircularButtonMsgProc)
                  00008b6a    0000002c               : string.obj (.text:GrFontBaselineGet)
                  00008b96    0000002c               : string.obj (.text:GrFontHeightGet)
                  00008bc2    0000002c               : pushbutton.obj (.text:RectangularButtonMsgProc)
                  00008bee    0000002c               : widget.obj (.text:WidgetIsInTree)
                  00008c1a    00000002     --HOLE-- [fill = 0]
                  00008c1c    0000002c     empty_pem4f.oem4f (.text:ti_sysbios_knl_Clock_doTick__I)
                  00008c48    0000002c     empty_pem4f.oem4f (.text:ti_sysbios_knl_Queue_construct)
                  00008c74    00000004     --HOLE-- [fill = 0]
                  00008c78    0000002c     sysbios.aem4f : BIOS.obj (.text:ti_sysbios_knl_Task_restore__E)
                  00008ca4    0000002c     ti.targets.arm.rtsarm.aem4f : Text.oem4f (.text:xdc_runtime_Text_cordText__E)
                  00008cd0    0000002a     driverlib.lib : gpio.obj (.text:GPIODirModeSet)
                  00008cfa    0000002a     ti.targets.arm.rtsarm.aem4f : System.oem4f (.text:xdc_runtime_System_putchar__I)
                  00008d24    00000028     Kentec320x240x16_ssd2119_spi.obj (.text:Kentec320x240x16_SSD2119ColorTranslate)
                  00008d4c    00000004     --HOLE-- [fill = 0]
                  00008d50    00000028     sysbios.aem4f : BIOS.obj (.text:ti_sysbios_knl_Semaphore_Instance_finalize__E)
                  00008d78    00000028                   : BIOS.obj (.text:ti_sysbios_knl_Swi_Module_startup__E)
                  00008da0    00000026     grlib.lib : string.obj (.text:GrFontInfoGet)
                  00008dc6    00000026     sysbios.aem4f : m3_Hwi_asm.obj (.text:ti_sysbios_family_arm_m3_Hwi_pendSV__I)
                  00008dec    00000026     ti.targets.arm.rtsarm.aem4f : System.oem4f (.text:xdc_runtime_System_avprintf__E)
                  00008e12    00000002     --HOLE-- [fill = 0]
                  00008e14    00000024     empty_pem4f.oem4f (.text:ti_sysbios_BIOS_errorRaiseHook__I)
                  00008e38    00000024     empty_pem4f.oem4f (.text:ti_sysbios_BIOS_registerRTSLock__I)
                  00008e5c    00000024     empty_pem4f.oem4f (.text:ti_sysbios_BIOS_removeRTSLock__I)
                  00008e80    00000024     empty_pem4f.oem4f (.text:ti_sysbios_BIOS_startFunc__I)
                  00008ea4    00000024     empty_pem4f.oem4f (.text:ti_sysbios_gates_GateMutex_Object__delete__S)
                  00008ec8    00000024     sysbios.aem4f : BIOS.obj (.text:ti_sysbios_knl_Clock_Module_startup__E)
                  00008eec    00000004     --HOLE-- [fill = 0]
                  00008ef0    00000024                   : BIOS.obj (.text:ti_sysbios_knl_Task_restoreHwi__E)
                  00008f14    00000024     ti.targets.arm.rtsarm.aem4f : System.oem4f (.text:xdc_runtime_System_vprintf__E)
                  00008f38    00000022     grlib.lib : string.obj (.text:GrFontGlyphDataGet)
                  00008f5a    00000006     driverlib.lib : i2c.obj (.text:I2CMasterIntEnable)
                  00008f60    00000022     sysbios.aem4f : BIOS.obj (.text:ti_sysbios_family_arm_lm4_Timer_write__I)
                  00008f82    00000022     empty_pem4f.oem4f (.text:xdc_runtime_SysMin_output__I)
                  00008fa4    00000020     Boot.aem4f : Boot_sysctl.oem4f (.text:_SysCtlMemTimingGet)
                  00008fc4    00000020     empty_pem4f.oem4f (.text:ti_sysbios_BIOS_rtsLock__I)
                  00008fe4    00000020     sysbios.aem4f : m3_Hwi_asm.obj (.text:ti_sysbios_family_arm_m3_Hwi_excHandlerAsm__I)
                  00009004    00000004     --HOLE-- [fill = 0]
                  00009008    00000020                   : BIOS.obj (.text:ti_sysbios_family_arm_m3_Hwi_excHandler__I)
                  00009028    00000020     empty_pem4f.oem4f (.text:ti_sysbios_gates_GateHwi_Object__delete__S)
                  00009048    00000020     empty_pem4f.oem4f (.text:ti_sysbios_heaps_HeapMem_Object__delete__S)
                  00009068    00000020     sysbios.aem4f : BIOS.obj (.text:ti_sysbios_knl_Idle_run__E)
                  00009088    00000020     empty_pem4f.oem4f (.text:ti_sysbios_knl_Semaphore_Object__destruct__S)
                  000090a8    00000020     ti.targets.arm.rtsarm.aem4f : Registry.oem4f (.text:xdc_runtime_Registry_findById__E)
                  000090c8    00000020                                 : SysMin.oem4f (.text:xdc_runtime_SysMin_Module_startup__E)
                  000090e8    0000001e     grlib.lib : string.obj (.text:GrFontCodepageGet)
                  00009106    0000001e               : widget.obj (.text:WidgetAdd)
                  00009124    0000001e     sysbios.aem4f : m3_Hwi_asm_switch.obj (.text:ti_sysbios_family_xxx_Hwi_switchAndRunFunc)
                  00009142    00000002     --HOLE-- [fill = 0]
                  00009144    0000001c     grlib.lib : widget.obj (.text:WidgetPointerMessage)
                  00009160    0000001c     drivers_tivaware.aem4f : GPIOTiva.oem4f (.text:getGpioIntIndex)
                  0000917c    0000001c     empty_pem4f.oem4f (.text:ti_sysbios_family_arm_m3_Hwi_Object__destruct__S)
                  00009198    0000001c     sysbios.aem4f : BIOS.obj (.text:ti_sysbios_gates_GateMutex_Instance_init__E)
                  000091b4    0000001c     empty_pem4f.oem4f (.text:ti_sysbios_knl_Queue_Object__destruct__S)
                  000091d0    0000001c     sysbios.aem4f : BIOS.obj (.text:ti_sysbios_knl_Queue_put__E)
                  000091ec    00000004     --HOLE-- [fill = 0]
                  000091f0    0000001c                   : BIOS.obj (.text:ti_sysbios_knl_Task_enter__I)
                  0000920c    0000001c     ti.targets.arm.rtsarm.aem4f : Error.oem4f (.text:xdc_runtime_Error_raiseX__E)
                  00009228    0000001c                                 : Memory.oem4f (.text:xdc_runtime_Memory_valloc__E)
                  00009244    0000001c                                 : SysMin.oem4f (.text:xdc_runtime_SysMin_exit__E)
                  00009260    0000001c                                 : System.oem4f (.text:xdc_runtime_System_abort__E)
                  0000927c    0000001a     empty_pem4f.oem4f (.text:ti_sysbios_family_arm_m3_Hwi_Handle__label__S)
                  00009296    0000001a     empty_pem4f.oem4f (.text:ti_sysbios_gates_GateHwi_Handle__label__S)
                  000092b0    0000001a     empty_pem4f.oem4f (.text:ti_sysbios_gates_GateMutex_Handle__label__S)
                  000092ca    0000001a     empty_pem4f.oem4f (.text:ti_sysbios_heaps_HeapMem_Handle__label__S)
                  000092e4    0000001a     empty_pem4f.oem4f (.text:ti_sysbios_knl_Swi_Handle__label__S)
                  000092fe    0000001a     empty_pem4f.oem4f (.text:ti_sysbios_knl_Task_Handle__label__S)
                  00009318    0000001a     empty_pem4f.oem4f (.text:xdc_runtime_System_aprintf__E)
                  00009332    0000001a     empty_pem4f.oem4f (.text:xdc_runtime_System_printf__E)
                  0000934c    00000018     driverlib.lib : gpio.obj (.text:GPIOPinTypeGPIOOutput)
                  00009364    00000018     rtsv7M4_T_le_v4SPD16_eabi.lib : args_main.c.obj (.text:_args_main)
                  0000937c    00000018     empty_pem4f.oem4f (.text:ti_sysbios_BIOS_rtsUnlock__I)
                  00009394    00000018     empty_pem4f.oem4f (.text:ti_sysbios_family_arm_lm4_Timer_Module__startupDone__F)
                  000093ac    00000018     empty_pem4f.oem4f (.text:ti_sysbios_family_arm_m3_Hwi_Module__startupDone__F)
                  000093c4    00000018     sysbios.aem4f : m3_TaskSupport_asm.obj (.text:ti_sysbios_family_arm_m3_TaskSupport_swap__E)
                  000093dc    00000004     --HOLE-- [fill = 0]
                  000093e0    00000018                   : BIOS.obj (.text:ti_sysbios_gates_GateMutex_leave__E)
                  000093f8    00000018     ti.targets.arm.rtsarm.aem4f : Error.oem4f (.text:xdc_runtime_Error_check__E)
                  00009410    00000018                                 : System.oem4f (.text:xdc_runtime_System_exit__E)
                  00009428    00000018                                 : Text.oem4f (.text:xdc_runtime_Text_ropeText__E)
                  00009440    00000016     grlib.lib : string.obj (.text:GrStringDraw)
                  00009456    00000016     driverlib.lib : i2c.obj (.text:I2CMasterErr)
                  0000946c    00000016     empty.obj (.text:heartBeatFxn)
                  00009482    00000016     empty_pem4f.oem4f (.text:ti_sysbios_BIOS_exitFunc__I)
                  00009498    00000016     empty.obj (.text:ti_sysbios_knl_Task_Params_init)
                  000094ae    00000014     grlib.lib : canvas.obj (.text:CanvasMsgProc)
                  000094c2    00000002     --HOLE-- [fill = 0]
                  000094c4    00000014     Kentec320x240x16_ssd2119_spi.obj (.text:LED_OFF)
                  000094d8    00000014     Kentec320x240x16_ssd2119_spi.obj (.text:LED_ON)
                  000094ec    00000014     touch.obj (.text:TouchScreenCallbackSet)
                  00009500    00000014     grlib.lib : widget.obj (.text:WidgetMutexGet)
                  00009514    00000014     rtsv7M4_T_le_v4SPD16_eabi.lib : strlen.c.obj (.text:strlen)
                  00009528    00000014     empty_pem4f.oem4f (.text:ti_sysbios_family_arm_m3_Hwi_Object__get__S)
                  0000953c    00000004     --HOLE-- [fill = 0]
                  00009540    00000014     sysbios.aem4f : BIOS.obj (.text:ti_sysbios_family_arm_m3_Hwi_switchFromBootStack__E)
                  00009554    00000014     empty_pem4f.oem4f (.text:ti_sysbios_heaps_HeapMem_Object__get__S)
                  00009568    00000014     empty_pem4f.oem4f (.text:ti_sysbios_knl_Swi_Object__get__S)
                  0000957c    00000012     driverlib.lib : gpio.obj (.text:GPIOPinTypeEthernetLED)
                  0000958e    00000012                   : gpio.obj (.text:GPIOPinTypeGPIOInput)
                  000095a0    00000012                   : gpio.obj (.text:GPIOPinTypeI2C)
                  000095b2    00000012                   : gpio.obj (.text:GPIOPinTypeI2CSCL)
                  000095c4    00000012                   : gpio.obj (.text:GPIOPinTypeSSI)
                  000095d6    00000012                   : gpio.obj (.text:GPIOPinTypeUART)
                  000095e8    00000012                   : gpio.obj (.text:GPIOPinTypeUSBAnalog)
                  000095fa    00000012                   : gpio.obj (.text:GPIOPinTypeUSBDigital)
                  0000960c    00000012                   : ssi.obj (.text:SSIDataGetNonBlocking)
                  0000961e    00000012                   : timer.obj (.text:TimerLoadSet)
                  00009630    00000012     sysbios.aem4f : BIOS.obj (.text:ti_sysbios_hal_Hwi_Module_startup__E)
                  00009642    00000006     drivers_tivaware.aem4f : I2CTiva.oem4f (.text:I2CTiva_control)
                  00009648    00000012     sysbios.aem4f : BIOS.obj (.text:ti_sysbios_knl_Event_sync__E)
                  0000965a    00000012     empty_pem4f.oem4f (.text:xdc_runtime_Startup_exec__I)
                  0000966c    00000010     empty_pem4f.oem4f (.text:.bootCodeSection:ti_catalog_arm_cortexm4_tiva_ce_Boot_init__I)
                  0000967c    00000010     driverlib.lib : adc.obj (.text:ADCIntEnable)
                  0000968c    00000004     --HOLE-- [fill = 0]
                  00009690    00000010     sysbios.aem4f : BIOS.obj (.text:ti_sysbios_BIOS_getCpuFreq__E)
                  000096a0    00000010                   : BIOS.obj (.text:ti_sysbios_BIOS_setThreadType__E)
                  000096b0    00000010                   : BIOS.obj (.text:ti_sysbios_BIOS_start__E)
                  000096c0    00000010                   : m3_TaskSupport_asm.obj (.text:ti_sysbios_family_arm_m3_TaskSupport_glue)
                  000096d0    00000010                   : BIOS.obj (.text:ti_sysbios_gates_GateMutex_Instance_finalize__E)
                  000096e0    00000010                   : BIOS.obj (.text:ti_sysbios_knl_Swi_disable__E)
                  000096f0    00000010     empty_pem4f.oem4f (.text:ti_sysbios_knl_Task_Object__get__S)
                  00009700    00000010     sysbios.aem4f : BIOS.obj (.text:ti_sysbios_knl_Task_disable__E)
                  00009710    00000010     ti.targets.arm.rtsarm.aem4f : Gate.oem4f (.text:xdc_runtime_Gate_leaveSystem__E)
                  00009720    00000010                                 : Memory.oem4f (.text:xdc_runtime_Memory_free__E)
                  00009730    00000010                                 : SysMin.oem4f (.text:xdc_runtime_SysMin_ready__E)
                  00009740    00000010                                 : System.oem4f (.text:xdc_runtime_System_vsnprintf__E)
                  00009750    00000010     empty_pem4f.oem4f (.text:xdc_runtime_Text_visitRope__I)
                  00009760    0000000e     driverlib.lib : adc.obj (.text:ADCSequenceEnable)
                  0000976e    0000000e                   : gpio.obj (.text:GPIOIntStatus)
                  0000977c    0000000e     grlib.lib : image.obj (.text:GrImageDraw)
                  0000978a    0000000e     driverlib.lib : timer.obj (.text:TimerEnable)
                  00009798    0000000e     rtsv7M4_T_le_v4SPD16_eabi.lib : time.c.obj (.text:__time32)
                  000097a6    0000000e                                   : copy_decompress_none.c.obj (.text:decompress:none:__TI_decompress_none)
                  000097b4    00000004     --HOLE-- [fill = 0]
                  000097b8    0000000e     sysbios.aem4f : BIOS.obj (.text:ti_sysbios_knl_Idle_loop__E)
                  000097c6    00000002     --HOLE-- [fill = 0]
                  000097c8    0000000e                   : BIOS.obj (.text:ti_sysbios_knl_Queue_empty__E)
                  000097d6    00000002     --HOLE-- [fill = 0]
                  000097d8    0000000c     rtsv7M4_T_le_v4SPD16_eabi.lib : _lock.c.obj (.text:_register_lock)
                  000097e4    0000000c                                   : _lock.c.obj (.text:_register_unlock)
                  000097f0    0000000c                                   : copy_zero_init.c.obj (.text:decompress:ZI:__TI_zero_init)
                  000097fc    00000004     --HOLE-- [fill = 0]
                  00009800    0000000c     sysbios.aem4f : BIOS.obj (.text:ti_sysbios_family_arm_lm4_Timer_getMaxTicks__E)
                  0000980c    0000000c     empty_pem4f.oem4f (.text:ti_sysbios_family_arm_m3_Hwi_Params__init__S)
                  00009818    0000000c     sysbios.aem4f : BIOS.obj (.text:ti_sysbios_family_arm_m3_Hwi_disableFxn__E)
                  00009824    00000004     --HOLE-- [fill = 0]
                  00009828    0000000c                   : BIOS.obj (.text:ti_sysbios_family_arm_m3_TaskSupport_checkStack__E)
                  00009834    00000004     --HOLE-- [fill = 0]
                  00009838    0000000c                   : BIOS.obj (.text:ti_sysbios_family_arm_m3_TaskSupport_getStackAlignment__E)
                  00009844    00000004     --HOLE-- [fill = 0]
                  00009848    0000000c                   : BIOS.obj (.text:ti_sysbios_gates_GateHwi_enter__E)
                  00009854    00000004     --HOLE-- [fill = 0]
                  00009858    0000000c                   : BIOS.obj (.text:ti_sysbios_knl_Clock_getTicks__E)
                  00009864    0000000c     empty.obj (.text:ti_sysbios_knl_Event_handle)
                  00009870    0000000c     empty_pem4f.oem4f (.text:ti_sysbios_knl_Queue_Object__get__S)
                  0000987c    0000000c     empty_pem4f.oem4f (.text:ti_sysbios_knl_Semaphore_Params__init__S)
                  00009888    0000000c     empty_pem4f.oem4f (.text:ti_sysbios_knl_Task_Params__init__S)
                  00009894    0000000c     ti.targets.arm.rtsarm.aem4f : Error.oem4f (.text:xdc_runtime_Error_init__E)
                  000098a0    0000000c                                 : Gate.oem4f (.text:xdc_runtime_Gate_enterSystem__E)
                  000098ac    0000000c                                 : Memory.oem4f (.text:xdc_runtime_Memory_calloc__E)
                  000098b8    0000000c                                 : Memory.oem4f (.text:xdc_runtime_Memory_getMaxDefaultTypeAlign__E)
                  000098c4    0000000a     driverlib.lib : i2c.obj (.text:I2CMasterDisable)
                  000098ce    0000000a                   : i2c.obj (.text:I2CMasterEnable)
                  000098d8    0000000a     drivers_tivaware.aem4f : I2CTiva.oem4f (.text:I2CTiva_init)
                  000098e2    0000000a     Kentec320x240x16_ssd2119_spi.obj (.text:Kentec320x240x16_SSD2119Flush)
                  000098ec    0000000a     driverlib.lib : ssi.obj (.text:SSIDataPut)
                  000098f6    0000000a                   : ssi.obj (.text:SSIEnable)
                  00009900    0000000a     empty_pem4f.oem4f (.text:xdc_runtime_IHeap_alloc)
                  0000990a    0000000a     empty_pem4f.oem4f (.text:xdc_runtime_IHeap_free)
                  00009914    00000008     EK_TM4C1294XL.obj (.text:EK_TM4C1294XL_initGPIO)
                  0000991c    00000008     grlib.lib : charmap.obj (.text:GrMapISO8859_1_Unicode)
                  00009924    00000008     driverlib.lib : i2c.obj (.text:I2CMasterIntClear)
                  0000992c    00000008                   : i2c.obj (.text:I2CMasterSlaveAddrSet)
                  00009934    00000008     drivers_tivaware.aem4f : I2CTiva.oem4f (.text:I2CTiva_blockingCallback)
                  0000993c    00000008     driverlib.lib : ssi.obj (.text:SSIBusy)
                  00009944    00000008     sysbios.aem4f : BIOS.obj (.text:ti_sysbios_family_arm_lm4_Timer_masterDisable__I)
                  0000994c    00000004     --HOLE-- [fill = 0]
                  00009950    00000008                   : BIOS.obj (.text:ti_sysbios_family_arm_m3_Hwi_doSwiRestore__I)
                  00009958    00000008                   : BIOS.obj (.text:ti_sysbios_family_arm_m3_Hwi_startup__E)
                  00009960    00000006     driverlib.lib : sysctl.obj (.text:SysCtlDelay)
                  00009966    00000006     grlib.lib : widget.obj (.text:WidgetMutexPut)
                  0000996c    00000004     --HOLE-- [fill = 0]
                  00009970    00000006     sysbios.aem4f : BIOS.obj (.text:ti_sysbios_family_arm_m3_Hwi_doTaskRestore__I)
                  00009976    00000002     --HOLE-- [fill = 0]
                  00009978    00000006                   : BIOS.obj (.text:ti_sysbios_family_arm_m3_Hwi_restoreFxn__E)
                  0000997e    00000002     --HOLE-- [fill = 0]
                  00009980    00000006                   : BIOS.obj (.text:ti_sysbios_gates_GateHwi_leave__E)
                  00009986    00000002     --HOLE-- [fill = 0]
                  00009988    00000006                   : BIOS.obj (.text:ti_sysbios_heaps_HeapMem_isBlocking__E)
                  0000998e    00000002     --HOLE-- [fill = 0]
                  00009990    00000006                   : BIOS.obj (.text:ti_sysbios_knl_Queue_Instance_init__E)
                  00009996    00000002     --HOLE-- [fill = 0]
                  00009998    00000006                   : BIOS.obj (.text:ti_sysbios_knl_Swi_startup__E)
                  0000999e    00000006     ti.targets.arm.rtsarm.aem4f : System.oem4f (.text:xdc_runtime_System_Module_startup__E)
                  000099a4    00000004     --HOLE-- [fill = 0]
                  000099a8    00000004     sysbios.aem4f : BIOS.obj (.text:ti_sysbios_gates_GateHwi_query__E)
                  000099ac    00000004     --HOLE-- [fill = 0]
                  000099b0    00000004                   : BIOS.obj (.text:ti_sysbios_gates_GateMutex_query__E)
                  000099b4    00000004     --HOLE-- [fill = 0]
                  000099b8    00000004                   : BIOS.obj (.text:ti_sysbios_knl_Task_startup__E)
                  000099bc    00000004     --HOLE-- [fill = 0]
                  000099c0    00000002                   : BIOS.obj (.text:ti_sysbios_gates_GateHwi_Instance_init__E)
                  000099c2    00000006     --HOLE-- [fill = 0]
                  000099c8    00000002                   : BIOS.obj (.text:ti_sysbios_knl_Clock_logTick__E)

.const     0    000099cc    00006424     
                  000099cc    00001a46     frame.obj (.const:.string:g_pui8Top)
                  0000b412    0000190a     empty_pem4f.oem4f (.const:xdc_runtime_Text_charTab__A)
                  0000cd1c    00000786     frame.obj (.const:.string:g_pui8Bottom)
                  0000d4a2    00000782     grlib.lib : fontcmss18b.obj (.const:.string:g_pui8Cmss18bData)
                  0000dc24    000006ca               : fontcmss16b.obj (.const:.string:g_pui8Cmss16bData)
                  0000e2ee    00000546     frame.obj (.const:.string:g_pui8Left)
                  0000e834    00000546     frame.obj (.const:.string:g_pui8Right)
                  0000ed7a    0000017c     frame.obj (.const:.string:g_pui8TopLeft)
                  0000eef6    00000173     frame.obj (.const:.string:g_pui8TopRight)
                  0000f069    00000001     empty_pem4f.oem4f (.const:xdc_runtime_Error_policy__C)
                  0000f06a    00000002     empty_pem4f.oem4f (.const:ti_catalog_arm_cortexm4_tiva_ce_Boot_Module__id__C)
                  0000f06c    00000120     Boot.aem4f : Boot_sysctl.oem4f (.const:g_pppui32XTALtoVCO)
                  0000f18c    000000d0     frame.obj (.const:.string:g_pui8BottomLeft)
                  0000f25c    000000c8     grlib.lib : fontcmss16b.obj (.const:g_sFontCmss16b)
                  0000f324    000000c8               : fontcmss18b.obj (.const:g_sFontCmss18b)
                  0000f3ec    000000c4     frame.obj (.const:.string:g_pui8BottomRight)
                  0000f4b0    000000c0     empty_pem4f.oem4f (.const:xdc_runtime_Text_nodeTab__A)
                  0000f570    00000090     driverlib.lib : gpio.obj (.const:g_pui32GPIOBaseAddrs)
                  0000f600    00000070                   : interrupt.obj (.const)
                  0000f670    0000006c     Boot.aem4f : Boot_sysctl.oem4f (.const:g_pui32Xtals)
                  0000f6dc    00000060     rtsv7M4_T_le_v4SPD16_eabi.lib : mktime.c.obj (.const:$O1$$)
                  0000f73c    00000054     drivers_tivaware.aem4f : GPIOTiva.oem4f (.const:.string)
                  0000f790    00000048     empty_pem4f.oem4f (.const:.string)
                  0000f7d8    00000048     drivers_tivaware.aem4f : GPIOTiva.oem4f (.const:gpioBaseAddresses)
                  0000f820    0000003e     empty.obj (.const:.string)
                  0000f85e    00000002     empty_pem4f.oem4f (.const:ti_sysbios_family_arm_m3_Hwi_Module__id__C)
                  0000f860    0000003c     empty_pem4f.oem4f (.const:ti_sysbios_knl_Task_Object__PARAMS__C)
                  0000f89c    00000030     Boot.aem4f : Boot_sysctl.oem4f (.const:g_sXTALtoMEMTIM)
                  0000f8cc    00000030     empty_pem4f.oem4f (.const:ti_sysbios_family_arm_m3_Hwi_Object__PARAMS__C)
                  0000f8fc    00000028     Kentec320x240x16_ssd2119_spi.obj (.const:g_sKentec320x240x16_SSD2119)
                  0000f924    00000028     empty_pem4f.oem4f (.const:ti_sysbios_heaps_HeapMem_Module__FXNS__C)
                  0000f94c    00000024     EK_TM4C1294XL.obj (.const:I2C_config)
                  0000f970    00000024     empty_pem4f.oem4f (.const:ti_sysbios_gates_GateHwi_Module__FXNS__C)
                  0000f994    00000024     empty_pem4f.oem4f (.const:ti_sysbios_gates_GateMutex_Module__FXNS__C)
                  0000f9b8    00000024     empty_pem4f.oem4f (.const:ti_sysbios_heaps_HeapMem_Object__PARAMS__C)
                  0000f9dc    00000024     empty_pem4f.oem4f (.const:ti_sysbios_knl_Semaphore_Object__PARAMS__C)
                  0000fa00    00000020     empty_pem4f.oem4f (.const:ti_sysbios_family_arm_m3_Hwi_Object__DESC__C)
                  0000fa20    00000020     empty_pem4f.oem4f (.const:ti_sysbios_gates_GateHwi_Object__DESC__C)
                  0000fa40    00000020     empty_pem4f.oem4f (.const:ti_sysbios_gates_GateMutex_Object__DESC__C)
                  0000fa60    00000020     empty_pem4f.oem4f (.const:ti_sysbios_heaps_HeapMem_Object__DESC__C)
                  0000fa80    00000020     empty_pem4f.oem4f (.const:ti_sysbios_knl_Queue_Object__DESC__C)
                  0000faa0    00000020     empty_pem4f.oem4f (.const:ti_sysbios_knl_Semaphore_Object__DESC__C)
                  0000fac0    00000020     empty_pem4f.oem4f (.const:ti_sysbios_knl_Task_Object__DESC__C)
                  0000fae0    00000020     empty_pem4f.oem4f (.const:xdc_runtime_Startup_sfxnTab__A)
                  0000fb00    0000001c     drivers_tivaware.aem4f : I2CTiva.oem4f (.const)
                  0000fb1c    0000001c     touch.obj (.const:g_pi32TouchParameters)
                  0000fb38    00000018     EK_TM4C1294XL.obj (.const:i2cTivaHWAttrs)
                  0000fb50    00000018     empty_pem4f.oem4f (.const:ti_sysbios_gates_GateHwi_Object__PARAMS__C)
                  0000fb68    00000018     empty_pem4f.oem4f (.const:ti_sysbios_gates_GateMutex_Object__PARAMS__C)
                  0000fb80    00000018     empty_pem4f.oem4f (.const:ti_sysbios_knl_Queue_Object__PARAMS__C)
                  0000fb98    00000014     EK_TM4C1294XL.obj (.const:GPIOTiva_config)
                  0000fbac    00000014     empty_pem4f.oem4f (.const:xdc_runtime_Startup_firstFxns__A)
                  0000fbc0    00000012     ustdlib.obj (.const:.string)
                  0000fbd2    00000002     empty_pem4f.oem4f (.const:ti_sysbios_gates_GateMutex_Module__id__C)
                  0000fbd4    00000010     grlib.lib : context.obj (.const)
                  0000fbe4    00000010     empty_pem4f.oem4f (.const:xdc_runtime_Startup_sfxnRts__A)
                  0000fbf4    00000008     Boot.aem4f : Boot_sysctl.oem4f (.const)
                  0000fbfc    00000008     empty_pem4f.oem4f (.const:ti_sysbios_family_arm_m3_Hwi_excHookFuncs__A)
                  0000fc04    00000008     empty_pem4f.oem4f (.const:ti_sysbios_knl_Idle_funcList__C)
                  0000fc0c    00000008     empty_pem4f.oem4f (.const:xdc_runtime_Startup_firstFxns__C)
                  0000fc14    00000008     empty_pem4f.oem4f (.const:xdc_runtime_Startup_lastFxns__C)
                  0000fc1c    00000004     empty_pem4f.oem4f (.const:ti_catalog_arm_cortexm4_tiva_ce_Boot_A_mustNotUseEnhancedClockMode__C)
                  0000fc20    00000004     empty_pem4f.oem4f (.const:ti_catalog_arm_cortexm4_tiva_ce_Boot_Module__diagsEnabled__C)
                  0000fc24    00000004     empty_pem4f.oem4f (.const:ti_catalog_arm_cortexm4_tiva_ce_Boot_Module__diagsIncluded__C)
                  0000fc28    00000004     empty_pem4f.oem4f (.const:ti_catalog_arm_cortexm4_tiva_ce_Boot_Module__diagsMask__C)
                  0000fc2c    00000004     empty_pem4f.oem4f (.const:ti_sysbios_family_arm_lm4_Timer_enableFunc__C)
                  0000fc30    00000004     empty_pem4f.oem4f (.const:ti_sysbios_family_arm_lm4_Timer_numTimerDevices__C)
                  0000fc34    00000004     empty_pem4f.oem4f (.const:ti_sysbios_family_arm_lm4_Timer_startupNeeded__C)
                  0000fc38    00000004     empty_pem4f.oem4f (.const:ti_sysbios_family_arm_m3_Hwi_E_NMI__C)
                  0000fc3c    00000004     empty_pem4f.oem4f (.const:ti_sysbios_family_arm_m3_Hwi_E_alreadyDefined__C)
                  0000fc40    00000004     empty_pem4f.oem4f (.const:ti_sysbios_family_arm_m3_Hwi_E_busFault__C)
                  0000fc44    00000004     empty_pem4f.oem4f (.const:ti_sysbios_family_arm_m3_Hwi_E_debugMon__C)
                  0000fc48    00000004     empty_pem4f.oem4f (.const:ti_sysbios_family_arm_m3_Hwi_E_hardFault__C)
                  0000fc4c    00000004     empty_pem4f.oem4f (.const:ti_sysbios_family_arm_m3_Hwi_E_memFault__C)
                  0000fc50    00000004     empty_pem4f.oem4f (.const:ti_sysbios_family_arm_m3_Hwi_E_noIsr__C)
                  0000fc54    00000004     empty_pem4f.oem4f (.const:ti_sysbios_family_arm_m3_Hwi_E_reserved__C)
                  0000fc58    00000004     empty_pem4f.oem4f (.const:ti_sysbios_family_arm_m3_Hwi_E_svCall__C)
                  0000fc5c    00000004     empty_pem4f.oem4f (.const:ti_sysbios_family_arm_m3_Hwi_E_usageFault__C)
                  0000fc60    00000004     empty_pem4f.oem4f (.const:ti_sysbios_family_arm_m3_Hwi_NUM_INTERRUPTS__C)
                  0000fc64    00000004     empty_pem4f.oem4f (.const:ti_sysbios_family_arm_m3_Hwi_Object__count__C)
                  0000fc68    00000004     empty_pem4f.oem4f (.const:ti_sysbios_family_arm_m3_Hwi_ccr__C)
                  0000fc6c    00000004     empty_pem4f.oem4f (.const:ti_sysbios_family_arm_m3_Hwi_excHandlerFunc__C)
                  0000fc70    00000004     empty_pem4f.oem4f (.const:ti_sysbios_family_arm_m3_Hwi_excHookFuncs__C)
                  0000fc74    00000004     empty_pem4f.oem4f (.const:ti_sysbios_family_arm_m3_Hwi_nullIsrFunc__C)
                  0000fc78    00000004     empty_pem4f.oem4f (.const:ti_sysbios_family_arm_m3_Hwi_priGroup__C)
                  0000fc7c    00000004     empty_pem4f.oem4f (.const:ti_sysbios_family_arm_m3_TaskSupport_stackAlignment__C)
                  0000fc80    00000004     empty_pem4f.oem4f (.const:ti_sysbios_gates_GateMutex_A_badContext__C)
                  0000fc84    00000004     empty_pem4f.oem4f (.const:ti_sysbios_gates_GateMutex_Instance_State_sem__O)
                  0000fc88    00000004     empty_pem4f.oem4f (.const:ti_sysbios_gates_GateMutex_Module__diagsEnabled__C)
                  0000fc8c    00000004     empty_pem4f.oem4f (.const:ti_sysbios_gates_GateMutex_Module__diagsIncluded__C)
                  0000fc90    00000004     empty_pem4f.oem4f (.const:ti_sysbios_gates_GateMutex_Module__diagsMask__C)
                  0000fc94    00000004     empty_pem4f.oem4f (.const:ti_sysbios_hal_Hwi_E_stackOverflow__C)
                  0000fc98    00000004     empty_pem4f.oem4f (.const:ti_sysbios_heaps_HeapMem_A_align__C)
                  0000fc9c    00000004     empty_pem4f.oem4f (.const:ti_sysbios_heaps_HeapMem_A_heapSize__C)
                  0000fca0    00000004     empty_pem4f.oem4f (.const:ti_sysbios_heaps_HeapMem_A_invalidFree__C)
                  0000fca4    00000004     empty_pem4f.oem4f (.const:ti_sysbios_heaps_HeapMem_A_zeroBlock__C)
                  0000fca8    00000004     empty_pem4f.oem4f (.const:ti_sysbios_heaps_HeapMem_E_memory__C)
                  0000fcac    00000004     empty_pem4f.oem4f (.const:ti_sysbios_heaps_HeapMem_Module__diagsEnabled__C)
                  0000fcb0    00000004     empty_pem4f.oem4f (.const:ti_sysbios_heaps_HeapMem_Module__diagsIncluded__C)
                  0000fcb4    00000004     empty_pem4f.oem4f (.const:ti_sysbios_heaps_HeapMem_Module__diagsMask__C)
                  0000fcb8    00000004     empty_pem4f.oem4f (.const:ti_sysbios_heaps_HeapMem_Module__gateObj__C)
                  0000fcbc    00000004     empty_pem4f.oem4f (.const:ti_sysbios_heaps_HeapMem_Object__count__C)
                  0000fcc0    00000004     empty_pem4f.oem4f (.const:ti_sysbios_heaps_HeapMem_reqAlign__C)
                  0000fcc4    00000004     empty_pem4f.oem4f (.const:ti_sysbios_knl_Clock_Module_State_clockQ__O)
                  0000fcc8    00000004     empty_pem4f.oem4f (.const:ti_sysbios_knl_Event_A_nullEventId__C)
                  0000fccc    00000004     empty_pem4f.oem4f (.const:ti_sysbios_knl_Event_Instance_State_pendQ__O)
                  0000fcd0    00000004     empty_pem4f.oem4f (.const:ti_sysbios_knl_Event_Module__diagsEnabled__C)
                  0000fcd4    00000004     empty_pem4f.oem4f (.const:ti_sysbios_knl_Event_Module__diagsIncluded__C)
                  0000fcd8    00000004     empty_pem4f.oem4f (.const:ti_sysbios_knl_Event_Module__diagsMask__C)
                  0000fcdc    00000004     empty_pem4f.oem4f (.const:ti_sysbios_knl_Idle_funcList__A)
                  0000fce0    00000004     empty_pem4f.oem4f (.const:ti_sysbios_knl_Semaphore_A_badContext__C)
                  0000fce4    00000004     empty_pem4f.oem4f (.const:ti_sysbios_knl_Semaphore_A_overflow__C)
                  0000fce8    00000004     empty_pem4f.oem4f (.const:ti_sysbios_knl_Semaphore_A_pendTaskDisabled__C)
                  0000fcec    00000004     empty_pem4f.oem4f (.const:ti_sysbios_knl_Semaphore_Instance_State_pendQ__O)
                  0000fcf0    00000004     empty_pem4f.oem4f (.const:ti_sysbios_knl_Semaphore_Module__diagsEnabled__C)
                  0000fcf4    00000004     empty_pem4f.oem4f (.const:ti_sysbios_knl_Semaphore_Module__diagsIncluded__C)
                  0000fcf8    00000004     empty_pem4f.oem4f (.const:ti_sysbios_knl_Semaphore_Module__diagsMask__C)
                  0000fcfc    00000004     empty_pem4f.oem4f (.const:ti_sysbios_knl_Semaphore_eventPost__C)
                  0000fd00    00000004     empty_pem4f.oem4f (.const:ti_sysbios_knl_Semaphore_eventSync__C)
                  0000fd04    00000004     empty_pem4f.oem4f (.const:ti_sysbios_knl_Swi_Object__count__C)
                  0000fd08    00000004     empty_pem4f.oem4f (.const:ti_sysbios_knl_Task_A_badPriority__C)
                  0000fd0c    00000004     empty_pem4f.oem4f (.const:ti_sysbios_knl_Task_A_badTaskState__C)
                  0000fd10    00000004     empty_pem4f.oem4f (.const:ti_sysbios_knl_Task_A_badThreadType__C)
                  0000fd14    00000004     empty_pem4f.oem4f (.const:ti_sysbios_knl_Task_A_noPendElem__C)
                  0000fd18    00000004     empty_pem4f.oem4f (.const:ti_sysbios_knl_Task_E_spOutOfBounds__C)
                  0000fd1c    00000004     empty_pem4f.oem4f (.const:ti_sysbios_knl_Task_E_stackOverflow__C)
                  0000fd20    00000004     empty_pem4f.oem4f (.const:ti_sysbios_knl_Task_Module_State_inactiveQ__O)
                  0000fd24    00000004     empty_pem4f.oem4f (.const:ti_sysbios_knl_Task_Module__diagsEnabled__C)
                  0000fd28    00000004     empty_pem4f.oem4f (.const:ti_sysbios_knl_Task_Module__diagsIncluded__C)
                  0000fd2c    00000004     empty_pem4f.oem4f (.const:ti_sysbios_knl_Task_Module__diagsMask__C)
                  0000fd30    00000004     empty_pem4f.oem4f (.const:ti_sysbios_knl_Task_Object__count__C)
                  0000fd34    00000004     empty_pem4f.oem4f (.const:ti_sysbios_knl_Task_allBlockedFunc__C)
                  0000fd38    00000004     empty_pem4f.oem4f (.const:ti_sysbios_knl_Task_defaultStackHeap__C)
                  0000fd3c    00000004     empty_pem4f.oem4f (.const:ti_sysbios_knl_Task_defaultStackSize__C)
                  0000fd40    00000004     empty_pem4f.oem4f (.const:ti_sysbios_knl_Task_numConstructedTasks__C)
                  0000fd44    00000004     ustdlib.obj (.const)
                  0000fd48    00000004     empty_pem4f.oem4f (.const:xdc_runtime_Assert_E_assertFailed__C)
                  0000fd4c    00000004     empty_pem4f.oem4f (.const:xdc_runtime_Core_A_initializedParams__C)
                  0000fd50    00000004     empty_pem4f.oem4f (.const:xdc_runtime_Core_Module__diagsEnabled__C)
                  0000fd54    00000004     empty_pem4f.oem4f (.const:xdc_runtime_Core_Module__diagsIncluded__C)
                  0000fd58    00000004     empty_pem4f.oem4f (.const:xdc_runtime_Core_Module__diagsMask__C)
                  0000fd5c    00000004     empty_pem4f.oem4f (.const:xdc_runtime_Error_E_memory__C)
                  0000fd60    00000004     empty_pem4f.oem4f (.const:xdc_runtime_Error_Module__diagsEnabled__C)
                  0000fd64    00000004     empty_pem4f.oem4f (.const:xdc_runtime_Error_Module__diagsIncluded__C)
                  0000fd68    00000004     empty_pem4f.oem4f (.const:xdc_runtime_Error_Module__diagsMask__C)
                  0000fd6c    00000004     empty_pem4f.oem4f (.const:xdc_runtime_Error_Module__loggerFxn8__C)
                  0000fd70    00000004     empty_pem4f.oem4f (.const:xdc_runtime_Error_Module__loggerObj__C)
                  0000fd74    00000004     empty_pem4f.oem4f (.const:xdc_runtime_Error_policyFxn__C)
                  0000fd78    00000004     empty_pem4f.oem4f (.const:xdc_runtime_Error_raiseHook__C)
                  0000fd7c    00000004     empty_pem4f.oem4f (.const:xdc_runtime_IGateProvider_Interface__BASE__C)
                  0000fd80    00000004     empty_pem4f.oem4f (.const:xdc_runtime_IHeap_Interface__BASE__C)
                  0000fd84    00000004     empty_pem4f.oem4f (.const:xdc_runtime_IModule_Interface__BASE__C)
                  0000fd88    00000004     empty_pem4f.oem4f (.const:xdc_runtime_Log_L_error__C)
                  0000fd8c    00000004     empty_pem4f.oem4f (.const:xdc_runtime_Memory_defaultHeapInstance__C)
                  0000fd90    00000004     empty_pem4f.oem4f (.const:xdc_runtime_Startup_execImpl__C)
                  0000fd94    00000004     empty_pem4f.oem4f (.const:xdc_runtime_Startup_maxPasses__C)
                  0000fd98    00000004     empty_pem4f.oem4f (.const:xdc_runtime_Startup_sfxnRts__C)
                  0000fd9c    00000004     empty_pem4f.oem4f (.const:xdc_runtime_Startup_sfxnTab__C)
                  0000fda0    00000004     empty_pem4f.oem4f (.const:xdc_runtime_SysMin_bufSize__C)
                  0000fda4    00000004     empty_pem4f.oem4f (.const:xdc_runtime_SysMin_outputFunc__C)
                  0000fda8    00000004     empty_pem4f.oem4f (.const:xdc_runtime_System_Module__gateObj__C)
                  0000fdac    00000004     empty_pem4f.oem4f (.const:xdc_runtime_System_abortFxn__C)
                  0000fdb0    00000004     empty_pem4f.oem4f (.const:xdc_runtime_System_exitFxn__C)
                  0000fdb4    00000004     empty_pem4f.oem4f (.const:xdc_runtime_System_extendFxn__C)
                  0000fdb8    00000004     empty_pem4f.oem4f (.const:xdc_runtime_System_maxAtexitHandlers__C)
                  0000fdbc    00000004     empty_pem4f.oem4f (.const:xdc_runtime_Text_charTab__C)
                  0000fdc0    00000004     empty_pem4f.oem4f (.const:xdc_runtime_Text_nameEmpty__C)
                  0000fdc4    00000004     empty_pem4f.oem4f (.const:xdc_runtime_Text_nameStatic__C)
                  0000fdc8    00000004     empty_pem4f.oem4f (.const:xdc_runtime_Text_nameUnknown__C)
                  0000fdcc    00000004     empty_pem4f.oem4f (.const:xdc_runtime_Text_nodeTab__C)
                  0000fdd0    00000004     empty_pem4f.oem4f (.const:xdc_runtime_Text_visitRopeFxn__C)
                  0000fdd4    00000002     empty_pem4f.oem4f (.const:ti_sysbios_hal_Hwi_Module__id__C)
                  0000fdd6    00000002     empty_pem4f.oem4f (.const:ti_sysbios_heaps_HeapMem_Module__id__C)
                  0000fdd8    00000002     empty_pem4f.oem4f (.const:ti_sysbios_knl_Event_Module__id__C)
                  0000fdda    00000002     empty_pem4f.oem4f (.const:ti_sysbios_knl_Semaphore_Module__id__C)
                  0000fddc    00000002     empty_pem4f.oem4f (.const:ti_sysbios_knl_Task_Module__id__C)
                  0000fdde    00000002     empty_pem4f.oem4f (.const:xdc_runtime_Core_Module__id__C)
                  0000fde0    00000002     empty_pem4f.oem4f (.const:xdc_runtime_Error_Module__loggerDefined__C)
                  0000fde2    00000002     empty_pem4f.oem4f (.const:xdc_runtime_Error_maxDepth__C)
                  0000fde4    00000002     empty_pem4f.oem4f (.const:xdc_runtime_Memory_Module__id__C)
                  0000fde6    00000002     empty_pem4f.oem4f (.const:xdc_runtime_SysMin_flushAtExit__C)
                  0000fde8    00000002     empty_pem4f.oem4f (.const:xdc_runtime_Text_charCnt__C)
                  0000fdea    00000002     empty_pem4f.oem4f (.const:xdc_runtime_Text_isLoaded__C)
                  0000fdec    00000002     empty_pem4f.oem4f (.const:xdc_runtime_Text_registryModsLastId__C)
                  0000fdee    00000002     empty_pem4f.oem4f (.const:xdc_runtime_Text_unnamedModsLastId__C)

.cinit     0    0000fdf0    000003d0     
                  0000fdf0    00000398     (.cinit..data.load) [load image, compression = lzss]
                  00010188    0000000c     (__TI_handler_table)
                  00010194    00000004     --HOLE-- [fill = 0]
                  00010198    00000008     (.cinit..bss.load) [load image, compression = zero_init]
                  000101a0    00000008     (.cinit..vecs.load) [load image, compression = zero_init]
                  000101a8    00000018     (__TI_cinit_table)

.init_array 
*          0    00000000    00000000     UNINITIALIZED

.resetVecs 
*          0    00000000    0000003c     
                  00000000    0000003c     empty_pem4f.oem4f (.resetVecs)

.bss       0    20000360    00001708     UNINITIALIZED
                  20000360    00000400     (.common:task0Stack)
                  20000760    00000400     (.common:task1Stack)
                  20000b60    00000400     (.common:ti_sysbios_heaps_HeapMem_Instance_State_0_buf__A)
                  20000f60    00000360     (.common:ti_sysbios_family_arm_m3_Hwi_dispatchTable)
                  200012c0    00000200     empty_pem4f.oem4f (.bss:taskStackSection)
                  200014c0    00000140     grlib.lib : widget.obj (.bss:g_psMQ)
                  20001600    00000120     rtsv7M4_T_le_v4SPD16_eabi.lib : trgmsg.c.obj (.bss:_CIOBUF_)
                  20001720    00000100     (.common:i2cTivaObjects)
                  20001820    00000090     drivers_tivaware.aem4f : GPIOTiva.oem4f (.bss:gpioCallbackInfo)
                  200018b0    00000080     (.common:xdc_runtime_SysMin_Module_State_0_outbuf__A)
                  20001930    00000050     (.common:task0Struct)
                  20001980    00000050     (.common:task1Struct)
                  200019d0    0000002c     (.common:sContext)
                  200019fc    00000020     (.common:g_pui8Dictionary)
                  20001a1c    00000014     (.common:evtStruct)
                  20001a30    00000010     touch.obj (.bss:g_pi16Samples)
                  20001a40    00000008     touch.obj (.bss)
                  20001a48    00000008     (.common:parmbuf)
                  20001a50    00000004     (.common:evtHandle)
                  20001a54    00000004     (.common:g_pi32ParmSet)
                  20001a58    00000004     (.common:g_psGrLibDefaults)
                  20001a5c    00000004     (.common:gpioInterruptVectors)
                  20001a60    00000004     (.common:timeinfo)
                  20001a64    00000002     (.common:g_i16TouchX)
                  20001a66    00000002     (.common:g_i16TouchY)

.data      0    20001a68    00000a74     UNINITIALIZED
                  20001a68    00000080     empty_pem4f.oem4f (.data:ti_sysbios_knl_Swi_Module_State_0_readyQ__A)
                  20001ae8    00000080     empty_pem4f.oem4f (.data:ti_sysbios_knl_Task_Module_State_0_readyQ__A)
                  20001b68    00000050     empty.obj (.data:g_sAccelAddBttn)
                  20001bb8    00000050     empty.obj (.data:g_sAccelSubBttn)
                  20001c08    00000050     empty.obj (.data:g_sCurrentAddBttn)
                  20001c58    00000050     empty.obj (.data:g_sCurrentSubBttn)
                  20001ca8    00000050     empty.obj (.data:g_sSpeedAddBttn)
                  20001cf8    00000050     empty.obj (.data:g_sSpeedSubBttn)
                  20001d48    00000050     empty.obj (.data:g_sStartStopBttn)
                  20001d98    00000050     empty.obj (.data:g_sSwitcher)
                  20001de8    0000004c     empty_pem4f.oem4f (.data:ti_sysbios_knl_Task_Object__table__V)
                  20001e34    00000044     empty_pem4f.oem4f (.data:ti_sysbios_knl_Task_Module__state__V)
                  20001e78    00000040     empty.obj (.data:g_sAccelCanvas)
                  20001eb8    00000040     empty.obj (.data:g_sAccelTitle)
                  20001ef8    00000040     empty.obj (.data:g_sBackground)
                  20001f38    00000040     empty.obj (.data:g_sCurrentCanvas)
                  20001f78    00000040     empty.obj (.data:g_sCurrentTitle)
                  20001fb8    00000040     empty.obj (.data:g_sDate)
                  20001ff8    00000040     empty.obj (.data:g_sDayAlert)
                  20002038    00000040     empty.obj (.data:g_sEstopLight)
                  20002078    00000040     empty.obj (.data:g_sEstopText)
                  200020b8    00000040     empty.obj (.data:g_sLimitTitle)
                  200020f8    00000040     empty.obj (.data:g_sSpeedCanvas)
                  20002138    00000040     empty.obj (.data:g_sSpeedTitle)
                  20002178    00000040     empty_pem4f.oem4f (.data:ti_sysbios_family_arm_lm4_Timer_Module_State_0_device__A)
                  200021b8    00000040     empty_pem4f.oem4f (.data:ti_sysbios_family_arm_lm4_Timer_Object__table__V)
                  200021f8    00000038     empty_pem4f.oem4f (.data:ti_sysbios_gates_GateMutex_Object__table__V)
                  20002230    00000034     empty_pem4f.oem4f (.data:ti_sysbios_family_arm_m3_Hwi_Module__state__V)
                  20002264    00000030     empty_pem4f.oem4f (.data:ti_sysbios_family_arm_m3_Hwi_Object__table__V)
                  20002294    00000030     empty_pem4f.oem4f (.data:ti_sysbios_knl_Swi_Object__table__V)
                  200022c4    0000002d     grlib.lib : widget.obj (.data)
                  200022f1    00000001     --HOLE--
                  200022f2    00000002     empty_pem4f.oem4f (.data:ti_sysbios_family_arm_m3_Hwi_Module_State_0_excActive__A)
                  200022f4    0000002c     empty_pem4f.oem4f (.data:ti_sysbios_knl_Clock_Module__state__V)
                  20002320    00000024     rtsv7M4_T_le_v4SPD16_eabi.lib : localtim.c.obj (.data:local_tm)
                  20002344    00000024     empty_pem4f.oem4f (.data:ti_sysbios_BIOS_Module__state__V)
                  20002368    00000020     empty_pem4f.oem4f (.data:ti_sysbios_family_arm_lm4_Timer_Module_State_0_handles__A)
                  20002388    0000001e     empty.obj (.data:currentTime)
                  200023a6    00000002     empty_pem4f.oem4f (.data:xdc_runtime_Error_Module__state__V)
                  200023a8    0000001c     empty_pem4f.oem4f (.data:ti_sysbios_knl_Swi_Module__state__V)
                  200023c4    00000018     empty_pem4f.oem4f (.data:ti_sysbios_heaps_HeapMem_Object__table__V)
                  200023dc    00000010     rtsv7M4_T_le_v4SPD16_eabi.lib : tmzone.c.obj (.data:_tz)
                  200023ec    00000010     empty.obj (.data)
                  200023fc    00000010     EK_TM4C1294XL.obj (.data:gpioPinConfigs)
                  2000240c    0000000c     empty_pem4f.oem4f (.data:ti_sysbios_family_arm_lm4_Timer_Module__state__V)
                  20002418    0000000c     empty_pem4f.oem4f (.data:xdc_runtime_SysMin_Module__state__V)
                  20002424    0000000a     empty.obj (.data:Acceleration)
                  2000242e    0000000a     empty.obj (.data:Current)
                  20002438    0000000a     empty.obj (.data:Speed)
                  20002442    0000000a     empty.obj (.data:dayNight)
                  2000244c    00000008     rtsv7M4_T_le_v4SPD16_eabi.lib : _lock.c.obj (.data:$O1$$)
                  20002454    00000008     EK_TM4C1294XL.obj (.data:gpioCallbackFunctions)
                  2000245c    00000008     empty_pem4f.oem4f (.data:ti_sysbios_family_arm_m3_Hwi_Module__root__V)
                  20002464    00000008     empty_pem4f.oem4f (.data:ti_sysbios_gates_GateHwi_Module__root__V)
                  2000246c    00000008     empty_pem4f.oem4f (.data:ti_sysbios_gates_GateMutex_Module__root__V)
                  20002474    00000008     empty_pem4f.oem4f (.data:ti_sysbios_heaps_HeapMem_Module__root__V)
                  2000247c    00000008     empty_pem4f.oem4f (.data:ti_sysbios_knl_Queue_Module__root__V)
                  20002484    00000008     empty_pem4f.oem4f (.data:ti_sysbios_knl_Semaphore_Module__root__V)
                  2000248c    00000008     empty_pem4f.oem4f (.data:ti_sysbios_knl_Task_Module__root__V)
                  20002494    00000008     empty_pem4f.oem4f (.data:xdc_runtime_Registry_Module__state__V)
                  2000249c    00000008     empty_pem4f.oem4f (.data:xdc_runtime_Startup_Module__state__V)
                  200024a4    00000008     empty_pem4f.oem4f (.data:xdc_runtime_System_Module_State_0_atexitHandlers__A)
                  200024ac    00000008     empty_pem4f.oem4f (.data:xdc_runtime_System_Module__state__V)
                  200024b4    00000005     drivers_tivaware.aem4f : GPIOTiva.oem4f (.data)
                  200024b9    00000003     --HOLE--
                  200024bc    00000004                            : I2C.oem4f (.data)
                  200024c0    00000004     rtsv7M4_T_le_v4SPD16_eabi.lib : stkdepth_vars.c.obj (.data)
                  200024c4    00000004     empty_pem4f.oem4f (.data:ti_sysbios_family_arm_m3_Hwi_Module_State_0_excContext__A)
                  200024c8    00000004     empty_pem4f.oem4f (.data:ti_sysbios_family_arm_m3_Hwi_Module_State_0_excStack__A)
                  200024cc    00000004     empty_pem4f.oem4f (.data:ti_sysbios_gates_GateHwi_Object__table__V)
                  200024d0    00000004     empty_pem4f.oem4f (.data:ti_sysbios_knl_Task_Module_State_0_idleTask__A)
                  200024d4    00000004     touch.obj (.data)
                  200024d8    00000004     empty_pem4f.oem4f (.data:xdc_runtime_Memory_Module__state__V)

.stack     0    200024e0    00000300     UNINITIALIZED
                  200024e0    00000300     --HOLE--

.bootVecs 
*          0    00000000    00000008     DSECT
                  00000000    00000008     boot.aem4f : boot.oem4f (.bootVecs)

.vecs      0    20000000    00000360     UNINITIALIZED
                  20000000    00000360     empty_pem4f.oem4f (.vecs)

xdc.meta   0    00000000    000000e6     COPY SECTION
                  00000000    000000e6     empty_pem4f.oem4f (xdc.meta)

__llvm_prf_cnts 
*          0    20000000    00000000     UNINITIALIZED

MODULE SUMMARY

       Module                             code    ro data   rw data
       ------                             ----    -------   -------
    .\
       empty.obj                          1920    62        3774   
       EK_TM4C1294XL.obj                  296     80        280    
    +--+----------------------------------+-------+---------+---------+
       Total:                             2216    142       4054   
                                                                   
    .\drivers\
       frame.obj                          632     12507     0      
       Kentec320x240x16_ssd2119_spi.obj   1968    40        0      
       touch.obj                          1280    28        36     
       pinout.obj                         420     0         0      
    +--+----------------------------------+-------+---------+---------+
       Total:                             4300    12575     36     
                                                                   
    .\utils\
       ustdlib.obj                        1218    22        0      
    +--+----------------------------------+-------+---------+---------+
       Total:                             1218    22        0      
                                                                   
    C:\Users\Ben\Downloads\empty_EK_TM4C1294XL_TI\Debug\configPkg\package\cfg\
       empty_pem4f.oem4f                  1790    7893      4424   
    +--+----------------------------------+-------+---------+---------+
       Total:                             1790    7893      4424   
                                                                   
    C:/ti/tirtos_tivac_2_16_00_08/products/TivaWare_C_Series-2.1.1.71b/driverlib/ccs/Debug/driverlib.lib
       gpio.obj                           698     144       0      
       interrupt.obj                      104     112       0      
       timer.obj                          216     0         0      
       adc.obj                            214     0         0      
       i2c.obj                            154     0         0      
       ssi.obj                            106     0         0      
       sysctl.obj                         58      0         0      
    +--+----------------------------------+-------+---------+---------+
       Total:                             1550    256       0      
                                                                   
    C:/ti/tirtos_tivac_2_16_00_08/products/tidrivers_tivac_2_16_00_08/packages/ti/drivers/lib/drivers_tivaware.aem4f
       GPIOTiva.oem4f                     764     156       153    
       I2CTiva.oem4f                      798     28        0      
       I2C.oem4f                          56      0         4      
    +--+----------------------------------+-------+---------+---------+
       Total:                             1618    184       157    
                                                                   
    C:/ti/tivaware_c_series_2_1_4_178/grlib/ccs/Debug/grlib.lib
       fontcmss18b.obj                    0       2122      0      
       fontcmss16b.obj                    0       1938      0      
       image.obj                          1658    0         32     
       string.obj                         1378    0         0      
[...]
0000fa80  ti_sysbios_knl_Queue_Object__DESC__C                                 
0000faa0  ti_sysbios_knl_Semaphore_Object__DESC__C                             
0000fac0  ti_sysbios_knl_Task_Object__DESC__C                                  
0000fae0  xdc_runtime_Startup_sfxnTab__A                                       
0000fb00  I2CTiva_fxnTable                                                     
0000fb1c  g_pi32TouchParameters                                                
0000fb38  i2cTivaHWAttrs                                                       
0000fb50  ti_sysbios_gates_GateHwi_Object__PARAMS__C                           
0000fb68  ti_sysbios_gates_GateMutex_Object__PARAMS__C                         
0000fb80  ti_sysbios_knl_Queue_Object__PARAMS__C                               
0000fb98  GPIOTiva_config                                                      
0000fbac  xdc_runtime_Startup_firstFxns__A                                     
0000fbd2  ti_sysbios_gates_GateMutex_Module__id__C                             
0000fbd4  g_psDefaultCodePointMapTable                                         
0000fbe4  xdc_runtime_Startup_sfxnRts__A                                       
0000fbfc  ti_sysbios_family_arm_m3_Hwi_excHookFuncs__A                         
0000fc04  ti_sysbios_knl_Idle_funcList__C                                      
0000fc0c  xdc_runtime_Startup_firstFxns__C                                     
0000fc14  xdc_runtime_Startup_lastFxns__C                                      
0000fc1c  ti_catalog_arm_cortexm4_tiva_ce_Boot_A_mustNotUseEnhancedClockMode__C
0000fc20  ti_catalog_arm_cortexm4_tiva_ce_Boot_Module__diagsEnabled__C         
0000fc24  ti_catalog_arm_cortexm4_tiva_ce_Boot_Module__diagsIncluded__C        
0000fc28  ti_catalog_arm_cortexm4_tiva_ce_Boot_Module__diagsMask__C            
0000fc2c  ti_sysbios_family_arm_lm4_Timer_enableFunc__C                        
0000fc30  ti_sysbios_family_arm_lm4_Timer_numTimerDevices__C                   
0000fc34  ti_sysbios_family_arm_lm4_Timer_startupNeeded__C                     
0000fc38  ti_sysbios_family_arm_m3_Hwi_E_NMI__C                                
0000fc3c  ti_sysbios_family_arm_m3_Hwi_E_alreadyDefined__C                     
0000fc40  ti_sysbios_family_arm_m3_Hwi_E_busFault__C                           
0000fc44  ti_sysbios_family_arm_m3_Hwi_E_debugMon__C                           
0000fc48  ti_sysbios_family_arm_m3_Hwi_E_hardFault__C                          
0000fc4c  ti_sysbios_family_arm_m3_Hwi_E_memFault__C                           
0000fc50  ti_sysbios_family_arm_m3_Hwi_E_noIsr__C                              
0000fc54  ti_sysbios_family_arm_m3_Hwi_E_reserved__C                           
0000fc58  ti_sysbios_family_arm_m3_Hwi_E_svCall__C                             
0000fc5c  ti_sysbios_family_arm_m3_Hwi_E_usageFault__C                         
0000fc60  ti_sysbios_family_arm_m3_Hwi_NUM_INTERRUPTS__C                       
0000fc64  ti_sysbios_family_arm_m3_Hwi_Object__count__C                        
0000fc68  ti_sysbios_family_arm_m3_Hwi_ccr__C                                  
0000fc6c  ti_sysbios_family_arm_m3_Hwi_excHandlerFunc__C                       
0000fc70  ti_sysbios_family_arm_m3_Hwi_excHookFuncs__C                         
0000fc74  ti_sysbios_family_arm_m3_Hwi_nullIsrFunc__C                          
0000fc78  ti_sysbios_family_arm_m3_Hwi_priGroup__C                             
0000fc7c  ti_sysbios_family_arm_m3_TaskSupport_stackAlignment__C               
0000fc80  ti_sysbios_gates_GateMutex_A_badContext__C                           
0000fc84  ti_sysbios_gates_GateMutex_Instance_State_sem__O                     
0000fc88  ti_sysbios_gates_GateMutex_Module__diagsEnabled__C                   
0000fc8c  ti_sysbios_gates_GateMutex_Module__diagsIncluded__C                  
0000fc90  ti_sysbios_gates_GateMutex_Module__diagsMask__C                      
0000fc94  ti_sysbios_hal_Hwi_E_stackOverflow__C                                
0000fc98  ti_sysbios_heaps_HeapMem_A_align__C                                  
0000fc9c  ti_sysbios_heaps_HeapMem_A_heapSize__C                               
0000fca0  ti_sysbios_heaps_HeapMem_A_invalidFree__C                            
0000fca4  ti_sysbios_heaps_HeapMem_A_zeroBlock__C                              
0000fca8  ti_sysbios_heaps_HeapMem_E_memory__C                                 
0000fcac  ti_sysbios_heaps_HeapMem_Module__diagsEnabled__C                     
0000fcb0  ti_sysbios_heaps_HeapMem_Module__diagsIncluded__C                    
0000fcb4  ti_sysbios_heaps_HeapMem_Module__diagsMask__C                        
0000fcb8  ti_sysbios_heaps_HeapMem_Module__gateObj__C                          
0000fcbc  ti_sysbios_heaps_HeapMem_Object__count__C                            
0000fcc0  ti_sysbios_heaps_HeapMem_reqAlign__C                                 
0000fcc4  ti_sysbios_knl_Clock_Module_State_clockQ__O                          
0000fcc8  ti_sysbios_knl_Event_A_nullEventId__C                                
0000fccc  ti_sysbios_knl_Event_Instance_State_pendQ__O                         
0000fcd0  ti_sysbios_knl_Event_Module__diagsEnabled__C                         
0000fcd4  ti_sysbios_knl_Event_Module__diagsIncluded__C                        
0000fcd8  ti_sysbios_knl_Event_Module__diagsMask__C                            
0000fcdc  ti_sysbios_knl_Idle_funcList__A                                      
0000fce0  ti_sysbios_knl_Semaphore_A_badContext__C                             
0000fce4  ti_sysbios_knl_Semaphore_A_overflow__C                               
0000fce8  ti_sysbios_knl_Semaphore_A_pendTaskDisabled__C                       
0000fcec  ti_sysbios_knl_Semaphore_Instance_State_pendQ__O                     
0000fcf0  ti_sysbios_knl_Semaphore_Module__diagsEnabled__C                     
0000fcf4  ti_sysbios_knl_Semaphore_Module__diagsIncluded__C                    
0000fcf8  ti_sysbios_knl_Semaphore_Module__diagsMask__C                        
0000fcfc  ti_sysbios_knl_Semaphore_eventPost__C                                
0000fd00  ti_sysbios_knl_Semaphore_eventSync__C                                
0000fd04  ti_sysbios_knl_Swi_Object__count__C                                  
0000fd08  ti_sysbios_knl_Task_A_badPriority__C                                 
0000fd0c  ti_sysbios_knl_Task_A_badTaskState__C                                
0000fd10  ti_sysbios_knl_Task_A_badThreadType__C                               
0000fd14  ti_sysbios_knl_Task_A_noPendElem__C                                  
0000fd18  ti_sysbios_knl_Task_E_spOutOfBounds__C                               
0000fd1c  ti_sysbios_knl_Task_E_stackOverflow__C                               
0000fd20  ti_sysbios_knl_Task_Module_State_inactiveQ__O                        
0000fd24  ti_sysbios_knl_Task_Module__diagsEnabled__C                          
0000fd28  ti_sysbios_knl_Task_Module__diagsIncluded__C                         
0000fd2c  ti_sysbios_knl_Task_Module__diagsMask__C                             
0000fd30  ti_sysbios_knl_Task_Object__count__C                                 
0000fd34  ti_sysbios_knl_Task_allBlockedFunc__C                                
0000fd38  ti_sysbios_knl_Task_defaultStackHeap__C                              
0000fd3c  ti_sysbios_knl_Task_defaultStackSize__C                              
0000fd40  ti_sysbios_knl_Task_numConstructedTasks__C                           
0000fd48  xdc_runtime_Assert_E_assertFailed__C                                 
0000fd4c  xdc_runtime_Core_A_initializedParams__C                              
0000fd50  xdc_runtime_Core_Module__diagsEnabled__C                             
0000fd54  xdc_runtime_Core_Module__diagsIncluded__C                            
0000fd58  xdc_runtime_Core_Module__diagsMask__C                                
0000fd5c  xdc_runtime_Error_E_memory__C                                        
0000fd60  xdc_runtime_Error_Module__diagsEnabled__C                            
0000fd64  xdc_runtime_Error_Module__diagsIncluded__C                           
0000fd68  xdc_runtime_Error_Module__diagsMask__C                               
0000fd6c  xdc_runtime_Error_Module__loggerFxn8__C                              
0000fd70  xdc_runtime_Error_Module__loggerObj__C                               
0000fd74  xdc_runtime_Error_policyFxn__C                                       
0000fd78  xdc_runtime_Error_raiseHook__C                                       
0000fd7c  xdc_runtime_IGateProvider_Interface__BASE__C                         
0000fd80  xdc_runtime_IHeap_Interface__BASE__C                                 
0000fd84  xdc_runtime_IModule_Interface__BASE__C                               
0000fd88  xdc_runtime_Log_L_error__C                                           
0000fd8c  xdc_runtime_Memory_defaultHeapInstance__C                            
0000fd90  xdc_runtime_Startup_execImpl__C                                      
0000fd94  xdc_runtime_Startup_maxPasses__C                                     
0000fd98  xdc_runtime_Startup_sfxnRts__C                                       
0000fd9c  xdc_runtime_Startup_sfxnTab__C                                       
0000fda0  xdc_runtime_SysMin_bufSize__C                                        
0000fda4  xdc_runtime_SysMin_outputFunc__C                                     
0000fda8  xdc_runtime_System_Module__gateObj__C                                
0000fdac  xdc_runtime_System_abortFxn__C                                       
0000fdb0  xdc_runtime_System_exitFxn__C                                        
0000fdb4  xdc_runtime_System_extendFxn__C                                      
0000fdb8  xdc_runtime_System_maxAtexitHandlers__C                              
0000fdbc  xdc_runtime_Text_charTab__C                                          
0000fdc0  xdc_runtime_Text_nameEmpty__C                                        
0000fdc4  xdc_runtime_Text_nameStatic__C                                       
0000fdc8  xdc_runtime_Text_nameUnknown__C                                      
0000fdcc  xdc_runtime_Text_nodeTab__C                                          
0000fdd0  xdc_runtime_Text_visitRopeFxn__C                                     
0000fdd4  ti_sysbios_hal_Hwi_Module__id__C                                     
0000fdd6  ti_sysbios_heaps_HeapMem_Module__id__C                               
0000fdd8  ti_sysbios_knl_Event_Module__id__C                                   
0000fdda  ti_sysbios_knl_Semaphore_Module__id__C                               
0000fddc  ti_sysbios_knl_Task_Module__id__C                                    
0000fdde  xdc_runtime_Core_Module__id__C                                       
0000fde0  xdc_runtime_Error_Module__loggerDefined__C                           
0000fde2  xdc_runtime_Error_maxDepth__C                                        
0000fde4  xdc_runtime_Memory_Module__id__C                                     
0000fde6  xdc_runtime_SysMin_flushAtExit__C                                    
0000fde8  xdc_runtime_Text_charCnt__C                                          
0000fdea  xdc_runtime_Text_isLoaded__C                                         
0000fdec  xdc_runtime_Text_registryModsLastId__C                               
0000fdee  xdc_runtime_Text_unnamedModsLastId__C                                
0000fdf0  __TI_static_base__                                                   
00010188  __TI_Handler_Table_Base                                              
00010194  __TI_Handler_Table_Limit                                             
000101a8  __TI_CINIT_Base                                                      
000101c0  __TI_CINIT_Limit                                                     
20000000  __start___llvm_prf_cnts                                              
20000000  __stop___llvm_prf_cnts                                               
20000000  ti_sysbios_family_arm_m3_Hwi_ramVectors                              
20000360  task0Stack                                                           
20000760  task1Stack                                                           
20000b60  ti_sysbios_heaps_HeapMem_Instance_State_0_buf__A                     
20000f60  ti_sysbios_family_arm_m3_Hwi_dispatchTable                           
200012c0  ti_sysbios_knl_Task_Instance_State_0_stack__A                        
20001600  __CIOBUF_                                                            
20001720  i2cTivaObjects                                                       
200018b0  xdc_runtime_SysMin_Module_State_0_outbuf__A                          
20001930  task0Struct                                                          
20001980  task1Struct                                                          
200019d0  sContext                                                             
20001a1c  evtStruct                                                            
20001a48  parmbuf                                                              
20001a50  evtHandle                                                            
20001a54  g_pi32ParmSet                                                        
20001a60  timeinfo                                                             
20001a64  g_i16TouchX                                                          
20001a66  g_i16TouchY                                                          
20001a68  ti_sysbios_knl_Swi_Module_State_0_readyQ__A                          
20001ae8  ti_sysbios_knl_Task_Module_State_0_readyQ__A                         
20001b68  g_sAccelAddBttn                                                      
20001bb8  g_sAccelSubBttn                                                      
20001c08  g_sCurrentAddBttn                                                    
20001c58  g_sCurrentSubBttn                                                    
20001ca8  g_sSpeedAddBttn                                                      
20001cf8  g_sSpeedSubBttn                                                      
20001d48  g_sStartStopBttn                                                     
20001d98  g_sSwitcher                                                          
20001de8  ti_sysbios_knl_Task_Object__table__V                                 
20001e34  ti_sysbios_knl_Task_Module__state__V                                 
20001e78  g_sAccelCanvas                                                       
20001eb8  g_sAccelTitle                                                        
20001ef8  g_sBackground                                                        
20001f38  g_sCurrentCanvas                                                     
20001f78  g_sCurrentTitle                                                      
20001fb8  g_sDate                                                              
20001ff8  g_sDayAlert                                                          
20002038  g_sEstopLight                                                        
20002078  g_sEstopText                                                         
200020b8  g_sLimitTitle                                                        
200020f8  g_sSpeedCanvas                                                       
20002138  g_sSpeedTitle                                                        
20002178  ti_sysbios_family_arm_lm4_Timer_Module_State_0_device__A             
200021b8  ti_sysbios_family_arm_lm4_Timer_Object__table__V                     
200021f8  ti_sysbios_gates_GateMutex_Object__table__V                          
20002230  ti_sysbios_family_arm_m3_Hwi_Module__state__V                        
20002264  ti_sysbios_family_arm_m3_Hwi_Object__table__V                        
20002294  ti_sysbios_knl_Swi_Object__table__V                                  
200022c4  g_sRoot                                                              
200022f2  ti_sysbios_family_arm_m3_Hwi_Module_State_0_excActive__A             
200022f4  ti_sysbios_knl_Clock_Module__state__V                                
20002344  ti_sysbios_BIOS_Module__state__V                                     
20002368  ti_sysbios_family_arm_lm4_Timer_Module_State_0_handles__A            
200023a6  xdc_runtime_Error_Module__state__V                                   
200023a8  ti_sysbios_knl_Swi_Module__state__V                                  
200023c4  ti_sysbios_heaps_HeapMem_Object__table__V                            
200023dc  _tz                                                                  
200023ec  motorStartStop                                                       
200023ed  eStop                                                                
200023ee  tabNo                                                                
200023f0  SPEED_USER_LIMIT                                                     
200023f2  CURRENT_USER_LIMIT                                                   
200023f4  ACCEL_USER_LIMIT                                                     
200023f8  clockTicks                                                           
200023fc  gpioPinConfigs                                                       
2000240c  ti_sysbios_family_arm_lm4_Timer_Module__state__V                     
20002418  xdc_runtime_SysMin_Module__state__V                                  
2000244c  _lock                                                                
20002450  _unlock                                                              
20002454  gpioCallbackFunctions                                                
2000245c  ti_sysbios_family_arm_m3_Hwi_Module__root__V                         
20002464  ti_sysbios_gates_GateHwi_Module__root__V                             
2000246c  ti_sysbios_gates_GateMutex_Module__root__V                           
20002474  ti_sysbios_heaps_HeapMem_Module__root__V                             
2000247c  ti_sysbios_knl_Queue_Module__root__V                                 
20002484  ti_sysbios_knl_Semaphore_Module__root__V                             
2000248c  ti_sysbios_knl_Task_Module__root__V                                  
20002494  xdc_runtime_Registry_Module__state__V                                
2000249c  xdc_runtime_Startup_Module__state__V                                 
200024a4  xdc_runtime_System_Module_State_0_atexitHandlers__A                  
200024ac  xdc_runtime_System_Module__state__V                                  
200024c0  main_func_sp                                                         
200024c4  ti_sysbios_family_arm_m3_Hwi_Module_State_0_excContext__A            
200024c8  ti_sysbios_family_arm_m3_Hwi_Module_State_0_excStack__A              
200024cc  ti_sysbios_gates_GateHwi_Object__table__V                            
200024d0  ti_sysbios_knl_Task_Module_State_0_idleTask__A                       
200024d4  g_i16TouchMin                                                        
200024d8  xdc_runtime_Memory_Module__state__V                                  
200024e0  __stack                                                              
200027e0  __STACK_END                                                          
e000e000  ti_sysbios_family_arm_m3_Hwi_nvic                                    
ffffffff  __TI_pprof_out_hndl                                                  
ffffffff  __TI_prof_data_size                                                  
ffffffff  __TI_prof_data_start                                                 
ffffffff  __binit__                                                            
ffffffff  __c_args__                                                           
ffffffff  binit                                                                
UNDEFED   SHT$$INIT_ARRAY$$Base                                                
UNDEFED   SHT$$INIT_ARRAY$$Limit                                               

[702 symbols]
